Planet 4 Coords:
0,7.007342251547718E-10,2.8028023637802233E-09,6.305801613312539E-09,1.1209062327650611E-08,1.7511649458910465E-08,2.5212363991571554E-08,3.4309744369033043E-08,4.4802067912654156E-08,5.668735223340744E-08,6.996335663632695E-08,8.462758351798555E-08,1.0067727975728629E-07,1.1810943809990223E-07,1.369207985367475E-07,1.5710784967690973E-07,1.7866683011551974E-07,2.015937297970791E-07,2.2588429137481053E-07,2.515340115666385E-07,2.7853814250844867E-07,3.068916931053159E-07,3.3658943038143076E-07,3.6762588082949074E-07,3.9999533176036383E-07,4.336918326538646E-07,4.687091965115215E-07,5.050410012122491E-07,5.426805908718694E-07,5.816210772074642E-07,6.218553409075677E-07,6.633760330092448E-07,7.061755762831252E-07,7.502461666274969E-07,7.955797744725898E-07,8.421681461962071E-07,8.900028055518888E-07,9.39075055110819E-07,9.893759777187106E-07,1.0408964379689273E-06,1.0936270836931236E-06,1.1475583474707075E-06,1.2026804481584502E-06,1.258983392441585E-06,1.3164569764077625E-06,1.3750907871452392E-06,1.434874204366698E-06,1.4957964020601167E-06,1.5578463501681087E-06,1.6210128162971774E-06,1.6852843674583415E-06,1.750649371840589E-06,1.8170960006186394E-06,1.8846122297964955E-06,1.9531858420882705E-06,2.022804428837789E-06,2.0934553919784645E-06,2.1651259460349474E-06,2.2378031201680546E-06,2.3114737602644834E-06,2.3861245310728085E-06,2.4617419183872646E-06,2.538312231280805E-06,2.6158216043889275E-06,2.694256000245739E-06,2.7736012116737354E-06,2.8538428642287444E-06,2.934966418701475E-06,3.0169571736771025E-06,3.0998002681542884E-06,3.1834806842250252E-06,3.2679832498166677E-06,3.3532926414974896E-06,3.4393933873470738E-06,3.5262698698928196E-06,3.6139063291138114E-06,3.7022868655132687E-06,3.791395443260749E-06,3.881215893405239E-06,3.971731917160239E-06,4.062927089261876E-06,4.154784861401057E-06,4.247288565730609E-06,4.340421418448315E-06,4.43416652345666E-06,4.52850687610011E-06,4.623425366980609E-06,4.7189047858519726E-06,4.814927825593763E-06,4.911477086265152E-06,5.008535079239238E-06,5.106084231418169E-06,5.204106889529368E-06,5.302585324503068E-06,5.40150173593128E-06,5.500838256608222E-06,5.600576957152168E-06,5.700699850708549E-06,5.801188897734067E-06,5.902026010861485E-06,6.003193059844638E-06,6.1046718765831096E-06,6.206444260225928E-06,6.308491982353502E-06,6.410796792236932E-06,6.513340422173685E-06,6.61610459289855E-06,6.719071019068617E-06,6.822221414820963E-06,6.925537499401547E-06,7.029001002863758E-06,7.132593671834862E-06,7.2362972753485355E-06,7.3400936107415025E-06,7.443964509612179E-06,7.547891843839094E-06,7.651857531656758E-06,7.755843543786442E-06,7.85983190961932E-06,7.963804723449155E-06,8.067744150751732E-06,8.171632434507965E-06,8.275451901567591E-06,8.37918496905018E-06,8.48281415078008E-06,8.586322063751773E-06,8.68969143462205E-06,8.7929051062252E-06,8.895946044107402E-06,8.998797343076312E-06,9.10144223376172E-06,9.203864089183155E-06,9.306046431320034E-06,9.40797293768002E-06,9.509627447861053E-06,9.610993970102448E-06,9.712056687820395E-06,9.812799966123079E-06,9.91320835830056E-06,1.001326661228454E-05,1.0112959677072985E-05,1.021227270911456E-05,1.0311191078647828E-05,1.0409700375989997E-05,1.0507786417770095E-05,1.0605435253101313E-05,1.0702633169687266E-05,1.0799366699856962E-05,1.0895622626523132E-05,1.0991387989058706E-05,1.1086650089086124E-05,1.1181396496174243E-05,1.1275615053437598E-05,1.1369293883032802E-05,1.1462421391546924E-05,1.1554986275272722E-05,1.1646977525365656E-05,1.173838443287769E-05,1.182919659366293E-05,1.1919403913150282E-05,1.2008996610978311E-05,1.209796522548772E-05,1.218630061806681E-05,1.2273993977345528E-05,1.2361036823233774E-05,1.2447421010799754E-05,1.2533138733984379E-05,1.261818252914774E-05,1.2702545278443967E-05,1.2786220213020844E-05,1.286920091604077E-05,1.2951481325519823E-05,1.3033055736981854E-05,1.3113918805924728E-05,1.3194065550096016E-05,1.3273491351575675E-05,1.3352191958663393E-05,1.3430163487568544E-05,1.350740242390086E-05,1.3583905623960204E-05,1.3659670315823951E-05,1.3734694100230824E-05,1.3808974951260153E-05,1.3882511216805796E-05,1.3955301618844222E-05,1.4027345253496405E-05,1.4098641590883465E-05,1.416919047477622E-05,1.4238992122039023E-05,1.4308047121868477E-05,1.4376356434827899E-05,1.444392139167856E-05,1.4510743692009003E-05,1.4576825402663968E-05,1.4642168955974606E-05,1.4706777147791947E-05,1.4770653135325789E-05,1.4833800434791331E-05,1.4896222918866127E-05,1.4957924813960126E-05,1.5018910697301734E-05,1.5079185493843024E-05,1.5138754472987434E-05,1.519762324514341E-05,1.5255797758107668E-05,1.5313284293281872E-05,1.5370089461726716E-05,1.542622020005749E-05,1.5481683766185392E-05,1.553648773490898E-05,1.5590639993360243E-05,1.5644148736309884E-05,1.569702246133658E-05,1.574926996386499E-05,1.580090033207744E-05,1.5851922941704244E-05,1.5902347450697744E-05,1.5952183793795137E-05,1.6001442176975304E-05,1.605013307181485E-05,1.6098267209748554E-05,1.6145855576239605E-05,1.6192909404864822E-05,1.623944017132025E-05,1.6285459587352395E-05,1.6330979594620465E-05,1.637601235849487E-05,1.6420570261797265E-05,1.6464665898487457E-05,1.650831206730231E-05,1.6551521765351886E-05,1.659430818167795E-05,1.663668469077989E-05,1.6678664846113112E-05,1.6720262373564836E-05,1.676149116491218E-05,1.6802365271267334E-05,1.684289889651458E-05,1.688310639074371E-05,1.6923002243684483E-05,1.6962601078146486E-05,1.7001917643468786E-05,1.7040966808983616E-05,1.7079763557498167E-05,1.7118322978798597E-05,1.715666026318009E-05,1.7194790695006796E-05,1.7232729646305276E-05,1.7270492570395085E-05,1.7308094995559807E-05,1.7345552518761955E-05,1.7382880799404825E-05,1.742009555314441E-05,1.7457212545754274E-05,1.7494247587046167E-05,1.7531216524849095E-05,1.7568135239049318E-05,1.760501963569375E-05,1.7641885641158994E-05,1.7678749196388205E-05,1.7715626251197786E-05,1.7752532758655848E-05,1.778948466953418E-05,1.7826497926835422E-05,1.7863588460396983E-05,1.7900772181573062E-05,1.793806497799619E-05,1.7975482708419317E-05,1.801304119763972E-05,1.8050756231505475E-05,1.8088643552005553E-05,1.8126718852444112E-05,1.8164997772699767E-05,1.820349589457028E-05,1.8242228737203172E-05,1.8281211752612593E-05,1.8320460321282683E-05,1.8359989747857604E-05,1.8399815256918324E-05,1.8439951988846143E-05,1.8480414995772856E-05,1.852121923761741E-05,1.856237957820878E-05,1.8603910781494776E-05,1.864582750783637E-05,1.868814431038713E-05,1.8730875631557163E-05,1.8774035799561066E-05,1.8817639025049245E-05,1.886169939782184E-05,1.890623088362457E-05,1.8951247321025708E-05,1.8996762418373293E-05,1.9042789750831756E-05,1.9089342757496996E-05,1.9136434738588927E-05,1.918407885272055E-05,1.923228811424247E-05,1.9281075390661782E-05,1.933045340013429E-05,1.9380434709028883E-05,1.943103172956295E-05,1.9482256717507662E-05,1.9534121769961935E-05,1.9586638823193893E-05,1.963981965054858E-05,1.9693675860420722E-05,1.974821889429128E-05,1.9803460024826575E-05,1.985941035403867E-05,1.991608081150584E-05,1.9973482152651768E-05,2.0031624957082282E-05,2.0090519626978306E-05,2.0150176385543817E-05,2.0210605275507498E-05,2.0271816157676862E-05,2.0333818709543587E-05,2.0396622423938822E-05,2.046023660773722E-05,2.052467038060849E-05,2.0589932673815236E-05,2.0656032229055894E-05,2.072297759735159E-05,2.079077713797571E-05,2.0859439017425056E-05,2.0928971208431433E-05,2.0999381489012553E-05,2.1070677441561127E-05,2.1142866451971066E-05,2.1215955708799737E-05,2.128995220246522E-05,2.1364862724477507E-05,2.1440693866702676E-05,2.1517452020659046E-05,2.159514337684435E-05,2.1673773924092964E-05,2.175334944896233E-05,2.1833875535147636E-05,2.1915357562923907E-05,2.199780070861466E-05,2.2081209944086354E-05,2.216559003626775E-05,2.225094554669353E-05,2.2337280831071352E-05,2.2424600038871703E-05,2.251290711293981E-05,2.2602205789128998E-05,2.2692499595954842E-05,2.2783791854269552E-05,2.2876085676955977E-05,2.296938396864072E-05,2.3063689425425836E-05,2.315900453463865E-05,2.32553315745992E-05,2.3352672614404958E-05,2.3451029513732312E-05,2.3550403922654584E-05,2.365079728147613E-05,2.3752210820582277E-05,2.385464556030481E-05,2.3958102310802727E-05,2.4062581671958125E-05,2.4168084033286914E-05,2.42746095738643E-05,2.438215826226484E-05,2.449072985651704E-05,2.4600323904072354E-05,2.4710939741788562E-05,2.482257649592759E-05,2.493523308216767E-05,2.5048908205630016E-05,2.5163600360919994E-05,2.527930783218295E-05,2.5396028693174863E-05,2.551376080734789E-05,2.563250182795113E-05,2.575224919814677E-05,2.5873000151141843E-05,2.599475171033597E-05,2.611750068948533E-05,2.624124369288326E-05,2.6365977115557823E-05,2.649169714348679E-05,2.6618399753830398E-05,2.67460807151825E-05,2.6874735587840392E-05,2.700435972409403E-05,2.7134948268535077E-05,2.72664961583864E-05,2.7398998123852623E-05,2.7532448688492353E-05,2.766684216961278E-05,2.7802172678687287E-05,2.7938434121796846E-05,2.807562020009592E-05,2.8213724410303613E-05,2.8352740045220937E-05,2.849266019427494E-05,2.8633477744090607E-05,2.877518537909137E-05,2.8917775582129134E-05,2.9061240635144787E-05,2.9205572619860043E-05,2.935076341850168E-05,2.949680471455914E-05,2.964368799357646E-05,2.979140454397966E-05,2.9939945457940527E-05,3.0089301632278E-05,3.0239463769398125E-05,3.039042237827381E-05,3.054216777546543E-05,3.0694690086183456E-05,3.0847979245394263E-05,3.100202499897035E-05,3.115681690488609E-05,3.1312344334460224E-05,3.146859647364639E-05,3.162556232437284E-05,3.178323070593259E-05,3.194159025642529E-05,3.2100629434252015E-05,3.226033651966429E-05,3.242069961636856E-05,3.258170665318738E-05,3.2743345385778606E-05,3.2905603398413867E-05,3.3068468105817484E-05,3.3231926755067274E-05,3.339596642755826E-05,3.356057404103073E-05,3.3725736351663787E-05,3.389143995623559E-05,3.4057671294351584E-05,3.4224416650741824E-05,3.4391662157628584E-05,3.4559393797165496E-05,3.472759740394921E-05,3.489625866760475E-05,3.5065363135445776E-05,3.523489621521048E-05,3.540484317787451E-05,3.557518916054164E-05,3.574591916941326E-05,3.591701808283755E-05,3.608847065443923E-05,3.626026151633064E-05,3.643237518240509E-05,3.6604796051712955E-05,3.677750841192139E-05,3.695049644285822E-05,3.712374422014047E-05,3.7297235718888147E-05,3.747095481752369E-05,3.76448853016573E-05,3.781901086805861E-05,3.7993315128714824E-05,3.816778161497551E-05,3.8342393781783975E-05,3.8517135011995376E-05,3.8691988620781294E-05,3.886693786012071E-05,3.904196592337695E-05,3.9217055949960276E-05,3.9392191030075715E-05,3.956735420955537E-05,3.974252849477468E-05,3.991769685765173E-05,4.0092842240728835E-05,4.0267947562335216E-05,4.04429957218298E-05,4.061796960492284E-05,4.079285208907502E-05,4.096762604897256E-05,4.114227436207672E-05,4.1316779914246055E-05,4.1491125605429527E-05,4.1665294355428515E-05,4.183926910972569E-05,4.201303284537849E-05,4.218656857697488E-05,4.235985936264898E-05,4.253288831015383E-05,4.2705638582988794E-05,4.2878093406578484E-05,4.30502360745005E-05,4.322204995475867E-05,4.339351849609866E-05,4.3564625234362613E-05,4.373535379887929E-05,4.390568791888615E-05,4.407561142997961E-05,4.4245108280589675E-05,4.4414162538475035E-05,4.4582758397234445E-05,4.475088018283028E-05,4.4918512360120035E-05,4.508563953939127E-05,4.5252246482895624E-05,4.541831811137724E-05,4.5583839510590934E-05,4.574879593780551E-05,4.5913172828287054E-05,4.6076955801757725E-05,4.6240130668824656E-05,4.6402683437374226E-05,4.656460031892642E-05,4.6725867734944206E-05,4.688647232309272E-05,4.7046400943442994E-05,4.720564068461506E-05,4.7364178869854945E-05,4.7522003063040486E-05,4.767910107461051E-05,4.7835460967412074E-05,4.799107106246053E-05,4.8145919944607065E-05,4.829999646810844E-05,4.845328976209379E-05,4.8605789235923183E-05,4.8757484584432843E-05,4.890836579306197E-05,4.905842314285614E-05,4.9207647215342224E-05,4.9356028897270244E-05,4.950355938521701E-05,4.965023019004726E-05,4.979603314122748E-05,4.994096039098802E-05,5.008500441832933E-05,5.022815803286789E-05,5.0370414378518024E-05,5.051176693700557E-05,5.065220953120971E-05,5.0791736328329305E-05,5.093034184287054E-05,5.10680209394524E-05,5.120476883542707E-05,5.13405811033124E-05,5.1475453673033694E-05,5.160938283397244E-05,5.174236523681972E-05,5.187439789523208E-05,5.2005478187288385E-05,5.2135603856745546E-05,5.226477301409218E-05,5.2392984137398726E-05,5.252023607296316E-05,5.264652803575159E-05,5.2771859609633244E-05,5.2896230747409485E-05,5.301964177063693E-05,5.314209336924478E-05,5.3263586600946896E-05,5.3384122890449027E-05,5.350370402845235E-05,5.3622332170454265E-05,5.374000983534776E-05,5.3856739903820945E-05,5.397252561655855E-05,5.408737057224722E-05,5.420127872538694E-05,5.431425438391098E-05,5.442630220661677E-05,5.453742720041079E-05,5.4647634717370134E-05,5.4756930451624184E-05,5.486532043605961E-05,5.497281103885216E-05,5.507940895982907E-05,5.518512122666578E-05,5.528995519092107E-05,5.5393918523914666E-05,5.549701921245163E-05,5.55992655543979E-05,5.5700666154111506E-05,5.5801229917734153E-05,5.5900966048347766E-05,5.599988404100099E-05,5.609799367761039E-05,5.6195305021741514E-05,5.629182841327473E-05,5.6387574462961054E-05,5.6482554046873076E-05,5.6576778300756344E-05,5.667025861428618E-05,5.6763006625235576E-05,5.6855034213559114E-05,5.6946353495398494E-05,5.7036976817014815E-05,5.7126916748653E-05,5.721618607834363E-05,5.730479780564739E-05,5.739276513534761E-05,5.7480101471095766E-05,5.7566820409015406E-05,5.765293573126942E-05,5.7738461399595893E-05,5.782341154881739E-05,5.790780048032865E-05,5.799164265556764E-05,5.8074952689474625E-05,5.815774534394401E-05,5.824003552127362E-05,5.832183825761581E-05,5.840316871643495E-05,5.848404218197551E-05,5.8564474052745006E-05,5.8644479835015955E-05,5.872407513635068E-05,5.880327565915304E-05,5.8882097194250664E-05,5.896055561451151E-05,5.903866686849809E-05,5.911644697416289E-05,5.9193912012588206E-05,5.927107812177351E-05,5.934796149047348E-05,5.942457835208943E-05,5.9500944978617054E-05,5.957707767465296E-05,5.965299277146274E-05,5.9728706621112644E-05,5.9804235590667416E-05,5.9879596056456214E-05,5.995480439840868E-05,6.00298769944631E-05,6.01048302150483E-05,6.0179680417640946E-05,6.0254443941399846E-05,6.032913710187848E-05,6.04037761858172E-05,6.047837744601616E-05,6.0552957096290004E-05,6.062753130650542E-05,6.0702116197702104E-05,6.0776727837298165E-05,6.085138223438035E-05,6.092609533507975E-05,6.100088301803331E-05,6.107576108993162E-05,6.115074528115298E-05,6.122585124148419E-05,6.130109453592777E-05,6.137649064059593E-05,6.145205493869097E-05,6.152780271657189E-05,6.160374915990716E-05,6.167990934991314E-05,6.175629825967773E-05,6.1832930750569E-05,6.190982156872792E-05,6.1986985341645E-05,6.206443657481984E-05,6.214218964850307E-05,6.222025881451986E-05,6.229865819317433E-05,6.237740177023368E-05,6.245650339399158E-05,6.253597677240957E-05,6.261583547033556E-05,6.269609290679844E-05,6.277676235237795E-05,6.285785692664826E-05,6.293938959569478E-05,6.302137316970243E-05,6.310382030061485E-05,6.318674347986281E-05,6.327015503616108E-05,6.335406713337228E-05,6.343849176843663E-05,6.352344076936618E-05,6.36089257933027E-05,6.369495832463737E-05,6.37815496731916E-05,6.386871097245728E-05,6.39564531778955E-05,6.404478706529224E-05,6.413372322917001E-05,6.422327208125386E-05,6.431344384899088E-05,6.440424857412155E-05,6.449569611130201E-05,6.458779612677579E-05,6.468055809709391E-05,6.477399130788204E-05,6.486810485265353E-05,6.496290763166714E-05,6.505840835082825E-05,6.515461552063238E-05,6.525153745514995E-05,6.534918227105097E-05,6.544755788666868E-05,6.554667202110104E-05,6.564653219334881E-05,6.574714572148951E-05,6.584851972188568E-05,6.595066110842705E-05,6.605357659180504E-05,6.615727267881897E-05,6.626175567171305E-05,6.636703166754274E-05,6.647310655757032E-05,6.657998602668807E-05,6.668767555286871E-05,6.679618040664195E-05,6.690550565059655E-05,6.701565613890691E-05,6.71266365168837E-05,6.723845122054745E-05,6.735110447622476E-05,6.74646003001662E-05,6.757894249818533E-05,6.769413466531828E-05,6.781018018550321E-05,6.792708223127916E-05,6.804484376350363E-05,6.816346753108865E-05,6.828295607075446E-05,6.840331170680078E-05,6.852453655089494E-05,6.864663250187659E-05,6.876960124557873E-05,6.889344425466447E-05,6.901816278847951E-05,6.91437578929199E-05,6.927023040031484E-05,6.939758092932434E-05,6.95258098848516E-05,6.965491745796995E-05,6.978490362586406E-05,6.991576815178552E-05,7.004751058502279E-05,7.018013026088516E-05,7.031362630070104E-05,7.04479976118305E-05,7.0583242887692E-05,7.07193606078036E-05,7.085634903783863E-05,7.099420622969606E-05,7.113293002158548E-05,7.127251803812743E-05,7.141296769046872E-05,7.15542761764134E-05,7.169644048056957E-05,7.183945737451221E-05,7.198332341696269E-05,7.212803495398503E-05,7.227358811919948E-05,7.241997883401387E-05,7.256720280787322E-05,7.27152555385279E-05,7.286413231232119E-05,7.301382820449655E-05,7.31643380795253E-05,7.331565659145528E-05,7.346777818428114E-05,7.362069709233696E-05,7.377440734071185E-05,7.392890274568925E-05,7.408417691521074E-05,7.424022324936511E-05,7.43970349409034E-05,7.455460497578096E-05,7.471292613372705E-05,7.48719909888433E-05,7.503179191023137E-05,7.519232106265142E-05,7.535357040721167E-05,7.551553170209046E-05,7.567819650329167E-05,7.584155616543449E-05,7.600560184257865E-05,7.617032448908611E-05,7.633571486052027E-05,7.650176351458392E-05,7.666846081209685E-05,7.683579691801453E-05,7.70037618024887E-05,7.717234524197123E-05,7.734153682036243E-05,7.751132593020495E-05,7.76817017739244E-05,7.785265336511811E-05,7.802416952989305E-05,7.819623890825438E-05,7.836884995554553E-05,7.854199094394145E-05,7.871564996399604E-05,7.888981492624503E-05,7.906447356286576E-05,7.923961342939486E-05,7.94152219065053E-05,7.959128620184393E-05,7.976779335193094E-05,7.994473022412222E-05,8.01220835186362E-05,8.029983977064598E-05,8.047798535243843E-05,8.065650647564117E-05,8.083538919351855E-05,8.101461940333816E-05,8.119418284880861E-05,8.137406512258999E-05,8.155425166887798E-05,8.173472778606271E-05,8.191547862946342E-05,8.209648921413994E-05,8.227774441778196E-05,8.2459228983677E-05,8.264092752375796E-05,8.28228245217313E-05,8.30049043362863E-05,8.318715120438647E-05,8.336954924464377E-05,8.355208246077608E-05,8.373473474514885E-05,8.391748988240107E-05,8.410033155315659E-05,8.428324333782043E-05,8.44662087204613E-05,8.46492110927798E-05,8.483223375816302E-05,8.501525993582553E-05,8.519827276503656E-05,8.538125530943362E-05,8.556419056142236E-05,8.574706144666236E-05,8.592985082863847E-05,8.611254151331751E-05,8.62951162538897E-05,8.647755775559417E-05,8.665984868062782E-05,8.684197165313694E-05,8.702390926429034E-05,8.72056440774331E-05,8.738715863331999E-05,8.756843545542692E-05,8.774945705533927E-05,8.793020593821558E-05,8.811066460832501E-05,8.829081557465668E-05,8.847064135659919E-05,8.865012448968825E-05,8.882924753142037E-05,8.900799306713023E-05,8.918634371592959E-05,8.936428213670494E-05,8.954179103417164E-05,8.971885316498144E-05,8.989545134388076E-05,9.007156844991656E-05,9.024718743268675E-05,9.04222913186319E-05,9.05968632173648E-05,9.077088632803438E-05,9.094434394572038E-05,9.111721946785502E-05,9.128949640066784E-05,9.146115836564958E-05,9.163218910603127E-05,9.180257249327396E-05,9.197229253356526E-05,9.21413333743178E-05,9.230967931066535E-05,9.247731479195208E-05,9.264422442821008E-05,9.281039299662035E-05,9.297580544795267E-05,9.314044691297914E-05,9.330430270885645E-05,9.3467358345472E-05,9.362959953174854E-05,9.379101218190224E-05,9.395158242164899E-05,9.411129659435381E-05,9.427014126711772E-05,9.442810323679724E-05,9.4585169535951E-05,9.47413274387079E-05,9.48965644665521E-05,9.505086839401885E-05,9.520422725429643E-05,9.535662934472862E-05,9.550806323221255E-05,9.565851775848684E-05,9.580798204530468E-05,9.595644549948709E-05,9.610389781785105E-05,9.625032899200774E-05,9.639572931302603E-05,9.654008937595635E-05,9.668340008421058E-05,9.682565265379301E-05,9.696683861737837E-05,9.710694982823232E-05,9.72459784639704E-05,9.738391703015147E-05,9.752075836370154E-05,9.765649563616468E-05,9.7791122356777E-05,9.792463237536073E-05,9.8057019885035E-05,9.818827942474024E-05,9.83184058815737E-05,9.844739449293311E-05,9.857524084846622E-05,9.870194089182412E-05,9.882749092221595E-05,9.895188759576373E-05,9.907512792665525E-05,9.919720928809404E-05,9.931812941304491E-05,9.943788639477463E-05,9.955647868718648E-05,9.967390510494884E-05,9.979016482341709E-05,9.990525737834907E-05,0.00010001918266541442,0.00010013194093949789,0.00010024353281379782,0.0001003539592587204,0.00010046322160057076,0.00010057132152004261,0.0001006782610505078,0.00010078404257610753,0.00010088866882964741,0.00010099214289029858,0.00010109446818110718,0.00010119564846631504,0.00010129568784849408,0.00010139459076549787,0.00010149236198723318,0.00010158900661225509,0.0001016845300641892,0.00010177893808798461,0.00010187223674600158,0.00010196443241393782,0.0001020555317765977,0.0001021455418235086,0.0001022344698443888,0.00010232232342447149,0.00010240911043968962,0.00010249483905172622,0.00010257951770293505,0.00010266315511113675,0.00010274576026429505,0.00010282734241507866,0.0001029079110753135,0.00010298747601033072,0.00010306604723321573,0.0001031436349989634,0.00010322024979854481,0.0001032959023528908,0.0001033706036067977,0.00010344436472276049,0.00010351719707473876,0.00010358911224186072,0.00010366012200207052,0.00010373023832572432,0.00010379947336913999,0.00010386783946810583,0.00010393534913135345,0.00010400201503399972,0.00010406785001096293,0.00010413286705035797,0.00010419707928687549,0.00010426049999514982,0.0001043231425831202,0.00010438502058539005,0.00010444614765658892,0.00010450653756474113,0.00010456620418464588,0.00010462516149127269,0.00010468342355317645,0.00010474100452593603,0.00010479791864562033,0.00010485418022228539,0.00010490980363350643,0.0001049648033179482,0.00010501919376897704,0.00010507298952831786,0.0001051262051797594,0.00010517885534291054,0.00010523095466701068,0.00010528251782479693,0.00010533355950643076,0.00010538409441348668,0.00010543413725300511,0.00010548370273161199,0.00010553280554970713,0.00010558146039572324,0.00010562968194045768,0.00010567748483147851,0.00010572488368760674,0.00010577189309347605,0.00010581852759417155,0.00010586480168994878,0.00010591072983103418,0.00010595632641250826
0,2.5886396088376373E-10,1.0449295904890768E-09,2.3723635007058987E-09,4.2552725431567835E-09,6.707702591790399E-09,9.74363730162259E-09,1.3376996842941719E-08,1.7621636610324204E-08,2.2491345905834898E-08,2.799984659581511E-08,3.4160791740688954E-08,4.098776419724589E-08,4.849427519288455E-08,5.6693762871329526E-08,6.559959080935919E-08,7.522504650410891E-08,8.558333983054014E-08,9.668760146869121E-08,1.085508813003525E-07,1.2118614677483317E-07,1.3460628124351302E-07,1.4882408226289922E-07,1.6385225986593228E-07,1.797034348013129E-07,1.9639013674064674E-07,2.1392480245323018E-07,2.3231977394832822E-07,2.5158729658482027E-07,2.717395171481191E-07,2.9278848189429374E-07,3.1474613456135694E-07,3.376243143477046E-07,3.614347538577246E-07,3.86189077014621E-07,4.118987969405304E-07,4.385753138040369E-07,4.6622991263522337E-07,4.948737611084294E-07,5.245179072929175E-07,5.551732773716817E-07,5.868506733286698E-07,6.195607706047194E-07,6.533141157225504E-07,6.881211238811835E-07,7.239920765202012E-07,7.609371188542974E-07,7.989662573786034E-07,8.380893573453184E-07,8.783161402122097E-07,9.196561810635922E-07,9.621189060044351E-07,1.0057135895282898E-06,1.0504493518597743E-06,1.096335156272394E-06,1.1433798063825257E-06,1.1915919434204371E-06,1.2409800434792576E-06,1.291552414742873E-06,1.343317194693755E-06,1.396282347301794E-06,1.4504556601952487E-06,1.5058447418149838E-06,1.5624570185532087E-06,1.6202997318779972E-06,1.6793799354449084E-06,1.7397044921970898E-06,1.8012800714553E-06,1.864113145999338E-06,1.9282099891424283E-06,1.993576671800165E-06,2.060219059555672E-06,2.1281428097227005E-06,2.1973533684084395E-06,2.267855967577867E-06,2.339655622121544E-06,2.412757126928791E-06,2.4871650539682585E-06,2.5628837493779697E-06,2.6399173305669385E-06,2.718269683330569E-06,2.7979444589820615E-06,2.878945071502129E-06,2.9612746947093823E-06,3.044936259453789E-06,3.1299324508356756E-06,3.2162657054527946E-06,3.3039382086780265E-06,3.39295189197035E-06,3.483308430221754E-06,3.5750092391428168E-06,3.668055472689736E-06,3.7624480205356233E-06,3.858187505588936E-06,3.955274281561952E-06,4.053708430592247E-06,4.153489760920149E-06,4.254617804625208E-06,4.357091815424735E-06,4.460910766537503E-06,4.566073348615716E-06,4.672577967748416E-06,4.780422743539452E-06,4.889605507263236E-06,5.000123800101463E-06,5.111974871463994E-06,5.2251556773971505E-06,5.339662879082612E-06,5.455492841430156E-06,5.5726416317674455E-06,5.691105018630079E-06,5.810878470655092E-06,5.931957155581084E-06,6.054335939358131E-06,6.178009385370599E-06,6.3029717537759575E-06,6.429217000962639E-06,6.556738779129962E-06,6.685530435993083E-06,6.815585014615863E-06,6.94689525337453E-06,7.0794535860548874E-06,7.213252142085807E-06,7.348282746911629E-06,7.484536922506014E-06,7.622005888029743E-06,7.760680560634798E-06,7.900551556417028E-06,8.04160919151955E-06,8.183843483388947E-06,8.3272441521862E-06,8.47180062235418E-06,8.61750202434338E-06,8.764337196497445E-06,8.912294687099923E-06,9.061362756583514E-06,9.211529379902933E-06,9.362782249072366E-06,9.515108775868324E-06,9.668496094698571E-06,9.822931065637559E-06,9.978400277628744E-06,1.013489005185386E-05,1.0292386445269149E-05,1.0450875254308295E-05,1.0610342018751665E-05,1.0770772025761242E-05,1.0932150314080466E-05,1.1094461678398007E-05,1.1257690673874247E-05,1.1421821620829152E-05,1.158683860958991E-05,1.1752725505496563E-05,1.1919465954063701E-05,1.208704338629597E-05,1.2255441024155086E-05,1.2424641886175743E-05,1.2594628793227657E-05,1.2765384374420776E-05,1.2936891073150499E-05,1.3109131153279529E-05,1.3282086705452874E-05,1.345573965354219E-05,1.3630071761215627E-05,1.3805064638629046E-05,1.3980699749234356E-05,1.4156958416700562E-05,1.4333821831942892E-05,1.4511271060255276E-05,1.468928704854127E-05,1.4867850632638366E-05,1.5046942544730498E-05,1.5226543420843427E-05,1.5406633808417558E-05,1.5587194173952618E-05,1.5768204910718522E-05,1.594964634652666E-05,1.6131498751555726E-05,1.6313742346226134E-05,1.649635730911701E-05,1.6679323784919656E-05,1.686262189242133E-05,1.704623173251314E-05,1.723013339621585E-05,1.741430697271727E-05,1.7598732557415034E-05,1.778339025995836E-05,1.7968260212282614E-05,1.8153322576630318E-05,1.833855755355238E-05,1.8523945389883276E-05,1.8709466386684057E-05,1.889510090714695E-05,1.9080829384455547E-05,1.9266632329594506E-05,1.9452490339102864E-05,1.963838410276506E-05,1.9824294411233963E-05,2.001020216358019E-05,2.019608837476219E-05,2.0381934183011645E-05,2.056772085712892E-05,2.0753429803683335E-05,2.0939042574113255E-05,2.1124540871721132E-05,2.1309906558558693E-05,2.1495121662197776E-05,2.1680168382382377E-05,2.186502909755762E-05,2.2049686371271663E-05,2.2234122958446557E-05,2.2418321811514453E-05,2.260226608641552E-05,2.278593914845436E-05,2.2969324578011654E-05,2.3152406176108187E-05,2.3335167969818453E-05,2.3517594217531302E-05,2.3699669414055232E-05,2.3881378295566212E-05,2.4062705844396072E-05,2.424363729365963E-05,2.4424158131719082E-05,2.4604254106484234E-05,2.4783911229547404E-05,2.4963115780152025E-05,2.514185430899418E-05,2.532011364185643E-05,2.5497880883073563E-05,2.5675143418830025E-05,2.585188892028897E-05,2.6028105346553135E-05,2.620378094745771E-05,2.637890426619582E-05,2.6553464141777205E-05,2.672744971132085E-05,2.6900850412182605E-05,2.7073655983918894E-05,2.7245856470087676E-05,2.7417442219888213E-05,2.7588403889641015E-05,2.775873244410977E-05,2.7928419157666944E-05,2.8097455615305025E-05,2.8265833713495377E-05,2.8433545660896913E-05,2.8600583978916752E-05,2.8766941502125207E-05,2.8932611378527557E-05,2.909758706969507E-05,2.9261862350757886E-05,2.9425431310262425E-05,2.9588288349896002E-05,2.9750428184081505E-05,2.9911845839444955E-05,3.007253665415879E-05,3.0232496277163927E-05,3.0391720667273488E-05,3.0550206092161244E-05,3.070794912723784E-05,3.086494665441786E-05,3.10211958607808E-05,3.117669423712911E-05,3.133143957644636E-05,3.1485429972258747E-05,3.163866381690292E-05,3.1791139799703424E-05,3.194285690506275E-05,3.20938144104671E-05,3.224401188441107E-05,3.2393449184244216E-05,3.2542126453942554E-05,3.269004412180808E-05,3.283720289809931E-05,3.298360377259568E-05,3.312924801209896E-05,3.3274137157874326E-05,3.3418273023034184E-05,3.356165768986734E-05,3.370429350711649E-05,3.3846183087206556E-05,3.398732930342677E-05,3.412773528706888E-05,3.4267404424524274E-05,3.4406340354342395E-05,3.454454696425301E-05,3.4682028388154685E-05,3.4818789003071825E-05,3.495483342608263E-05,3.5090166511220113E-05,3.522479334634852E-05,3.535871925001703E-05,3.549194976829301E-05,3.562449067157674E-05,3.575634795139951E-05,3.588752781720708E-05,3.601803669313009E-05,3.614788121474346E-05,3.627706822581628E-05,3.64056047750538E-05,3.6533498112833286E-05,3.666075568793495E-05,3.67873851442697E-05,3.691339431760486E-05,3.703879123228935E-05,3.716358409797946E-05,3.728778130636652E-05,3.741139142790756E-05,3.753442320856009E-05,3.7656885566521975E-05,3.777878758897746E-05,3.790013852885018E-05,3.802094780156415E-05,3.814122498181337E-05,3.8260979800340955E-05,3.838022214072846E-05,3.8498962036196064E-05,3.861720966641415E-05,3.873497535432693E-05,3.885226956298869E-05,3.896910289241285E-05,3.9085486076434605E-05,3.920142997958727E-05,3.931694559399284E-05,3.9432044036266846E-05,3.954673654443798E-05,3.9661034474882556E-05,3.977494929927401E-05,3.98884926015476E-05,4.000167607488034E-05,4.011451151868632E-05,4.022701083562727E-05,4.0339186028638614E-05,4.0451049197970665E-05,4.0562612538245124E-05,4.0673888335526675E-05,4.078488896440955E-05,4.0895626885118896E-05,4.100611464062676E-05,4.111636485378243E-05,4.122639022445703E-05,4.133620352670185E-05,4.144581760592036E-05,4.1555245376053445E-05,4.1664499816777586E-05,4.177359397071557E-05,4.1882540940659416E-05,4.199135388680509E-05,4.210004602399855E-05,4.2208630618992735E-05,4.2317120987715074E-05,4.242553049254496E-05,4.253387253960078E-05,4.264216057603596E-05,4.275040808734359E-05,4.285862859466901E-05,4.296683565212988E-05,4.307504284414323E-05,4.3183263782758856E-05,4.329151210499857E-05,4.3399801470200674E-05,4.3508145557369215E-05,4.36165580625272E-05,4.372505269607352E-05,4.383364318014259E-05,4.394234324596655E-05,4.405116663123904E-05,4.416012707748021E-05,4.426923832740223E-05,4.437851412227478E-05,4.4487968199289814E-05,4.459761428892516E-05,4.470746611230618E-05,4.481753737856502E-05,4.4927841782196796E-05,4.503839300041219E-05,4.5149204690485764E-05,4.5260290487099493E-05,4.5371663999681014E-05,4.548333880973586E-05,4.55953284681732E-05,4.570764649262466E-05,4.582030636475543E-05,4.5933321527567404E-05,4.6046705382693634E-05,4.616047128768373E-05,4.627463255327959E-05,4.6389202440681154E-05,4.6504194158801525E-05,4.6619620861511185E-05,4.67354956448708E-05,4.6851831544352136E-05,4.696864153204689E-05,4.708593851386282E-05,4.7203735326707044E-05,4.732204473565605E-05,4.744087943111208E-05,4.756025202594575E-05,4.768017505262455E-05,4.780066096032689E-05,4.792172211204173E-05,4.804337078165339E-05,4.816561915101149E-05,4.828847930698591E-05,4.8411963238506537E-05,4.853608283358796E-05,4.866084987633892E-05,4.87862760439565E-05,4.891237290370526E-05,4.903915190988118E-05,4.916662440076074E-05,4.929480159553504E-05,4.942369459122933E-05,4.955331435960819E-05,4.968367174406641E-05,4.981477745650617E-05,4.9946642074200624E-05,5.007927603664442E-05,5.021268964239158E-05,5.034689304588119E-05,5.0481896254251445E-05,5.061770912414263E-05,5.075434135848975E-05,5.089180250330527E-05,5.1030101944453E-05,5.116924890441368E-05,5.1309252439043125E-05,5.145012143432399E-05,5.1591864603111865E-05,5.17344904818769E-05,5.1878007427441875E-05,5.2022423613717954E-05,5.216774702843916E-05,5.231398546989694E-05,5.246114654367599E-05,5.2609237659392766E-05,5.27582660274381E-05,5.290823865572527E-05,5.3059162346445255E-05,5.3211043692830545E-05,5.336388907592937E-05,5.3517704661391896E-05,5.367249639627026E-05,5.3828270005834247E-05,5.398503099040453E-05,5.4142784622205415E-05,5.4301535942239116E-05,5.446128975718368E-05,5.462205063631661E-05,5.478382290846656E-05,5.4946610658995164E-05,5.5110417726811454E-05,5.527524770142125E-05,5.5441103920013857E-05,5.560798946458863E-05,5.577590715912399E-05,5.594485956679135E-05,5.611484898721682E-05,5.628587745379305E-05,5.645794673104438E-05,5.6631058312047716E-05,5.680521341591212E-05,5.6980412985320055E-05,5.7156657684133045E-05,5.7333947895064776E-05,5.7512283717424616E-05,5.7691664964934584E-05,5.787209116362271E-05,5.805356154979595E-05,5.8236075068095704E-05,5.841963036963897E-05,5.860422581024839E-05,5.8789859448774067E-05,5.897652904551056E-05,5.9164232060711974E-05,5.935296565320834E-05,5.954272667912639E-05,5.973351169071786E-05,5.992531693529828E-05,6.011813835429953E-05,6.0311971582439E-05,6.0506811947008387E-05,6.070265446728521E-05,6.089949385406987E-05,6.10973245093511E-05,6.129614052610272E-05,6.14959356882144E-05,6.169670347055912E-05,6.189843703919999E-05,6.210112925173898E-05,6.230477265780993E-05,6.250935949971843E-05,6.271488171323061E-05,6.292133092851323E-05,6.312869847122705E-05,6.333697536377539E-05,6.354615232671E-05,6.375621978029567E-05,6.396716784623522E-05,6.41789863495567E-05,6.439166482066365E-05,6.46051924975499E-05,6.481955832817989E-05,6.50347509730354E-05,6.525075880782944E-05,6.546756992638776E-05,6.568517214369855E-05,6.590355299913045E-05,6.612269975981895E-05,6.634259942422098E-05,6.656323872583762E-05,6.67846041371041E-05,6.70066818734467E-05,6.722945789750547E-05,6.745291792352184E-05,6.767704742188984E-05,6.790183162386939E-05,6.812725552646005E-05,6.835330389743345E-05,6.857996128052223E-05,6.880721200076333E-05,6.903504016999311E-05,6.926342969249172E-05,6.949236427077377E-05,6.972182741152254E-05,6.995180243166394E-05,7.018227246457759E-05,7.041322046644056E-05,7.064462922270069E-05,7.087648135467506E-05,7.11087593262697E-05,7.134144545081607E-05,7.15745218980199E-05,7.180797070101775E-05,7.204177376353648E-05,7.227591286715049E-05,7.251036967863202E-05,7.274512575738876E-05,7.298016256298397E-05,7.321546146273305E-05,7.345100373937136E-05,7.368677059878739E-05,7.392274317781558E-05,7.415890255208273E-05,7.43952297439021E-05,7.463170573020921E-05,7.486831145053313E-05,7.510502781499699E-05,7.53418357123418E-05,7.557871601796692E-05,7.58156496019812E-05,7.605261733725838E-05,7.628960010749041E-05,7.652657881523244E-05,7.676353438993325E-05,7.700044779594453E-05,7.723730004050338E-05,7.747407218168115E-05,7.7710745336293E-05,7.794730068776178E-05,7.81837194939304E-05,7.841998309481668E-05,7.865607292030482E-05,7.889197049776775E-05,7.912765745961475E-05,7.936311555075881E-05,7.95983266359982E-05,7.983327270730709E-05,8.006793589103002E-05,8.03022984549753E-05,8.053634281540218E-05,8.07700515438975E-05,8.100340737413698E-05,8.123639320852686E-05,8.146899212472161E-05,8.170118738201386E-05,8.193296242759247E-05,8.216430090266515E-05,8.239518664844224E-05,8.262560371197814E-05,8.285553635186755E-05,8.308496904379331E-05,8.331388648592337E-05,8.35422736041543E-05,8.377011555719891E-05,8.399739774151595E-05,8.42241057960801E-05,8.44502256069902E-05,8.467574331191442E-05,8.490064530437117E-05,8.51249182378442E-05,8.534854902973129E-05,8.557152486512578E-05,8.579383320043014E-05,8.601546176680139E-05,8.62363985734282E-05,8.645663191063954E-05,8.667615035284512E-05,8.689494276130798E-05,8.711299828674967E-05,8.733030637178876E-05,8.754685675321344E-05,8.776263946408936E-05,8.797764483570362E-05,8.819186349934631E-05,8.840528638793114E-05,8.861790473745647E-05,8.882971008830871E-05,8.904069428640959E-05,8.925084948420959E-05,8.946016814152925E-05,8.966864302625065E-05,8.987626721486144E-05,9.008303409285352E-05,9.028893735497901E-05,9.049397100536588E-05,9.069812935749592E-05,9.090140703404785E-05,9.110379896660797E-05,9.130530039525154E-05,9.150590686799742E-05,9.170561424013912E-05,9.190441867345506E-05,9.21023166353011E-05,9.229930489758832E-05,9.249538053564911E-05,9.269054092699476E-05,9.288478374996738E-05,9.307810698228961E-05,9.327050889951487E-05,9.346198807338162E-05,9.365254337007444E-05,9.384217394839536E-05,9.403087925784826E-05,9.421865903663958E-05,9.440551330959856E-05,9.459144238601979E-05,9.477644685743131E-05,9.496052759529124E-05,9.514368574861594E-05,9.532592274154253E-05,9.550724027082898E-05,9.568764030329432E-05,9.586712507320206E-05,9.604569707958948E-05,9.62233590835457E-05,9.6400114105441E-05,9.657596542211038E-05,9.675091656399363E-05,9.692497131223481E-05,9.709813369574332E-05,9.72704079882193E-05,9.744179870514555E-05,9.761231060074848E-05,9.778194866493019E-05,9.795071812017407E-05,9.811862441842603E-05,9.828567323795346E-05,9.845187048018386E-05,9.861722226652537E-05,9.878173493517086E-05,9.894541503788765E-05,9.910826933679451E-05,9.927030480112774E-05,9.943152860399802E-05,9.959194811913957E-05,9.975157091765334E-05,9.991040476474544E-05,0.0001000684576164626,0.00010022573761642567,0.00010038225309256274,0.000100538012553843,0.00010069302468701255,0.00010084729835333335,0.00010100084258532631,0.00010115366658351957,0.00010130577971320299,0.00010145719150118966,0.00010160791163258538,0.00010175794994756685,0.00010190731643816933,0.00010205602124508451,0.00010220407465446918,0.00010235148709476537,0.00010249826913353242,0.00010264443147429149,0.00010278998495338321,0.00010293494053683838,0.00010307930931726266,0.00010322310251073506,0.00010336633145372098,0.00010350900759999964,0.0001036511425176063,0.00010379274788578946,0.00010393383549198305,0.0001040744172287937,0.00010421450509100333,0.00010435411117258677,0.00010449324766374467,0.00010463192684795144,0.00010477016109901826,0.00010490796287817107,0.00010504534473114323,0.00010518231928528286,0.00010531889924667458,0.00010545509739727542,0.00010559092659206457,0.00010572639975620698,0.0001058615298822301,0.00010599633002721378,0.00010613081330999281,0.0001062649929083718,0.00010639888205635194,0.00010653249404136929,0.0001066658422015443,0.00010679893992294186,0.00010693180063684157,0.00010706443781701787,0.00010719686497702929,0.00010732909566751657,0.00010746114347350892,0.00010759302201173816,0.00010772474492795985,0.00010785632589428128,0.00010798777860649542,0.00010811911678142039,0.00010825035415424406,0.00010838150447587285,0.00010851258151028442,0.00010864359903188362,0.00010877457082286101,0.00010890551067055341,0.00010903643236480598,0.000109167349695335,0.00010929827644909099,0.00010942922640762141,0.00010956021334443245,0.00010969125102234918,0.00010982235319087355,0.00010995353358353972,0.0001100848059152659,0.00011021618387970235,0.00011034768114657475,0.00011047931135902268,0.0001106110881309321,0.00011074302504426196,0.00011087513564636373,0.00011100743344729375,0.00011113993191711769,0.00011127264448320654,0.00011140558452752384,0.00011153876538390335,0.00011167220033531694,0.00011180590261113204,0.00011193988538435832,0.00011207416176888305,0.00011220874481669489,0.00011234364751509538,0.00011247888278389814,0.00011261446347261516,0.0001127504023576298,0.00011288671213935643,0.00011302340543938602,0.00011316049479761792,0.00011329799266937695,0.0001134359114225161,0.00011357426333450436,0.0001137130605894996,0.00011385231527540631,0.00011399203938091807,0.0001141322447925447,0.00011427294329162406,0.00011441414655131837,0.00011455586613359519,0.00011469811348619296,0.00011484089993957134,0.00011498423670384635,0.00011512813486571046,0.00011527260538533789,0.00011541765909327537,0.00011556330668731854,0.00011570955872937436,0.00011585642564230989,0.0001160039177067878,0.00011615204505808923,0.00011630081768292417,0.00011645024541623025,0.00011660033793796033,0.00011675110476985953,0.00011690255527223252,0.00011705469864070164,0.00011720754390295684,0.00011736109991549809,0.00011751537536037127,0.00011767037874189854,0.00011782611838340407,0.00011798260242393631,0.00011813983881498786,0.00011829783531721417,0.00011845659949715231,0.00011861613872394099,0.00011877646016604346,0.00011893757078797438,0.00011909947734703242,0.00011926218639003993,0.00011942570425009149,0.00011959003704331275,0.00011975519066563153,0.00011992117078956278,0.00012008798286100942,0.00012025563209608082,0.00012042412347793102,0.00012059346175361854,0.00012076365143099023,0.00012093469677559076,0.00012110660180760068,0.0001212793702988045,0.00012145300576959195,0.00012162751148599419,0.00012180289045675771,0.00012197914543045828,0.0001221562788926577,0.0001223342930631057,0.00012251318989298985,0.0001226929710622362,0.00012287363797686295,0.00012305519176639078,0.0001232376332813119,0.00012342096309062104,0.0001236051814794114,0.00012379028844653814,0.00012397628370235282,0.00012416316666651156,0.00012435093646585987,0.00012453959193239758,0.0001247291316013265,0.0001249195537091842,0.00012511085619206698,0.00012530303668394514,0.0001254960925150734,0.0001256900207105002,0.00012588481798867825,0.0001260804807601801,0.00012627700512652146,0.00012647438687909528,0.00012667262149822,0.00012687170415230463,0.00012707162969713393,0.00012727239267527633,0.0001274739873156179,0.00012767640753302492,0.00012787964692813786,0.00012808369878729978,0.00012828855608262158,0.0001284942114721867,0.00012870065730039801,0.00012890788559846922,0.00012911588808506294,0.00012932465616707822,0.00012953418094058906,0.0001297444531919365,0.0001299554633989759,0.00013016720173248127,0.0001303796580577087,0.00013059282193611995,0.00013080668262726783,0.00013102122909084503,0.000131236449988897,0.00013145233368820012,0.0001316688682628064,0.00013188604149675441,0.0001321038408869482,0.00013232225364620366,0.00013254126670646276,0.00013276086672217596,0.00013298104007385223,0.00013320177287177656,0.00013342305095989426,0.00013364485991986167,0.00013386718507526173,0.00013409001149598408,0.00013431332400276778,0.00013453710717190522,0.0001347613453401061,0.00013498602260951853,0.00013521112285290636,0.0001354366297189793,0.00013566252663787433,0.0001358887968267849,0.00013611542329573553,0.00013634238885349865,0.0001365696761136502,0.0001367972675007606,0.00013702514525671782,0.00013725329144717796,0.00013748168796813998,0.00013771031655264023,0.00013793915877756212,0.00013816819607055685,0.00013839740971707012,0.00013862678086747025,0.00013885629054427256,0.0001390859196494549,0.00013931564897185915,0.00013954545919467323,0.00013977533090298792,0.0001400052445914233,0.00014023518067181852,0.00014046511948097952,0.00014069504128847856,0.00014092492630449948,0.00014115475468772288,0.00014138450655324478,0.00014161416198052288,0.0001418437010213437,0.00014207310370780514,0.0001423023500603072,0.00014253142009554529,0.00014276029383449953,0.0001429889513104139,0.00014321737257675835,0.00014344553771516883,0.00014367342684335746,0.0001439010201229882,0.00014412829776751056,0.00014435524004994616,0.0001445818273106218,0.0001448080399648432,0.00014503385851050336,0.00014525926353562031,0.0001454842357257981,0.0001457087558716057,0.0001459328048758687,0.0001461563637608681,0.00014637941367544124,0.00014660193590198032,0.0001468239118633227,0.0001470453231295294,0.00014726615142454655,0.00014748637863274574,0.00014770598680533903,0.0001479249581666647,0.00014814327512033967,0.00014836092025527535,0.0001485778763515533,0.00014879412638615705,0.00014900965353855788,0.0001492244411961508,0.0001494384729595388,0.00014965173264766218,0.0001498642043027713,0.00015007587219524046,0.00015028672082822091,0.00015049673494213137,0.00015070589951898477,0.00015091419978654973,0.00015112162122234564,0.00015132814955747074,0.0001515337707802621,0.00015173847113978753,0.00015194223714916838,0.0001521450555887337,0.00015234691350900567,0.00015254779823351615,0.00015274769736145524,0.0001529465987701521,0.0001531444906173888,0.00015334136134354814,0.00015353719967359643,0.0001537319946189025,0.00015392573547889414,0.00015411841184255338,0.0001543100135897525,0.00015450053089243254,0.0001546899542156253,0.00015487827431832218,0.00015506548225419087,0.00015525156937214258,0.00015543652731675177,0.00015562034802853135,0.00015580302374406505,0.00015598454699600027,0.00015616491061290347,0.00015634410771898116,0.00015652213173366925,0.0001566989763710932,0.0001568746356394026,0.0001570491038399825,0.00015722237556654444,0.00015739444570410106,0.00015756530942782605,0.00015773496220180392,0.00015790339977767132,0.0001580706181931544,0.00015823661377050411,0.00015840138311483387,0.00015856492311236138,0.00015872723092855896,0.00015888830400621494,0.0001590481400634092,0.00015920673709140677
0,2.55122140210149E-10,1.015039492208188E-09,2.271634585026523E-09,4.01686489959656E-09,6.242762972252596E-09,8.941436461540271E-09,1.2105068179733974E-08,1.572591609043709E-08,1.9796313273608193E-08,2.4308667859325456E-08,2.925546293157053E-08,3.462925640328229E-08,4.042268086389977E-08,4.6628443400582856E-08,5.323932539426856E-08,6.024818229169013E-08,6.764794335445603E-08,7.543161138625562E-08,8.359226243922851E-08,9.212304550050552E-08,1.0101718215989938E-07,1.1026796625969518E-07,1.1986876352746172E-07,1.2981301119277746E-07,1.4009421758873655E-07,1.5070596173907417E-07,1.6164189293172318E-07,1.728957302795883E-07,1.84461262269298E-07,1.9633234629866959E-07,2.085029082035983E-07,2.2096694177505653E-07,2.3371850826686632E-07,2.4675173589488486E-07,2.600608193282201E-07,2.7364001917307194E-07,2.874836614497719E-07,3.015861370635754E-07,3.159419012697359E-07,3.3054547313337703E-07,3.453914349846513E-07,3.604744318696623E-07,3.7578917099760355E-07,3.9133042118455285E-07,4.070930122943411E-07,4.230718346768983E-07,4.392618386044648E-07,4.5565803370603616E-07,4.722554884003981E-07,4.890493293280908E-07,5.060347407826281E-07,5.232069641412819E-07,5.405612972957303E-07,5.580930940828527E-07,5.757977637159432E-07,5.936707702166004E-07,6.117076318475416E-07,6.299039205465749E-07,6.482552613619529E-07,6.667573318893205E-07,6.854058617104611E-07,7.041966318340291E-07,7.231254741384533E-07,7.421882708171837E-07,7.613809538264431E-07,7.806995043356401E-07,8.001399521805874E-07,8.196983753196641E-07,8.393708992930517E-07,8.591536966851638E-07,8.790429865903879E-07,8.990350340822424E-07,9.191261496860519E-07,9.393126888552357E-07,9.595910514512944E-07,9.799576812275785E-07,1.0004090653169152E-06,1.0209417337231594E-06,1.0415522588167415E-06,1.062237254834263E-06,1.082993377382201E-06,1.1038173229447688E-06,1.1247058283959777E-06,1.1456556705159428E-06,1.1666636655114686E-06,1.1877266685409456E-06,1.2088415732435911E-06,1.2300053112730557E-06,1.251214851835417E-06,1.2724672012315843E-06,1.2937594024041242E-06,1.3150885344885185E-06,1.336451712368871E-06,1.357846086238061E-06,1.3792688411623538E-06,1.4007171966504661E-06,1.4221884062270861E-06,1.4436797570108458E-06,1.465188569296739E-06,1.4867121961429775E-06,1.5082480229622764E-06,1.5297934671175572E-06,1.5513459775220542E-06,1.5729030342438123E-06,1.5944621481145553E-06,1.6160208603429108E-06,1.6375767421319712E-06,1.659127394301169E-06,1.6806704469124449E-06,1.7022035589006874E-06,1.7237244177084165E-06,1.745230738924689E-06,1.7667202659281979E-06,1.788190769534538E-06,1.8096400476476131E-06,1.8310659249151486E-06,1.8524662523882907E-06,1.8738389071852514E-06,1.8951817921589746E-06,1.916492835568791E-06,1.937769990756026E-06,1.9590112358235367E-06,1.9802145733191298E-06,2.0013780299228477E-06,2.022499656138068E-06,2.0435775259863986E-06,2.0646097367063224E-06,2.085594408455566E-06,2.1065296840171505E-06,2.1274137285090918E-06,2.148244729097717E-06,2.1690208947145588E-06,2.1897404557767918E-06,2.2104016639111773E-06,2.231002791681482E-06,2.2515421323193267E-06,2.2720179994584415E-06,2.2924287268722793E-06,2.312772668214963E-06,2.33304819676552E-06,2.3532537051753766E-06,2.373387605219071E-06,2.3934483275481556E-06,2.4134343214482426E-06,2.4333440545991703E-06,2.4531760128382444E-06,2.472928699926524E-06,2.492600637318118E-06,2.512190363932455E-06,2.53169643592949E-06,2.5511174264878197E-06,2.570451925585668E-06,2.589698539784705E-06,2.6088558920166728E-06,2.627922621372778E-06,2.646897382895819E-06,2.6657788473750226E-06,2.6845657011435383E-06,2.7032566458785813E-06,2.7218503984041736E-06,2.7403456904964606E-06,2.758741268691564E-06,2.7770358940959483E-06,2.795228342199263E-06,2.813317402689629E-06,2.8313018792713454E-06,2.849180589484976E-06,2.866952364529793E-06,2.8846160490885496E-06,2.9021705011545377E-06,2.919614591860921E-06,2.936947205312301E-06,2.9541672384184893E-06,2.9712736007304624E-06,2.9882652142784634E-06,3.005141013412232E-06,3.021899944643327E-06,3.0385409664895147E-06,3.0550630493212032E-06,3.071465175209889E-06,3.08774633777859E-06,3.1039055420542406E-06,3.1199418043220267E-06,3.135854151981624E-06,3.151641623405329E-06,3.1673032677980404E-06,3.1828381450590865E-06,3.1982453256458556E-06,3.213523890439216E-06,3.2286729306106984E-06,3.2436915474914175E-06,3.25857885244271E-06,3.2733339667284664E-06,3.287956021389128E-06,3.302444157117342E-06,3.316797524135228E-06,3.3310152820732642E-06,3.3450965998507413E-06,3.359040655557787E-06,3.3728466363389245E-06,3.386513738278154E-06,3.4000411662855294E-06,3.4134281339852138E-06,3.426673863604994E-06,3.439777585867232E-06,3.452738539881236E-06,3.465555973037029E-06,3.4782291409005013E-06,3.490757307109921E-06,3.503139743273789E-06,3.5153757288700183E-06,3.5274645511464215E-06,3.5394055050224857E-06,3.551197892992419E-06,3.5628410250294506E-06,3.5743342184913685E-06,3.5856767980272776E-06,3.59686809548556E-06,3.607907449823024E-06,3.618794207015218E-06,3.6295277199679105E-06,3.6401073484296956E-06,3.650532458905732E-06,3.6608024245725863E-06,3.670916625194167E-06,3.68087444703874E-06,3.690675282797006E-06,3.7003185315012253E-06,3.7098035984453807E-06,3.719129895106353E-06,3.7282968390661126E-06,3.737303853934896E-06,3.7461503692753633E-06,3.754835820527723E-06,3.763359648935807E-06,3.7717213014740864E-06,3.7799202307756127E-06,3.7879558950608735E-06,3.795827758067549E-06,3.8035352889811587E-06,3.8110779623665833E-06,3.818455258100453E-06,3.8256666613043895E-06,3.832711662279087E-06,3.839589756439226E-06,3.846300444249204E-06,3.852843231159677E-06,3.85921762754489E-06,3.865423148640807E-06,3.871459314483997E-06,3.877325649851305E-06,3.8830216842002625E-06,3.888546951610248E-06,3.893900990724378E-06,3.8990833446921295E-06,3.904093561112665E-06,3.908931191978871E-06,3.913595793622092E-06,3.918086926657537E-06,3.922404155930383E-06,3.926547050462524E-06,3.930515183399993E-06,3.934308131961027E-06,3.937925477384777E-06,3.941366804880636E-06,3.9446317035782124E-06,3.9477197664779E-06,3.950630590402056E-06,3.953363775946794E-06,3.955918927434343E-06,3.958295652866006E-06,3.960493563875688E-06,3.962512275683992E-06,3.964351407052868E-06,3.966010580240821E-06,3.967489420958665E-06,3.968787558325801E-06,3.969904624827043E-06,3.970840256269948E-06,3.97159409174268E-06,3.9721657735723665E-06,3.972554947283967E-06,3.972761261559635E-06,3.972784368198568E-06,3.972623922077337E-06,3.972279581110697E-06,3.971751006212863E-06,3.971037861259252E-06,3.97013981304868E-06,3.969056531266007E-06,3.967787688445239E-06,3.966332959933052E-06,3.964692023852763E-06,3.9628645610687235E-06,3.960850255151134E-06,3.958648792341273E-06,3.956259861517148E-06,3.953683154159535E-06,3.950918364318432E-06,3.9479651885799E-06,3.944823326033294E-06,3.941492478238886E-06,3.937972349195854E-06,3.934262645310659E-06,3.9303630753657815E-06,3.926273350488829E-06,3.921993184121999E-06,3.917522291991902E-06,3.91286039207973E-06,3.908007204591774E-06,3.902962451930279E-06,3.897725858664648E-06,3.892297151502957E-06,3.88667605926382E-06,3.880862312848567E-06,3.87485564521374E-06,3.868655791343912E-06,3.862262488224812E-06,3.8556754748167566E-06,3.848894492028394E-06,3.841919282690733E-06,3.834749591531479E-06,3.827385165149661E-06,3.819825751990538E-06,3.8120711023208013E-06,3.804120968204046E-06,3.7959751034765303E-06,3.7876332637232006E-06,3.779095206253988E-06,3.7703606900803744E-06,3.7614294758922183E-06,3.7523013260348397E-06,3.742976004486366E-06,3.7334532768353255E-06,3.7237329102584926E-06,3.7138146734989804E-06,3.7036983368445767E-06,3.693383672106317E-06,3.682870452597301E-06,3.6721584531117356E-06,3.661247449904215E-06,3.6501372206692275E-06,3.6388275445208844E-06,3.6273182019728765E-06,3.6156089749186452E-06,3.6036996466117756E-06,3.5915900016465975E-06,3.579279825939004E-06,3.5667689067074736E-06,3.554057032454301E-06,3.541143992947032E-06,3.528029579200095E-06,3.514713583456636E-06,3.501195799170546E-06,3.487476020988683E-06,3.473554044733284E-06,3.4594296673845644E-06,3.4451026870635092E-06,3.430572903014839E-06,3.4158401155901633E-06,3.400904126231313E-06,3.385764737453846E-06,3.3704217528307306E-06,3.3548749769762014E-06,3.3391242155297825E-06,3.323169275140482E-06,3.307009963451151E-06,3.290646089083007E-06,3.2740774616203165E-06,3.257303891595245E-06,3.2403251904728555E-06,3.223141170636267E-06,3.205751645371971E-06,3.1881564288552904E-06,3.170355336136E-06,3.1523481831240847E-06,3.134134786575652E-06,3.1157149640789843E-06,3.0970885340407356E-06,3.0782553156722698E-06,3.0592151289761365E-06,3.0399677947326873E-06,3.0205131344868243E-06,3.0008509705348862E-06,2.9809811259116624E-06,2.9609034243775434E-06,2.940617690405796E-06,2.920123749169969E-06,2.899421426531422E-06,2.8785105490269828E-06,2.8573909438567232E-06,2.8360624388718584E-06,2.8145248625627675E-06,2.79277804404713E-06,2.7708218130581815E-06,2.748655999933082E-06,2.7262804356014026E-06,2.703694951573721E-06,2.680899379930329E-06,2.657893553310053E-06,2.6346773048991786E-06,2.6112504684204864E-06,2.5876128781223903E-06,2.563764368768184E-06,2.5397047756253886E-06,2.515433934455201E-06,2.490951681502047E-06,2.4662578534832305E-06,2.4413522875786835E-06,2.416234821420811E-06,2.3909052930844347E-06,2.3653635410768285E-06,2.3396094043278503E-06,2.313642722180164E-06,2.2874633343795537E-06,2.2610710810653307E-06,2.2344658027608243E-06,2.2076473403639667E-06,2.18061553513796E-06,2.1533702287020315E-06,2.1259112630222746E-06,2.098238480402571E-06,2.070351723475598E-06,2.0422508351939163E-06,2.0139356588211407E-06,1.9854060379231866E-06,1.9566618163595996E-06,1.927702838274962E-06,1.8985289480903726E-06,1.869139990495009E-06,1.8395358104377596E-06,1.8097162531189317E-06,1.7796811639820335E-06,1.749430388705628E-06,1.7189637731952586E-06,1.6882811635754436E-06,1.6573824061817448E-06,1.6262673475528993E-06,1.5949358344230251E-06,1.56338771371389E-06,1.5316228325272495E-06,1.4996410381372475E-06,1.4674421779828855E-06,1.435026099660554E-06,1.402392650916626E-06,1.3695416796401162E-06,1.3364730338554E-06,1.3031865617149927E-06,1.2696821114923922E-06,1.2359595315749778E-06,1.2020186704569705E-06,1.167859376732451E-06,1.1334814990884334E-06,1.098884886297998E-06,1.0640693872134802E-06,1.0290348507597123E-06,9.937811259273234E-07,9.583080617660912E-07,9.226155073783485E-07,8.867033119124413E-07,8.505713245562413E-07,8.142193945307075E-07,7.776473710835009E-07,7.408551034826483E-07,7.038424410102566E-07,6.666092329562757E-07,6.291553286123109E-07,5.914805772654827E-07,5.535848281923339E-07,5.154679306527846E-07,4.771297338841326E-07,4.385700870951E-07,3.9978883945992537E-07,3.607858401125003E-07,3.2156093814055007E-07,2.821139825798586E-07,2.42444822408536E-07,2.0255330654132936E-07,1.624392838239751E-07,1.2210260302759375E-07,8.15431128431253E-08,4.07606618758057E-08,-2.4490136031649245E-10,-4.147372844782379E-08,-8.292597107133395E-08,-1.2460178102286538E-07,-1.6650131020716412E-07,-2.0862471064699273E-07,-2.509721344883818E-07,-2.935437340058444E-07,-3.3633966160755333E-07,-3.7936006984048307E-07,-4.2260511139551504E-07,-4.660749391125077E-07,-5.097697059853318E-07,-5.53689565166871E-07,-5.978346699739881E-07,-6.422051738924572E-07,-6.868012305818635E-07,-7.316229938804685E-07,-7.766706178100437E-07,-8.219442565806718E-07,-8.674440645955155E-07,-9.131701964555551E-07,-9.59122806964295E-07,-1.0053020511324383E-06,-1.0517080841825334E-06,-1.0983410615535876E-06,-1.145201138905652E-06,-1.1922884721243774E-06,-1.2396032173255409E-06,-1.2871455308595431E-06,-1.3349155693158774E-06,-1.3829134895275705E-06,-1.4311394485755963E-06,-1.4795936037932605E-06,-1.5282761127705594E-06,-1.5771871333585113E-06,-1.6263268236734615E-06,-1.6756953421013606E-06,-1.7252928473020168E-06,-1.775119498213323E-06,-1.8251754540554582E-06,-1.8754608743350634E-06,-1.925975918849393E-06,-1.976720747690443E-06,-2.0276955212490495E-06,-2.0789004002189723E-06,-2.1303355456009464E-06,-2.1820011187067135E-06,-2.233897281163031E-06,-2.2860241949156563E-06,-2.338382022233309E-06,-2.390970925711611E-06,-2.4437910682770035E-06,-2.496842613190644E-06,-2.5501257240522794E-06,-2.603640564804098E-06,-2.6573872997345613E-06,-2.711366093482214E-06,-2.7655771110394746E-06,-2.8200205177564024E-06,-2.874696479344447E-06,-2.9296051618801785E-06,-2.9847467318089916E-06,-3.040121355948801E-06,-3.095729201493705E-06,-3.1515704360176386E-06,-3.207645227478007E-06,-3.263953744219294E-06,-3.3204961549766574E-06,-3.377272628879507E-06,-3.434283335455058E-06,-3.4915284446318724E-06,-3.549008126743382E-06,-3.6067225525313884E-06,-3.6646718931495537E-06,-3.7228563201668662E-06,-3.781276005571095E-06,-3.839931121772224E-06,-3.89882184160587E-06,-3.957948338336685E-06,-4.017310785661742E-06,-4.076909357713906E-06,-4.1367442290651825E-06,-4.1968155747300596E-06,-4.2571235701688256E-06,-4.317668391290878E-06,-4.378450214458014E-06,-4.4394692164877035E-06,-4.500725574656349E-06,-4.562219466702534E-06,-4.623951070830247E-06,-4.685920565712104E-06,-4.748128130492546E-06,-4.810573944791022E-06,-4.873258188705165E-06,-4.93618104281395E-06,-4.999342688180832E-06,-5.06274330635688E-06,-5.126383079383895E-06,-5.190262189797501E-06,-5.254380820630245E-06,-5.318739155414665E-06,-5.383337378186351E-06,-5.448175673486991E-06,-5.5132542263674115E-06,-5.578573222390589E-06,-5.644132847634664E-06,-5.709933288695933E-06,-5.775974732691832E-06,-5.842257367263901E-06,-5.9087813805807434E-06,-5.975546961340966E-06,-6.042554298776111E-06,-6.109803582653572E-06,-6.1772950032795004E-06,-6.245028751501695E-06,-6.3130050187124815E-06,-6.381223996851583E-06,-6.449685878408968E-06,-6.5183908564277025E-06,-6.58733912450677E-06,-6.656530876803892E-06,-6.7259663080383365E-06,-6.795645613493703E-06,-6.865568989020714E-06,-6.935736631039971E-06,-7.006148736544719E-06,-7.076805503103584E-06,-7.14770712886331E-06,-7.218853812551474E-06,-7.290245753479192E-06,-7.361883151543817E-06,-7.43376620723162E-06,-7.505895121620455E-06,-7.578270096382424E-06,-7.650891333786518E-06,-7.723759036701248E-06,-7.796873408597272E-06,-7.870234653549993E-06,-7.94384297624216E-06,-8.017698581966457E-06,-8.09180167662806E-06,-8.166152466747206E-06,-8.24075115946173E-06,-8.315597962529604E-06,-8.390693084331449E-06,-8.466036733873052E-06,-8.541629120787848E-06,-8.617470455339408E-06,-8.693560948423907E-06,-8.769900811572572E-06,-8.846490256954131E-06,-8.923329497377237E-06,-9.000418746292881E-06,-9.077758217796797E-06,-9.155348126631844E-06,-9.233188688190385E-06,-9.311280118516644E-06,-9.389622634309048E-06,-9.46821645292257E-06,-9.547061792371033E-06,-9.626158871329424E-06,-9.705507909136174E-06,-9.785109125795435E-06,-9.864962741979344E-06,-9.945068979030265E-06,-1.0025428058963014E-05,-1.0106040204467076E-05,-1.0186905638908808E-05,-1.0268024586333614E-05,-1.0349397271468122E-05,-1.0431023919722328E-05,-1.0512904757191739E-05,-1.0595040010659482E-05,-1.0677429907598422E-05,-1.0760074676173235E-05,-1.0842974545242482E-05,-1.0926129744360668E-05,-1.1009540503780267E-05,-1.1093207054453749E-05,-1.1177129628035575E-05,-1.1261308456884183E-05,-1.1345743774063949E-05,-1.1430435813347135E-05,-1.1515384809215817E-05,-1.1600590996863795E-05,-1.1686054612198476E-05,-1.1771775891842752E-05,-1.1857755073136842E-05,-1.1943992394140137E-05,-1.2030488093632994E-05,-1.2117242411118533E-05,-1.2204255586824409E-05,-1.2291527861704555E-05,-1.2379059477440918E-05,-1.2466850676445146E-05,-1.2554901701860289E-05,-1.2643212797562458E-05,-1.2731784208162445E-05,-1.2820616179007365E-05,-1.2909708956182227E-05,-1.2999062786511511E-05,-1.3088677917560708E-05,-1.3178554597637844E-05,-1.3268693075794974E-05,-1.3359093601829646E-05,-1.3449756426286354E-05,-1.3540681800457945E-05,-1.3631869976387024E-05,-1.3723321206867305E-05,-1.381503574544496E-05,-1.3907013846419919E-05,-1.3999255764847163E-05,-1.4091761756537966E-05,-1.4184532078061125E-05,-1.4277566986744153E-05,-1.4370866740674449E-05,-1.4464431598700422E-05,-1.4558261820432602E-05,-1.4652357666244708E-05,-1.4746719397274694E-05,-1.4841347275425746E-05,-1.4936241563367268E-05,-1.5031402524535809E-05,-1.5126830423135982E-05,-1.5222525524141328E-05,-1.5318488093295156E-05,-1.5414718397111346E-05,-1.55112167028751E-05,-1.5607983278643686E-05,-1.570501839324712E-05,-1.5802322316288807E-05,-1.589989531814617E-05,-1.599773766997121E-05,-1.6095849643691047E-05,-1.619423151200839E-05,-1.6292883548402017E-05,-1.6391806027127156E-05,-1.649099922321586E-05,-1.659046341247732E-05,-1.669019887149814E-05,-1.679020587764258E-05,-1.689048470905272E-05,-1.6991035644648593E-05,-1.7091858964128303E-05,-1.719295494796803E-05,-1.729432387742204E-05,-1.7395966034522614E-05,-1.7497881702079944E-05,-1.7600071163681967E-05,-1.7702534703694144E-05,-1.780527260725919E-05,-1.790828516029676E-05,-1.801157264950304E-05,-1.811513536235035E-05,-1.8218973587086595E-05,-1.8323087612734762E-05,-1.8427477729092276E-05,-1.8532144226730325E-05,-1.8637087396993134E-05,-1.874230753199716E-05,-1.8847804924630215E-05,-1.895357986855056E-05,-1.9059632658185888E-05,-1.9165963588732274E-05,-1.927257295615303E-05,-1.937946105717751E-05,-1.948662818929984E-05,-1.959407465077757E-05,-1.970180074063025E-05,-1.9809806758637928E-05,-1.9918093005339613E-05,-2.0026659782031585E-05,-2.013550739076569E-05,-2.0244636134347534E-05,-2.0354046316334586E-05,-2.0463738241034205E-05,-2.05737122135016E-05,-2.0683968539537652E-05,-2.079450752568673E-05,-2.0905329479234335E-05,-2.101643470820469E-05,-2.1127823521358263E-05,-2.1239496228189156E-05,-2.1351453138922397E-05,-2.1463694564511182E-05,-2.157622081663395E-05,-2.1689032207691435E-05,-2.180212905080353E-05,-2.191551165980613E-05,-2.2029180349247803E-05,-2.214313543438639E-05,-2.225737723118548E-05,-2.2371906056310786E-05,-2.2486722227126392E-05,-2.260182606169089E-05,-2.2717217878753406E-05,-2.2832897997749492E-05,-2.294886673879692E-05,-2.3065124422691307E-05,-2.3181671370901676E-05,-2.329850790556583E-05,-2.3415634349485634E-05,-2.353305102612214E-05,-2.3650758259590593E-05,-2.3768756374655285E-05,-2.3887045696724284E-05,-2.4005626551844012E-05,-2.4124499266693663E-05,-2.4243664168579497E-05,-2.4363121585428984E-05,-2.4482871845784766E-05,-2.4602915278798495E-05,-2.472325221422448E-05,-2.484388298241322E-05,-2.496480791430472E-05,-2.5086027341421665E-05,-2.5207541595862448E-05,-2.532935101029396E-05,-2.5451455917944274E-05,-2.55738566525951E-05,-2.569655354857408E-05,-2.5819546940746902E-05,-2.59428371645092E-05,-2.6066424555778287E-05,-2.6190309450984685E-05,-2.6314492187063444E-05,-2.643897310144527E-05,-2.6563752532047435E-05,-2.6688830817264513E-05,-2.681420829595884E-05,-2.6939885307450813E-05,-2.706586219150893E-05,-2.719213928833964E-05,-2.7318716938576924E-05,-2.7445595483271666E-05,-2.757277526388079E-05,-2.7700256622256132E-05,-2.7828039900633103E-05,-2.7956125441619065E-05,-2.808451358818146E-05,-2.8213204683635708E-05,-2.8342199071632792E-05,-2.8471497096146624E-05,-2.86010991014611E-05,-2.87310054321569E-05,-2.8861216433097993E-05,-2.8991732449417853E-05,-2.9122553826505384E-05,-2.9253680909990554E-05,-2.938511404572972E-05,-2.9516853579790624E-05,-2.9648899858437108E-05,-2.9781253228113488E-05,-2.9913914035428606E-05,-3.0046882627139538E-05,-3.0180159350135E-05,-3.0313744551418362E-05,-3.0447638578090348E-05,-3.0581841777331356E-05,-3.071635449638344E-05,-3.0851177082531906E-05,-3.098630988308651E-05,-3.112175324536235E-05,-3.1257507516660265E-05,-3.1393573044246924E-05,-3.152995017533445E-05,-3.1666639257059706E-05,-3.1803640636463055E-05,-3.194095466046682E-05,-3.2078581675853195E-05,-3.221652202924183E-05,-3.235477606706685E-05,-3.24933441355535E-05,-3.263222658069429E-05,-3.2771423748224716E-05,-3.291093598359839E-05,-3.30507636319618E-05,-3.3190907038128524E-05,-3.333136654655291E-05,-3.347214250130328E-05,-3.361323524603456E-05,-3.375464512396045E-05,-3.3896372477824994E-05,-3.4038417649873556E-05,-3.4180780981823355E-05,-3.432346281483329E-05,-3.4466463489473274E-05,-3.460978334569293E-05,-3.475342272278969E-05,-3.489738195937628E-05,-3.504166139334754E-05,-3.518626136184669E-05,-3.533118220123085E-05,-3.547642424703598E-05,-3.562198783394103E-05,-3.576787329573158E-05,-3.591408096526258E-05,-3.606061117442056E-05,-3.620746425408496E-05,-3.6354640534088834E-05,-3.650214034317879E-05,-3.6649964008974055E-05,-3.679811185792494E-05,-3.694658421527036E-05,-3.709538140499462E-05,-3.724450374978339E-05,-3.739395157097878E-05,-3.7543725188533636E-05,-3.769382492096495E-05,-3.7844251085306354E-05,-3.799500399705974E-05,-3.8146083970145985E-05,-3.8297491316854716E-05,-3.8449226347793153E-05,-3.860128937183396E-05,-3.875368069606215E-05,-3.8906400625720955E-05,-3.905944946415669E-05,-3.921282751276262E-05,-3.93665350709217E-05,-3.9520572435948335E-05,-3.9674939903028915E-05,-3.9829637765161396E-05,-3.998466631309364E-05,-4.014002583526062E-05,-4.02957166177205E-05,-4.045173894408944E-05,-4.0608093095475266E-05,-4.0764779350409875E-05,-4.0921797984780315E-05,-4.107914927175871E-05,-4.123683348173074E-05,-4.1394850882222906E-05,-4.1553201737828374E-05,-4.1711886310131455E-05,-4.18709048576307E-05,-4.2030257635660536E-05,-4.218994489631147E-05,-4.2349966888348815E-05,-4.251032385712988E-05,-4.2671016044519675E-05,-4.283204368880499E-05,-4.299340702460694E-05,-4.3155106282791856E-05,-4.331714169038055E-05,-4.3479513470455894E-05,-4.3642221842068654E-05,-4.380526702014168E-05,-4.396864921537219E-05,-4.41323686341324E-05,-4.429642547836815E-05,-4.4460819945495884E-05,-4.4625552228297474E-05,-4.4790622514813315E-05,-4.4956030988233336E-05,-4.512177782678602E-05,-4.528786320362547E-05,-4.5454287286716215E-05,-4.56210502387161E-05,-4.578815221685689E-05,-4.595559337282272E-05,-4.6123373852626325E-05,-4.629149379648296E-05,-4.645995333868207E-05,-4.662875260745653E-05,-4.6797891724849525E-05,-4.696737080657904E-05,-4.713718996189972E-05,-4.73073492934624E-05,-4.747784889717088E-05,-4.7648688862036195E-05,-4.7819869270028176E-05,-4.79913901959243E-05,-4.816325170715579E-05,-4.833545386365089E-05,-4.850799671767529E-05,-4.868088031366963E-05,-4.885410468808405E-05,-4.9027669869209734E-05,-4.9201575877007314E-05,-4.9375822722932296E-05,-4.9550410409757155E-05,-4.972533893139027E-05,-4.9900608272691574E-05,-5.007621840928483E-05,-5.0252169307366506E-05,-5.04284609235112E-05,-5.060509320447347E-05,-5.0782066086986194E-05,-5.095937949755515E-05,-5.1137033352249987E-05,-5.131502755649132E-05,-5.149336200483406E-05,-5.1672036580746756E-05,-5.185105115638705E-05,-5.2030405592372996E-05,-5.2210099737550294E-05,-5.239013342875534E-05,-5.2570506490574E-05,-5.275121873509611E-05,-5.293226996166542E-05,-5.3113659956625255E-05,-5.329538849305946E-05,-5.3477455330528784E-05,-5.365986021480251E-05,-5.384260287758535E-05,-5.4025683036239404E-05,-5.420910039350121E-05,-5.439285463719373E-05,-5.457694543993321E-05,-5.4761372458830874E-05,-5.494613533518931E-05,-5.5131233694193436E-05,-5.5316667144596074E-05,-5.5502435278397905E-05,-5.568853767052182E-05,-5.5874973878481535E-05

Planet 5 Coords:
1,0.9998667262112769,0.9994669367039615,0.9988007270440683,0.9978682564961578,0.9966697480126425,0.995205488218763,0.9934758273932013,0.9914811794442926,0.9892220218817831,0.9866988957840781,0.983912405760911,0.9808632199113568,0.9775520697771058,0.9739797502909019,0.9701471197200419,0.9660550996048247,0.9617046746918287,0.9570968928618869,0.9522328650526216,0.9471137651753909,0.9417408300264908,0.9361153591924484,0.9302387149492312,0.9241123221551929,0.9177376681375626,0.911116302572281,0.9042498373569737,0.8971399464768488,0.8897883658632947,0.8821968932449449,0.8743673879909736,0.8663017709463734,0.8580020242589608,0.8494701911978487,0.840708375963117,0.8317187434864045,0.8225035192221403,0.8130649889291256,0.8034054984421699,0.7935274534334794,0.7834333191634907,0.7731256202208349,0.7626069402511131,0.7518799216741595,0.7409472653894587,0.729811730469386,0.7184761338399273,0.7069433499485348,0.6952163104187682,0.6832980036913683,0.6711914746514046,0.6588998242411346,0.6464262090582084,0.6337738409388527,0.6209459865256591,0.6079459668196042,0.5947771567159237,0.5814429845234641,0.5679469314671303,0.5542925311730504,0.5404833691360766,0.5265230821692409,0.512415357834789,0.49816393385641156,0.4837725975122995,0.46924518500864904,0.4545855808332472,0.43979771708877274,0.42488557280545114,0.4098531732327082,0.3947045891094732,0.37944393591278824,0.3640753730843895,0.34860310323493143,0.333031371325538,0.31736446382637035,0.3016067078519126,0.2857624702726905,0.2698361568031443,0.2538322110653959,0.23775511362865964,0.22160938102406183,0.2053995647346494,0.1891302501603833,0.17280605555792966,0.1564316309550794,0.14001165703964444,0.12355084402269978,0.10705393047605924,0.09052568214389504,0.07397089072843269,0.05739437264967585,0.04080096777913967,0.024195538147595532,0.007582966626855803,-0.009031844414346391,-0.02564397448030014,-0.04224848634397217,-0.058840427468235534,-0.07541483145250247,-0.09196671950456213,-0.10849110193739228,-0.12498297969068228,-0.1414373458767718,-0.15784918735067613,-0.17421348630383549,-0.19052522188119,-0.20677937182114778,-0.22297091411797684,-0.23909482870611637,-0.25514609916586434,-0.2711197144498634,-0.28701067062976754,-0.302813972662436,-0.3185246361749606,-0.33413768926779724,-0.34964817433523154,-0.3650511499023707,-0.3803416924778174,-0.3955148984211398,-0.41056588582421616,-0.425489796405494,-0.4402817974161659,-0.45493708355722634,-0.46945087890633924,-0.48381843885340675,-0.49803505204369714,-0.5120960423273528,-0.5259967707140668,-0.5397326373316809,-0.55329908338743,-0.5666915931305223,-0.5799056958147178,-0.5929369676595369,-0.6057810338087042,-0.6184335702844092,-0.6308903059359356,-0.6431470243811933,-0.6551995659396624,-0.6670438295552421,-0.6786757747074768,-0.6900914233096165,-0.7012868615919589,-0.7122582419689003,-0.7230017848881225,-0.7335137806603285,-0.7437905912679369,-0.7538286521511431,-0.7636244739697522,-0.7731746443391921,-0.7824758295391209,-0.7915247761930431,-0.8003183129173684,-0.8088533519383488,-0.8171268906753489,-0.8251360132889215,-0.8328778921921769,-0.8403497895239606,-0.8475490585823722,-0.8544731452171932,-0.8611195891798147,-0.8674860254292888,-0.8735701853931688,-0.8793698981818288,-0.8848830917550032,-0.8901077940393228,-0.8950421339956692,-0.8996843426352157,-0.9040327539830726,-0.9080858059885024,-0.9118420413807254,-0.9153001084693894,-0.918458761888833,-0.9213168632853322,-0.9238733819465752,-0.9261273953726757,-0.9280780897880943,-0.9297247605939027,-0.9310668127598897,-0.9321037611560727,-0.9328352308232484,-0.9332609571822773,-0.9333807861818731,-0.933194674384728,-0.93270268899188,-0.9319050078052945,-0.9308019191287003,-0.9293938216067933,-0.9276812240029841,-0.9256647449159401,-0.9233451124352338,-0.9207231637364852,-0.9177998446164413,-0.9145762089685119,-0.9110534181993389,-0.9072327405870415,-0.903115550581841,-0.8987033280498333,-0.8939976574607286,-0.8890002270204449,-0.8837128277494889,-0.8781373525081186,-0.8722757949693295,-0.8661302485407586,-0.8597029052366475,-0.852996054501053,-0.8460120819835341,-0.83875346826859,-0.8312227875601572,-0.8234227063225171,-0.8153559818789916,-0.8070254609698436,-0.7984340782708218,-0.78958485487382,-0.7804808967311444,-0.7711253930649005,-0.7615216147430349,-0.7516729126235813,-0.7415827158686705,-0.7312545302298838,-0.7206919363065274,-0.7098985877784195,-0.6988782096147832,-0.6876345962608363,-0.6761716098036749,-0.6644931781190361,-0.652603293000526,-0.6405060082728886,-0.6282054378908798,-0.6157057540253018,-0.6030111851377357,-0.5901260140454961,-0.5770545759783138,-0.563801256628228,-0.5503704901941574,-0.536766757422585,-0.5229945836457753,-0.5090585368189132,-0.49496322555752437,-0.4807132971765111,-0.46631343573210676,-0.4517683600680179,-0.4370828218669946,-0.422261603709034,-0.4073095171373877,-0.39223140073351015,-0.3770321182020476,-0.3617165564669332,-0.34628962377961414,-0.33075624784040225,-0.3151213739338998,-0.2993899630794149,-0.28356699019724385,-0.26765744229165694,-0.2516663166513886,-0.23559861906839225,-0.21945936207558336,-0.20325356320425478,-0.1869862432618114,-0.17066242463043285,-0.15428712958723545,-0.1378653786464682,-0.12140218892423961,-0.10490257252623768,-0.08837153495886771,-0.07181407356419896,-0.055235175979075825,-0.03863981861871532,-0.0220329651850795,-0.00541956520027866,0.011195447434770554,0.02780715585623937,0.04441066162767088,0.06100108610452087,0.07757357177285149,0.09412328356210133,0.1106454101318831,0.1271351651327858,0.143587788441184,0.15999854736808136,0.17636273784203874,0.1926756855662607,0.20893274714993504,0.2251293112139424,0.24126079947107085,0.2573226677808926,0.27331040717947497,0.2892195448841183,0.3050456452733267,0.3207843108422376,0.3364311831337456,0.35198194364557583,0.3674323147135698,0.3827780603714636,0.39801498718744704,0.41313894507780413,0.4281458280979456,0.4430315752111527,0.4577921710353607,0.4724236465683178,0.48692207989146286,0.5012835968528707,0.5155043717296213,0.5295806278699515,0.5435086383155564,0.5572847264044054,0.5709052663544483,0.584366683828584,0.5976654564812678,0.6107981144871363,0.623761241052029,0.636551472906785,0.6491655007841958,0.6616000698794909,0.6738519802947377,0.6859180874675289,0.6977953025843352,0.7094805929788932,0.7209709825160023,0.7322635519610939,0.74335543933594,0.7542438402608593,0.7649260082837788,0.7753992551965009,0.7856609513385255,0.7957085258887688,0.8055394671455153,0.8151513227949361,0.8245417001685006,0.8337082664896002,0.8426487491096994,0.8513609357343239,0.8598426746391843,0.8680918748767334,0.8761065064734435,0.8838846006180857,0.8914242498412851,0.8987236081866178,0.9057808913735106,0.9125943769521931,0.9191624044509482,0.9254833755158955,0.9315557540435371,0.937378066306285,0.9429489010711837,0.9482669097120305,0.9533308063150897,0.9581393677785887,0.9626914339061737,0.966985907494498,0.9710217544151003,0.9747980036907317,0.9783137475662722,0.9815681415743743,0.9845604045959614,0.9872898189156977,0.9897557302725424,0.9919575479054857,0.9938947445945614,0.9955668566972175,0.9969734841801204,0.9981142906464571,0.9989890033587919,0.9995974132575265,0.9999393749749989,1.0000148068452546,0.9998236909095074,0.9993660729173027,0.9986420623233866,0.9976518322802714,0.9963956196264875,0.9948737248704901,0.9930865121701946,0.9910344093080931,0.9887179076619027,0.9861375621706857,0.9832939912963717,0.9801878769806035,0.9768199645968204,0.9731910628974829,0.969302043956333,0.965153843105579,0.9607474588678785,0.956083952882994,0.9511644498289754,0.9459901373377264,0.940562265904793,0.9348821487932127,0.9289511619312474,0.9227707438038176,0.9163423953374498,0.9096676797785335,0.9027482225646851,0.8955857111889979,0.8881818950569594,0.8805385853358012,0.8726576547960423,0.8645410376449802,0.8561907293518731,0.8476087864645511,0.8387973264171874,0.829758527328952,0.8204946277932628,0.8110079266573451,0.8013007827917996,0.7913756148498751,0.7812349010161356,0.770881178744205,0.7603170444832641,0.7495451533929747,0.7385682190464927,0.7273890131212345,0.7160103650770477,0.7044351618214415,0.6926663473615186,0.680706922442254,0.6685599441707568,0.6562285256261511,0.643715835454706,0.6310250974498455,0.618159590116662,0.6051226462205613,0.5919176523196575,0.578548048280543,0.5650173267770525,0.5513290327716425,0.5374867629790056,0.5234941653115428,0.5093549383063154,0.49507283053310114,0.4806516399831818,0.46609521343849086,0.4514074458207559,0.4365922795202715,0.4216537037039449,0.4065957536022627,0.3914225097748304,0.376138097354146,0.3607466852672742,0.34525248543509696,0.3296597519488254,0.31397278022346564,0.29819590612794417,0.2823335050916075,0.2663899911868232,0.25036981618742316,0.23427746860274185,0.21811747268701837,0.20189438742394464,0.18561280548615974,0.1692773521695063,0.152892684301883,0.13646348912654596,0.11999448315973132,0.1034904110224914,0.08695604424665926,0.07039618005487708,0.053815640114648414,0.0372192692663973,0.020611934225542788,0.003998522258622676,-0.012616060166472862,-0.029226888756069633,-0.04582902279196349,-0.0624175065582146,-0.07898737079330645,-0.09553363416746366,-0.11205130478489071,-0.1285353817106622,-0.14498085652196155,-0.16138271488333217,-0.17773593814557034,-0.19403550496785452,-0.2102763929626702,-0.2264535803630539,-0.2425620477116424,-0.25859677957097776,-0.274552766254481,-0.2904250055774683,-0.3062085046275487,-0.32189828155370065,-0.3374893673732894,-0.35297680779624735,-0.368355665065601,-0.38362101981349106,-0.39876797293179184,-0.4137916474564007,-0.42868719046422776,-0.44344977498188126,-0.45807460190500304,-0.4725569019271777,-0.4868919374772965,-0.5010750046642269,-0.5151014352276009,-0.5289665984935026,-0.5426659033338025,-0.5561948001278547,-0.5695487827252397,-0.5827233904082092,-0.59571420985246,-0.6085168770848346,-0.6211270794365226,-0.6335405574903147,-0.6457531070204336,-0.6577605809234491,-0.6695588911387652,-0.6811440105571481,-0.6925119749157501,-0.7036588846780706,-0.7145809068972838,-0.7252742770613538,-0.7357353009183514,-0.7459603562803805,-0.7559458948045215,-0.7656884437491979,-0.7751846077043746,-0.7844310702940016,-0.7934245958491237,-0.8021620310500865,-0.8106403065362819,-0.8188564384818894,-0.8268075301360893,-0.8344907733262429,-0.8419034499225534,-0.8490429332627556,-0.855906689535399,-0.862492279120327,-0.8687973578849849,-0.8748196784352232,-0.880557091319302,-0.886007546183842,-0.8911690928805103,-0.89603988252227,-0.9006181684880762,-0.9049023073749429,-0.908890759896361,-0.9125820917260968,-0.9159749742864601,-0.9190681854801812,-0.9218606103651001,-0.9243512417709269,-0.9265391808573961,-0.9284236376131996,-0.9300039312951457,-0.9312794908070584,-0.9322498550179953,-0.9329146730194308,-0.9332737043211176,-0.9333268189854084,-0.9330739976998873,-0.9325153317882303,-0.9316510231592816,-0.9304813841944044,-0.9290068375732294,-0.927227916037998,-0.9251452620967604,-0.9227596276657593,-0.9200718736513981,-0.9170829694722556,-0.9137939925216758,-0.9102061275715256,-0.9063206661177801,-0.9021390056686471,-0.897662648976015,-0.8928932032110566,-0.8878323790848865,-0.882481989915219,-0.8768439506400301,-0.8709202767792801,-0.8647130833457988,-0.8582245837064866,-0.8514570883950272,-0.8444130038773542,-0.8370948312711499,-0.8295051650206978,-0.821646691528443,-0.8135221877446491,-0.8051345197165717,-0.796486641098597,-0.7875815916248201,-0.7784224955455582,-0.7690125600293214,-0.7593550735317738,-0.7494534041332397,-0.73931099784632,-0.7289313768951944,-0.7183181379681947,-0.7074749504452382,-0.6964055546017158,-0.6851137597904258,-0.6736034426031494,-0.6618785450134534,-0.649943072502303,-0.6378010921680588,-0.6254567308224214,-0.6129141730738725,-0.6001776594001507,-0.5872514842112789,-0.5741399939046468,-0.5608475849136253,-0.5473787017511762,-0.533737835049888,-0.5199295195998502,-0.5059583323857483,-0.49182889062453583,-0.477545849805008,-0.4631139017305748,-0.44853777256649546,-0.4338222208928074,-0.4189720357641471,-0.40399203477762596,-0.38888706214989094,-0.3736619868044612,-0.3583217004703984,-0.34287111579332813,-0.32731516445979614,-0.3116587953359028,-0.2959069726211215,-0.2800646740181698,-0.264136888919762,-0.24812861661303526,-0.2320448645024012,-0.2158906463515382,-0.19967098054520005,-0.18339088837147968,-0.1670553923251286,-0.15066951443249507,-0.13423827459860738,-0.1177666889768917,-0.1012597683619781,-0.08472251660601267,-0.0681599290588583,-0.051576991032532715,-0.034978676290198074,-0.01836994555998364,-0.0017557450738903515,0.01485899486800564,0.031469361307864145,0.048070460014750974,0.06465741684354032,0.08122537906795128,0.09776951668764877,0.11428502370936493,0.13076711940202443,0.14721104952588102,0.1636120875356981,0.1799655357580284,0.1962667265426717,0.21251102338840971,0.22869382204313934,0.24481055157854448,0.26085667543946583,0.276827692468147,0.29271913790355036,0.30852658435595587,0.32424564275706746,0.3398719632858706,0.3554012362704943,0.37082919306634776,0.38615160691081046,0.4013642937547692,0.41646311307130296,0.4314439686418303,0.44630280932003785,0.46103562977392276,0.47563847120628455,0.4901074220540115,0.5044386186665131,0.5186282459636532,0.5326725380735471,0.546567778950586,0.5603103029740606,0.5738964955277536,0.5873227935608774,0.6005856861307345,0.6136817149274765,0.626607474781344,0.6393596141527631,0.651934835605682,0.6643298962645227,0.6765416082551295,0.6885668391300866,0.7004025122787821,0.7120456073225901,0.72349316049554,0.7347422650108388,0.7457900714136114,0.7566337879202171,0.7672706807444969,0.7776980744113049,0.7879133520576674,0.797913955721914,0.8076973866211143,0.8172612054171529,0.8266030324717665,0.835720548090864,0.8446114927584412,0.8532736673603962,0.8617049333985495,0.8699032131951567,0.8778664900882062,0.8855928086177765,0.8930802747037297,0.9003270558150039,0.9073313811307617,0.9140915416936471,0.9206058905553913,0.9268728429150023,0.9328908762497645,0.9386585304392686,0.9441744078826795,0.9494371736094457,0.954445555383645,0.9591983438021506,0.9636943923867954,0.9679326176707025,0.9719119992789431,0.9756315800036727,0.9790904658738878,0.982287826219938,0.9852228937329197,0.9878949645190651,0.990303398149239,0.9924476177036371,0.9943271098117805,0.9959414246878849,0.9972901761616779,0.9983730417047276,0.999189762452337,0.9997401432210501,1.000024052521805,1.000041422568763,0.999792249283833,0.9992765922968972,0.9984945749417423,0.9974463842476875,0.9961322709268893,0.9945525493572998,0.9927075975612416,0.9905978571795545,0.9882238334412629,0.9855860951286993,0.982685274538014,0.9795220674349912,0.9760972330060811,0.972411593804553,0.9684660356916591,0.9642615077726968,0.9597990223278434,0.9550796547376306,0.9501045434029183,0.9448748896592157,0.9393919576851912,0.9336570744052054,0.9276716293856883,0.921437074725179,0.9149549249378336,0.9082267568302005,0.9012542093710545,0.8940389835540715,0.8865828422531189,0.8788876100699273,0.8709551731739051,0.8627874791338427,0.8543865367412532,0.845754415825085,0.8368932470575325,0.8278052217506706,0.8184925916436221,0.8089576686799695,0.7992028247751111,0.7892304915732532,0.7790431601937292,0.7686433809663256,0.7580337631552904,0.7472169746716952,0.7361957417738139,0.7249728487551788,0.713551137619967,0.7019335077453681,0.6901229155305771,0.678122374032055,0.6659349525846933,0.6535637764085173,0.6410120262005585,0.6282829377115249,0.6153798013068936,0.6023059615120524,0.5890648165411092,0.5756598178089937,0.5620944694264702,0.5483723276776832,0.5344970004798552,0.5204721468247596,0.5063014762015918,0.4919887480008625,0.47753777089894034,0.46295240222287615,0.44823654729514045,0.43339415875791343,0.41842923587657105,0.4033458238220142,0.3881480129314972,0.37283993794761583,0.35742577723512525,0.3419097519752641,0.3262961253372717,0.31058920162679454,0.2947933254108879,0.2789128806193316,0.2629522896219895,0.24691601228195503,0.2308085449842407,0.2146344196397815,0.19839820266453997,0.18210449393351497,0.16575792570947465,0.14936316154625176,0.13292489516645759,0.11644784931349197,0.0999367745777461,0.08339644819691723,0.06683167283037658,0.05024727530755472,0.03364810535033351,0.01703903426945823,0.000424953635009582,-0.01618922607899775,-0.03279857687579591,-0.04939815464270141,-0.06598300058345738,-0.0825481426758986,-0.09908859715472626,-0.11559937001914808,-0.13207545856510675,-0.14851185294178665,-0.16490353773205543,-0.18124549355646194,-0.1975326987003778,-0.2137601307638339,-0.22992276833356698,-0.2460155926767554,-0.2620335894558856,-0.2779717504641542,-0.2938250753807718,-0.30958857354549857,-0.32525726575170083,-0.34082618605718257,-0.35629038361200494,-0.3716449245024699,-0.38688489361040496,-0.4020053964868488,-0.4170015612391976,-0.4318685404308367,-0.4466015129922423,-0.461195686142503,-0.4756462973201722,-0.4899486161223297,-0.5040979462506916,-0.5180896274635765,-0.531919037532501,-0.5455815942021439,-0.5590727571523889,-0.5723880299611226,-0.585522962066438,-0.5984731507268622,-0.6112342429782032,-0.6238019375855837,-0.6361719869892064,-0.648340199242374,-0.660302439940264,-0.6720546341379444,-0.683592768256093,-0.6949128919728754,-0.706011120100417,-0.7168836344442996,-0.7275266856444997,-0.7379365949961812,-0.7481097562487509,-0.7580426373815838,-0.7677317823548249,-0.7771738128336743,-0.7863654298845756,-0.7953034156417245,-0.8039846349423354,-0.8124060369291086,-0.8205646566183599,-0.8284576164322921,-0.8360821276939077,-0.8434354920830844,-0.8505151030523631,-0.8573184472010226,-0.8638431056060502,-0.8700867551086465,-0.8760471695549413,-0.881722220989633,-0.887109880801308,-0.8922082208182345,-0.897015414353474,-0.9015297371982005,-0.9057495685621638,-0.9096733919602881,-0.9132997960444488,-0.916627475379525,-0.9196552311628852,-0.9223819718865152,-0.9248067139410686,-0.9269285821611691,-0.9287468103113667,-0.9302607415122095,-0.931469828605957,-0.9323736344615308,-0.932971832218363,-0.9332642054688682,-0.9332506483793386,-0.9329311657491244,-0.9323058730080367,-0.9313749961519716,-0.930138871616831,-0.9285979460908773,-0.9267527762657358,-0.9246040285263158,-0.9221524785800022,-0.9193990110255228,-0.916344618861975,-0.9129904029385502,-0.9093375713455649,-0.905387438747468,-0.9011414256585554,-0.896601057662182,-0.8917679645743225,-0.8866438795523854,-0.8812306381502426,-0.8755301773204889,-0.8695445343649975,-0.8632758458348846,-0.8567263463810473,-0.8498983675564794,-0.8427943365716156,-0.8354167750039926,-0.8277682974635548,-0.8198516102149683,-0.8116695097583358,-0.8032248813697432,-0.7945206976030874,-0.7855600167546679,-0.7763459812920435,-0.7668818162486762,-0.7571708275859043,-0.7472164005237972,-0.7370219978424646,-0.726591158155393,-0.7159274941563999,-0.7050346908417927,-0.6939165037093289,-0.6825767569355692,-0.6710193415332156,-0.6592482134900228,-0.6472673918908615,-0.6350809570245057,-0.622693048476707,-0.6101078632110991,-0.5973296536394685,-0.5843627256829055,-0.5712114368253316,-0.5578801941608809,-0.544373452436587,-0.5306957120918072,-0.5168515172957867,-0.5028454539847416,-0.48868214789980907,-0.474366262627184,-0.4599024976417326,-0.4452955863553383,-0.4305502941712057,-0.4156714165453132,-0.4006637770561692,-0.3855322254839942,-0.3702816359004129,-0.3549169047697049,-0.3394429490626249,-0.3238647043837667,-0.30818712311340657,-0.2924151725647247,-0.27655383315726306,-0.2606080966074425,-0.24458296413692096,-0.2284834446995381,-0.21231455322755152,-0.19608130889783398,-0.17978873341866053,-0.16344184933767922,-0.14704567837161936,-0.13060523975825683,-0.11412554863111701,-0.09761161441736192,-0.08106843925927129,-0.06450101645969283,-0.04791432895180291,-0.03131334779348445
0,0.01604206852451416,0.03207986195375341,0.04810910503674224,0.06412552409587743,0.08012484781393689,0.0961028080216281,0.11205514048585485,0.12797758569888001,0.1438658896685608,0.1597158047098317,0.17552309023760868,0.1912835135612855,0.2069928506809925,0.22264688708578376,0.23824141855391792,0.2537722519553929,0.269235206056894,0.2846261123293093,0.2999408157579643,0.3151751756557224,0.33032506647909554,0.3453863786475023,0.3603550193658091,0.3752269134502829,0.3899980041580803,0.40466425402038997,0.4192216456793442,0.4336661827288037,0.44799389055911837,0.4622008172059577,0.47628303420329765,0.4902366374406459,0.5040577480245763,0.5177425131446399,0.5312871069437087,0.544687731392801,0.557940617170429,0.5710420245464999,0.5839882442707921,0.5967755984660199,0.6094004415254869,0.6218591610153213,0.634148178581275,0.6462639508600543,0.6582029703951412,0.6699617665570543,0.6815369064679805,0.6929249959307003,0.7041226803617187,0.7151266457284923,0.725933619490641,0.7365403715450084,0.7469437151744289,0.7571405080000403,0.7671276529369687,0.7769020991531976,0.7864608430314163,0.7958009291336304,0.8049194511682989,0.8138135529597488,0.8224804294196008,0.8309173275199249,0.8391215472678281,0.847090442681157,0.8548214227649872,0.8623119524885484,0.8695595537622192,0.8765618064142111,0.8833163491665373,0.8898208806098501,0.896073160176709,0.902071009112825,0.9078123114458081,0.9132950149509274,0.9185171321133715,0.9234767410864844,0.9281719866454274,0.9326010811357024,0.936762305415954,0.9406540097944464,0.9442746149585962,0.9476226128969217,0.9506965678127518,0.9534951170290206,0.9560169718834559,0.9582609186134509,0.9602258192298945,0.9619106123792158,0.9633143141928843,0.9644360191235898,0.9652749007673125,0.9658302126704778,0.966101289121375,0.9660875459250083,0.9657884811605312,0.9652036759204081,0.9643327950304309,0.9631755877497097,0.9617318884497454,0.9600016172716853,0.9579847807608503,0.95568147247762,0.9530918735837512,0.9502162534032029,0.9470549699565362,0.9436084704679524,0.9398772918440362,0.9358620611232616,0.9315634958953295,0.9269824046893974,0.9221196873302747,0.916976335261654,0.9115534318354594,0.9058521525664011,0.8998737653508313,0.8936196306490106,0.887091201629905,0.8802900242776471,0.8732177374588138,0.865876072949685,0.858266855422672,0.8503920023911217,0.8422535241117265,0.8338535234437943,0.8251941956646568,0.8162778282405247,0.8071068005521268,0.797683583574499,0.7880107395103257,0.7780909213762688,0.7679268725417532,0.7575214262197218,0.7468775049089068,0.7359981197872059,0.7248863700558001,0.713545442233687,0.7019786094023529,0.6901892304003553,0.6781807489676321,0.6659566928394093,0.6535206727896217,0.6408763816238255,0.6280275931216224,0.6149781609286783,0.6017320173984723,0.5882931723839657,0.5746657119794437,0.5608537972128322,0.5468616626888584,0.5326936151834779,0.5183540321900519,0.503847360417816,0.48917811424324503,0.47435087411497484,0.45937028491300186,0.44424105426294297,0.4289679508061944,0.4135558024268887,0.3980094944366064,0.3823339677178558,0.3665342168273918,0.3506152880604985,0.33458227747741764,0.31844032889315466,0.3021946318319488,0.28585041944774325,0.26941296641204027,0.25288758677057305,0.23627963177027297,0.21959448765805306,0.20283757345297038,0.186014338693371,0.16913026116065616,0.15219084458134538,0.13520161630914398,0.11816812498875257,0.10109593820318424,0.08399064010638035,0.06685782904293754,0.049703115156778985,0.03253211799061997,0.01535046407809112,-0.0018362154696049695,-0.01902228738062035,-0.03620211864108225,-0.05337007891351578,-0.07052054295317732,-0.08764789302041025,-0.10474652128714096,-0.12181083223564182,-0.13883524504770017,-0.15581419598234647,-0.1727421407403128,-0.18961355681341305,-0.20642294581705897,-0.22316483580415208,-0.23983378355861973,-0.2564243768668938,-0.27293123676566483,-0.2893490197642785,-0.3056724200401801,-0.32189617160585265,-0.3380150504457358,-0.35402387662165696,-0.36991751634535186,-0.3856908840167,-0.40133894422634864,-0.41685671372145106,-0.4322392633332956,-0.447481719865657,-0.462579267942755,-0.4775271518157624,-0.49232067712685884,-0.5069552126298876,-0.5214261918667275,-0.5357291147985522,-0.5498595493912104,-0.5638131331540126,-0.5775855746312817,-0.5911726548460705,-0.6045702286955206,-0.6177742262973897,-0.6307806542873349,-0.6435855970666007,-0.6561852179998152,-0.6685757605626583,-0.6807535494392215,-0.6927149915689348,-0.7044565771429931,-0.7159748805502674,-0.7272665612727371,-0.7383283647305404,-0.7491571230767768,-0.7597497559422611,-0.7701032711304627,-0.780214765262921,-0.7900814243754669,-0.7997005244656278,-0.8090694319916346,-0.8181856043234901,-0.8270465901465972,-0.8356500298184838,-0.8439936556791968,-0.8520752923159706,-0.8598928567828094,-0.867444358775654,-0.8747279007638301,-0.8817416780785048,-0.8884839789589032,-0.8949531845570594,-0.9011477689019007,-0.9070662988234809,-0.9127074338382007,-0.9180699259958687,-0.9231526196894698,-0.9279544514285268,-0.9324744495769459,-0.9367117340562547,-0.9406655160151445,-0.9443350974662396,-0.9477198708910208,-0.950819318813835,-0.9536330133459254,-0.9561606157004221,-0.9584018756792262,-0.9603566311327283,-0.9620248073932928,-0.9634064166834413,-0.964501557499661,-0.9653104139727615,-0.9658332552056911,-0.9660704345897251,-0.9660223890999218,-0.965689638570737,-0.9650727849526762,-0.9641725115508546,-0.9629895822463181,-0.9615248407009735,-0.9597792095469564,-0.957753689561254,-0.9554493588263878,-0.9528673718779408,-0.9500089588397045,-0.9468754245472002,-0.9434681476603167,-0.9397885797657853,-0.9358382444702019,-0.9316187364842823,-0.9271317206990243,-0.9223789312544293,-0.9173621706014204,-0.9120833085575727,-0.9065442813572562,-0.9007470906967734,-0.8946938027750513,-0.8883865473304337,-0.8818275166740989,-0.8750189647206095,-0.8679632060160816,-0.8606626147644455,-0.8531196238522487,-0.8453367238724329,-0.837316462147503,-0.8290614417524842,-0.820574320538046,-0.8118578101541561,-0.8029146750746089,-0.7937477316227531,-0.7843598469987336,-0.7747539383085351,-0.7649329715951092,-0.7548999608718422,-0.7446579671586104,-0.7342100975206496,-0.7235595041104536,-0.7127093832128983,-0.7016629742937763,-0.6904235590519086,-0.6789944604749877,-0.6673790418992944,-0.6555807060734121,-0.6436028942260528,-0.6314490851380948,-0.6191227942189192,-0.6066275725871202,-0.5939670061556511,-0.5811447147214577,-0.568164351059638,-0.5550296000221572,-0.5417441776411337,-0.5283118302367056,-0.514736333529471,-0.5010214917574929,-0.48717113679784163,-0.47318912729264695,-0.45907934777961523,-0.4448457078269651,-0.4304921411727209,-0.41602260486830056,-0.4014410784263221,-0.3867515629725485,-0.37195808040188316,-0.35706467253831964,-0.34207540029874484,-0.3269943428604873,-0.3118255968324969,-0.296573275430036,-0.28124150765275663,-0.2658344374660346,-0.2503562229854236,-0.2348110356640912,-0.219203059483091,-0.20353649014432382,-0.18781553426603523,-0.17204440858069364,-0.15622733913508996,-0.14036856049249696,-0.12447231493672281,-0.10854285167789152,-0.0925844260597804,-0.07660129876854231,-0.06059773504263909,-0.04457800388381027,-0.028546377268900684,-0.012507129362368636,0.003535464270704147,0.01957712745128035,0.035613584172892655,0.05164055938820724,0.06765377979580534,0.0836489746273626,0.09962187643540564,0.11556822188182425,0.13148375252731676,0.14736421562194502,0.16320536489697357,0.1790029613581664,0.194752774080712,0.21045058100594613,0.22609216974003848,0.24167333835480706,0.2571898961908212,0.2726376646629509,0.28801247806851654,0.30331018439818946,0.31852664614979026,0.333657741145127,0.3486993633500107,0.363647423697582,0.3784978509150765,0.3932465923541517,0.40788961482489317,0.42242290543361044,0.4368424724245292,0.45114434602547726,0.46532457929765747,0.47937924898959294,0.49330445639532133,0.5070963282169098,0.5207510174313527,0.5342647041619067,0.5476335965539084,0.5608539316551122,0.5739219763005772,0.5868340280021201,0.5995864158423445,0.6121755013732452,0.6245976795193751,0.636849379485555,0.6489270656690901,0.6608272385764525,0.6725464357443707,0.6840812326652592,0.6954282437169099,0.70658412309635,0.7175455657577624,0.7283093083543491,0.7388721301840065,0.7492308541386652,0.759382347657134,0.7693235236812751,0.7790513416153192,0.7885628082881171,0.7978549789181075,0.8069249580807655,0.8157699006782816,0.8243870129112019,0.8327735532517477,0.8409268334185124,0.8488442193522183,0.8565231321922008,0.8639610492532658,0.8711555050025513,0.8781040920360084,0.8848044620540927,0.8912543268362473,0.8974514592137336,0.903393694040351,0.9090789291605679,0.9145051263745685,0.919670312399699,0.9245725798277808,0.9292100880777407,0.9335810643429837,0.9376838045329235,0.9415166742080624,0.9450781095079943,0.9483666180716896,0.9513807799493976,0.9541192485054907,0.956580751311551,0.9587640910289879,0.9606681462804538,0.9622918725093135,0.9636343028264007,0.964694548843286,0.9654718014912598,0.965965331825222,0.9661744918116565,0.9660987150998505,0.9657375177755146,0.965090499095936,0.9641573422057963,0.962937814832767,0.9614317699619906,0.9596391464885452,0.9575599698469781,0.9551943526169959,0.9525424951043834,0.9496046858962236,0.9463813023894861,0.9428728112920484,0.9390797690952126,0.9350028225167817,0.9306427089137566,0.9260002566637225,0.9210763855139932,0.9158721068975884,0.9103885242151262,0.9046268330817193,0.8985883215379762,0.8922743702242142,0.8856864525170131,0.8788261346272416,0.8716950756587133,0.8642950276266442,0.8566278354350992,0.8486954368126435,0.8404998622054312,0.8320432346269908,0.8233277694639944,0.814355774237322,0.8051296483177659,0.7956518825957511,0.7859250591044766,0.7759518505959229,0.7657350200692051,0.7552774202507895,0.7445819930261297,0.7336517688223246,0.7224898659414376,0.711099489844166,0.6994839323835936,0.6876465709888048,0.6755908677981931,0.6633203687423411,0.6508387025764046,0.6381495798619828,0.6252567918985146,0.6121642096042907,0.5988757823472319,0.5853955367256349,0.57172757529915,0.5578760752703096,0.5438452871169848,0.5296395331762075,0.5152632061798552,0.5007207677427532,0.4860167468038099,0.47115573802086114,0.45614240011995727,0.4409814541998872,0.42567768199279277,0.4102359240817839,0.39466107807652473,0.37895809674781605,0.3631319861222578,0.34718780353812845,0.3311306556636739,0.3149656964790515,0.29869812522322464,0.28233318430715637,0.2658761571946966,0.24933236625260513,0.23270717057119952,0.21600596375715653,0.19923417170004049,0.18239725031416923,0.16550068325746495,0.1485499796289729,0.13155067164676193,0.11450831230795153,0.09742847303263624,0.08031674129350358,0.06317871823296285,0.04602001626962207,0.02884625669596573,0.01166306726910035,-0.005523920203554976,-0.022709072281747837,-0.039886756311151544,-0.05705134284151197,-0.07419720804229113,-0.09131873611392026,-0.10841032169278202,-0.12546637224805093,-0.14248131046853385,-0.15944957663766768,-0.17636563099484903,-0.19322395608129278,-0.21001905906863844,-0.2267454740685505,-0.24339776442158775,-0.2599705249636469,-0.2764583842683212,-0.29285600686354807,-0.30915809542096206,-0.32535939291640525,-0.3414546847600937,-0.35743880089498015,-0.37330661786190145,-0.3890530608301459,-0.4046731055921256,-0.4201617805208912,-0.4355141684892762,-0.4507254087495158,-0.46579069877223556,-0.4807052960437658,-0.4954645198207904,-0.5100637528413988,-0.5244984429916679,-0.5387641049269578,-0.552856321647167,-0.5667707460252506,-0.5805031022883631,-0.5940491874510525,-0.6074048726999842,-0.6205661047297389,-0.6335289070292865,-0.6462893811187931,-0.658843707736481,-0.6711881479753166,-0.6833190443693581,-0.6952328219296513,-0.7069259891296171,-0.7183951388399277,-0.7296369492129219,-0.740648184516662,-0.7514256959187857,-0.7619664222203537,-0.7722673905399446,-0.7823257169482948,-0.7921386070538224,-0.8017033565394249,-0.8110173516509745,-0.8200780696379829,-0.8288830791469387,-0.8374300405678657,-0.8457167063346798,-0.8537409211799571,-0.8615006223447624,-0.8689938397442106,-0.8762186960894673,-0.8831734069669213,-0.8898562808752836,-0.8962657192213951,-0.9024002162755438,-0.908258359087114,-0.913838827361408,-0.9191403932984962,-0.9241619213949684,-0.9289023682094727,-0.9333607820929349,-0.9375363028843712,-0.9414281615732055,-0.945035679929016,-0.9483582700996405,-0.9513954341785711,-0.9541467637425768,-0.9566119393604878,-0.9587907300740821,-0.9606829928520082,-0.9622886720176802,-0.9636077986520727,-0.9646404899723448,-0.9653869486872104,-0.9658474623299711,-0.9660224025701143,-0.9659122245043766,-0.9655174659281583,-0.9648387465881658,-0.9638767674171504,-0.9626323097515938,-0.9611062345331843,-0.9592994814949122,-0.957213068332595,-0.9548480898626358,-0.952205717166797,-0.9492871967247599,-0.9460938495352212,-0.9426270702262651,-0.938888326155729,-0.9348791565022674,-0.9306011713477963,-0.9260560507519904,-0.9212455438194778,-0.9161714677603684,-0.9108357069447266,-0.9052402119515844,-0.8993869986130733,-0.8932781470542305,-0.8869158007290215,-0.8803021654531007,-0.8734395084338097,-0.8663301572979015,-0.8589764991174549,-0.8513809794344251,-0.8435461012842641,-0.8354744242190173,-0.8271685633302933,-0.8186311882724819,-0.8098650222865771,-0.800872841224946,-0.7916574725773687,-0.7822217944986545,-0.7725687348381227,-0.7627012701712246,-0.7526224248335598,-0.7423352699575322,-0.7318429225118659,-0.7211485443441955,-0.7102553412269228,-0.6991665619065205,-0.6878854971564483,-0.6764154788338322,-0.6647598789400453,-0.6529221086853109,-0.6409056175574408,-0.6287138923948058,-0.6163504564636201,-0.6038188685396145,-0.5911227219941586,-0.5782656438848778,-0.5652512940508043,-0.5520833642120875,-0.5387655770742782,-0.5253016854371919,-0.5116954713083455,-0.4979507450209515,-0.4840713443564472,-0.4700611336715211,-0.45592400302959696,-0.4416638673367228,-0.4272846654818048,-0.41279035948111914,-0.3981849336270258,-0.3834723936408024,-0.3686567658295071,-0.35374209624677566,-0.33873244985744744,-0.32363190970591343,-0.3084445760880687,-0.29317456572675066,-0.2778260109505348,-0.26240305887575816,-0.24690987059163338,-0.23135062034831277,-0.21572949474775738,-0.20005069193726177,-0.18431842080548197,-0.16853690018080944,-0.15271035803193175,-0.13684303067041728,-0.12093916195515778,-0.10500300249850161,-0.08903880887390628,-0.07305084282493847,-0.057043370475447205,-0.04102066154073421,-0.024986988539544397,-0.008946626006698334,0.00709615029381241,0.023137064155446703,0.0391718397156321,0.055196202242360076,0.07120587892103827,0.08719659964177949,0.10316409778730669,0.11910411102165212,0.135012382079828,0.15088465955864477,0.1667166987088513,0.1825042622287699,0.1982431210595963,0.21392905518253397,0.22955785441792775,0.2451253192265606,0.2606272615132732,0.27605950543306373,0.2914178881998212,0.3066982608978413,0.321896489296272,0.3370084546666283,0.35203005460351466,0.366957203848686,0.38178583511857517,0.3965118999354077,0.4111313694620202,0.42564023534049283,0.440034510534699,0.45431023017687033,0.468463452418268,0.4824902592840425,0.49638675753236045,0.5101490795178656,0.5237733840595344,0.5372558573129816,0.5505927136472555,0.5637801965261616,0.5768145793941403,0.5896921665667127,0.602409294125505,0.6149623308178442,0.6273476789609159,0.639561775350456,0.6516010921739429,0.6634621379282425,0.6751414583416488,0.6866356373002478,0.6979412977785234,0.7090551027741097,0.7199737562465791,0.7306940040601503,0.7412126349301718,0.7515264813732416,0.7616324206607928,0.7715273757759697,0.7812083163736026,0.7906722597430708,0.7999162717738342,0.8089374679233918,0.8177330141874132,0.8263001280717721,0.8346360795661952,0.842738192119221,0.850603843614147,0.8582304673456304,0.8656155529965817,0.8727566476149811,0.8796513565902276,0.8862973446286081,0.8926923367274631,0.898834119147603,0.9047205403835098,0.9103495121308451,0.9157190102507615,0.920827075730501,0.925671815639741,0.9302514040821337,0.9345640831414636,0.9386081638218304,0.9423820269812481,0.9458841242580266,0.9491129789892945,0.9520671871209923,0.954745418108657,0.9571464158082953,0.9592689993566297,0.9611120640399817,0.9626745821510431,0.9639556038327662,0.9649542579085947,0.9656697526982316,0.9661013768181391,0.966248499965939,0.9661105736878762,0.9656871321284942,0.964977792761655,0.9639822571020314,0.9627003113961845,0.9611318272923276,0.9592767624878777,0.9571351613538768,0.9547071555353666,0.9519929645267914,0.9489928962214982,0.9457073474344018,0.9421368043968773,0.9382818432229454,0.9341431303458103,0.9297214229238169,0.9250175692148924,0.9200325089185442,0.9147672734844888,0.9092229863869983,0.903400863364051,0.8973022126203934,0.8909284349936218,0.8842810240824132,0.8773615663360446,0.8701717411043596,0.862713320647356,0.8549881701035917,0.8469982474166243,0.8387456032187239,0.8302323806711268,0.821460815260118,0.8124332345482648,0.8031520578801511,0.7936197960419943,0.7838390508745595,0.7738125148388242,0.763542970533878,0.7530332901665867,0.7422864349725856,0.731305454588212,0.720093486373027,0.7086537546826253,0.6969895700914763,0.6851043285655857,0.6730015105848194,0.6606846802147814,0.6481574841281865,0.6354236505757229,0.6224869883064565,0.609351385437879,0.59602080827576,0.5824993000840211,0.5687909798049058,0.5549000407297772,0.5408307491209342,0.5265874427848978,0.5121745295976737,0.497596485982564,0.4828578553411528,0.4679632464381561,0.4529173317408831,0.4377248457141149,0.42239058307126764,0.4069193969827628,0.39131619724258754,0.37558594839408255,0.3597336678160533,0.3437644237703539,0.3276833334121473,0.3114955607640988,0.2952063146558099,0.27882084662985124,0.2623444488157994,0.2457824517737306,0.22914022230866873,0.2124231612575264,0.19563670125012095,0.17878630444588395,0.16187746024791935,0.14491568299610072,0.1279065096409279,0.11085549739989384,0.09376822139813834,0.07665027229518938,0.05950725389961432,0.042344780773421374,0.025168475828067867,0.00798396791394422,-0.009203110594786762,-0.026387126218109104,-0.04356244678894054,-0.06072344387089516,-0.07786449517313117,-0.09497998696039812,-0.11206431645640474,-0.1291118942386392,-0.1461171466227867,-0.16307451803490522,-0.17997847336953882,-0.19682350033196963,-0.21360411176283375,-0.2303148479433531,-0.24695027887946422,-0.2635050065631575,-0.27997366720937417,-0.29635093346684427,-0.31263151660128957,-0.3288101686494533,-0.34488168454246443,-0.3608409041970872,-0.3766827145734541,-0.39240205169792775,-0.40799390264978974,-0.4234533075105023,-0.43877536127434447,-0.453955215719277,-0.46898808123694563,-0.4838692286207892,-0.4985939908112742,-0.5131577645973388,-0.5275560122731822,-0.541784263249601,-0.5558381156191264,-0.5697132376742806,-0.5834053693783294,-0.5969103237879656,-0.6102239884274185,-0.6233423266135473,-0.6362613787315275,-0.6489772634608078,-0.6614861789510629,-0.6737844039479354,-0.685868298868406,-0.6977343068256957,-0.7093789546036543,-0.7207988535806428,-0.7319907006029741,-0.7429512788080221,-0.7536774583971667,-0.7641661973587828,-0.7744145421415397,-0.7844196282783119,-0.7941786809610577,-0.8036890155670564,-0.8129480381369447,-0.8219532458050266,-0.8307022271823723,-0.8391926626932599,-0.8474223248655448,-0.8553890785755802,-0.8630908812483381,-0.8705257830134174,-0.877691926817645,-0.8845875484950116,-0.8912109767947018,-0.8975606333680035,-0.9036350327149048,-0.9094327820912033,-0.9149525813769722,-0.9201932229072431,-0.9251535912657816,-0.9298326630428415,-0.9342295065578009,-0.938343281547585,-0.9421732388217955,-0.9457187198854714,-0.9489791565304094,-0.9519540703959786,-0.9546430725003651,-0.9570458627431845,-0.9591622293803987,-0.9609920484724745,-0.9625352833067147,-0.9637919837946943
0,4.737338372672437E-10,1.905139413947243E-09,4.3097042983916E-09,7.703147128257873E-09,1.2101402791155905E-08,1.752060535867245E-08,2.3977068543826104E-08,3.1487263438675455E-08,4.006779327630509E-08,4.973536495017001E-08,6.050675701428814E-08,7.239878388061422E-08,8.542825592577353E-08,9.96119352189383E-08,1.1496648658683637E-07,1.3150842374162233E-07,1.4925405021362061E-07,1.6821939485483095E-07,1.8842014171167758E-07,2.0987155410788983E-07,2.32588392831704E-07,2.565848283867625E-07,2.8187434734400296E-07,3.084696529230935E-07,3.3638256003690117E-07,3.6562388515098487E-07,3.9620333144161055E-07,4.281293698791036E-07,4.614091170166264E-07,4.960482104250489E-07,5.320506828790186E-07,5.694188365633118E-07,6.081531187269403E-07,6.482520003593981E-07,6.897118595923754E-07,7.325268716343454E-07,7.76688907117612E-07,8.221874407709092E-07,8.690094723192675E-07,9.17139461451485E-07,9.665592785805073E-07,1.017248172951587E-06,1.0691827594277452E-06,1.1223370250048162E-06,1.1766823557847652E-06,1.2321875847742536E-06,1.2888190604859984E-06,1.3465407359157616E-06,1.405314277061551E-06,1.465099189758189E-06,1.5258529632340837E-06,1.5875312284711424E-06,1.650087929174925E-06,1.7134755029496805E-06,1.7776450701282644E-06,1.8425466276334574E-06,1.908129245244974E-06,1.9743412617124775E-06,2.0411304782834147E-06,2.1084443473973703E-06,2.176230154526126E-06,2.244435191399834E-06,2.3130069191433768E-06,2.381893120142031E-06,2.4510420377515798E-06,2.520402503255781E-06,2.5899240497458263E-06,2.659557012845843E-06,2.729252618431133E-06,2.798963057678691E-06,2.868641549951258E-06,2.938242394146542E-06,3.0077210092433165E-06,3.0770339648477126E-06,3.1461390025886338E-06,3.2149950492337555E-06,3.2835622224001445E-06,3.351801829719356E-06,3.4196763622890407E-06,3.4871494832045933E-06,3.5541860119178817E-06,3.620751905118088E-06,3.6868142347742006E-06,3.752341163921606E-06,3.817301920717953E-06,3.881666771237244E-06,3.945406991416873E-06,4.00849483852074E-06,4.070903522433184E-06,4.132607177053566E-06,4.193580832020031E-06,4.253800384953501E-06,4.313242574378996E-06,4.371884953451146E-06,4.429705864583829E-06,4.48668441506016E-06,4.542800453678404E-06,4.598034548471356E-06,4.652367965521358E-06,4.705782648879901E-06,4.758261201589639E-06,4.8097868677973545E-06,4.86034351593868E-06,4.90991562296914E-06,4.9584882596110325E-06,5.006047076581707E-06,5.0525782917658015E-06,5.098068678291784E-06,5.1425055534715776E-06,5.18587676856117E-06,5.228170699299551E-06,5.2693762371833614E-06,5.30948278143482E-06,5.348480231621123E-06,5.386358980884211E-06,5.423109909740797E-06,5.458724380413579E-06,5.493194231655769E-06,5.526511774032301E-06,5.5586697856224E-06,5.5896615081094804E-06,5.61948064322575E-06,5.648121349520168E-06,5.675578239419782E-06,5.701846376555771E-06,5.726921273326796E-06,5.750798888673507E-06,5.773475626039316E-06,5.794948331493671E-06,5.815214291995253E-06,5.8342712337735845E-06,5.852117320808631E-06,5.868751153388972E-06,5.8841717667301075E-06,5.898378629635407E-06,5.911371643183119E-06,5.923151139423703E-06,5.933717880072611E-06,5.943073055184399E-06,5.9512182817948765E-06,5.958155602518669E-06,5.963887484090343E-06,5.968416815837864E-06,5.971746908077872E-06,5.97388149042284E-06,5.974824709990826E-06,5.974581129509112E-06,5.973155725303584E-06,5.970553885166267E-06,5.9667814060939706E-06,5.9618444918915115E-06,5.955749750633489E-06,5.9485041919790874E-06,5.940115224334847E-06,5.9305906518608215E-06,5.919938671315999E-06,5.908167868739295E-06,5.895287215962869E-06,5.881306066954954E-06,5.86623415398978E-06,5.850081583642597E-06,5.832858832608195E-06,5.814576743341717E-06,5.795246519520927E-06,5.774879721329485E-06,5.75348826056114E-06,5.731084395545109E-06,5.707680725893261E-06,5.683290187070068E-06,5.657926044786616E-06,5.631601889220308E-06,5.604331629062183E-06,5.5761294853941015E-06,5.5470099853983584E-06,5.516987955902549E-06,5.486078516762814E-06,5.454297074088866E-06,5.421659313314463E-06,5.388181192117209E-06,5.353878933191902E-06,5.3187690168817664E-06,5.282868173672227E-06,5.246193376552046E-06,5.208761833246855E-06,5.170590978330329E-06,5.131698465218391E-06,5.092102158052059E-06,5.051820123474653E-06,5.010870622309263E-06,4.969272101142505E-06,4.927043183820716E-06,4.884202662864837E-06,4.840769490810381E-06,4.796762771478897E-06,4.752201751187498E-06,4.707105809903027E-06,4.6614944523475215E-06,4.6153872990616535E-06,4.56880407743288E-06,4.521764612695041E-06,4.474288818906136E-06,4.426396689911039E-06,4.378108290295861E-06,4.329443746340668E-06,4.280423236977205E-06,4.231066984758245E-06,4.181395246845116E-06,4.131428306019877E-06,4.081186461728563E-06,4.0306900211618065E-06,3.979959290379067E-06,3.9290145654825625E-06,3.877876123846919E-06,3.826564215410411E-06,3.7750990540335385E-06,3.723500808930544E-06,3.6717895961793504E-06,3.6199854703152154E-06,3.568108416013274E-06,3.516178339864959E-06,3.464215062253124E-06,3.4122383093305314E-06,3.360267705106182E-06,3.308322763643778E-06,3.2564228813764445E-06,3.2045873295416317E-06,3.1528352467399357E-06,3.1011856316213843E-06,3.049657335702551E-06,2.998269056317639E-06,2.9470393297065175E-06,2.8959865242424667E-06,2.84512883380221E-06,2.7944842712806096E-06,2.744070662252203E-06,2.6939056387815802E-06,2.644006633384386E-06,2.5943908731405616E-06,2.545075373961242E-06,2.4960769350105367E-06,2.4474121332832486E-06,2.399097318339396E-06,2.351148607196227E-06,2.3035818793782517E-06,2.2564127721256292E-06,2.209656675761106E-06,2.1633287292155098E-06,2.117443815711679E-06,2.072016558606529E-06,2.0270613173908195E-06,1.9825921838460487E-06,1.9386229783577495E-06,1.8951672463843442E-06,1.8522382550805742E-06,1.8098489900744077E-06,1.768012152396208E-06,1.7267401555588338E-06,1.686045122787236E-06,1.6459388843960203E-06,1.606432975313342E-06,1.5675386327494185E-06,1.5292667940078587E-06,1.491628094437926E-06,1.4546328655257878E-06,1.4182911331227325E-06,1.3826126158082753E-06,1.3476067233860168E-06,1.3132825555100743E-06,1.2796489004398514E-06,1.246714233920883E-06,1.214486718189448E-06,1.182974201098626E-06,1.1521842153634324E-06,1.122123977922669E-06,1.0928003894150984E-06,1.064220033767541E-06,1.036389177892504E-06,1.0093137714929326E-06,9.829994469716944E-07,9.57451519443408E-07,9.326749868462431E-07,9.086745301513401E-07,8.854545136675132E-07,8.630189854389316E-07,8.413716777335016E-07,8.20516007619704E-07,8.004550776296809E-07,7.81191676506404E-07,7.627282800328006E-07,7.450670519407632E-07,7.282098448980116E-07,7.121582015708383E-07,6.969133557608152E-07,6.824762336136042E-07,6.688474548980705E-07,6.560273343539637E-07,6.440158831064958E-07,6.328128101462127E-07,6.224175238726267E-07,6.128291337001462E-07,6.040464517249144E-07,5.960679944512419E-07,5.888919845763948E-07,5.825163528325754E-07,5.769387398850121E-07,5.72156498285154E-07,5.681666944780447E-07,5.64966110863028E-07,5.625512479070233E-07,5.609183263096836E-07,5.600632892198332E-07,5.599818045026579E-07,5.606692670572064E-07,5.621208011838314E-07,5.643312630012852E-07,5.672952429132531E-07,5.71007068124189E-07,5.754608052043846E-07,5.806502627042788E-07,5.865689938180798E-07,5.932102990968368E-07,6.005672292111659E-07,6.086325877638848E-07,6.173989341528768E-07,6.268585864845467E-07,6.370036245382854E-07,6.478258927823974E-07,6.593170034419837E-07,6.71468339619307E-07,6.84271058467187E-07,6.977160944159987E-07,7.117941624548555E-07,7.264957614675655E-07,7.418111776239515E-07,7.577304878271128E-07,7.742435632171909E-07,7.913400727321782E-07,8.090094867262716E-07,8.272410806462326E-07,8.460239387661645E-07,8.653469579810529E-07,8.851988516593464E-07,9.055681535547764E-07,9.264432217775195E-07,9.478122428247095E-07,9.696632356701932E-07,9.919840559133061E-07,1.0147623999863124E-06,1.0379858094200112E-06,1.0616416751668697E-06,1.0857172419808767E-06,1.1101996128531452E-06,1.135075753502123E-06,1.1603324969170778E-06,1.1859565479533396E-06,1.2119344879775851E-06,1.238252779561243E-06,1.2648977712198963E-06,1.291855702196346E-06,1.3191127072847829E-06,1.3466548216933059E-06,1.3744679859418021E-06,1.4025380507919981E-06,1.4308507822062706E-06,1.4593918663316006E-06,1.488146914504855E-06,1.5171014682753768E-06,1.5462410044406755E-06,1.575550940090841E-06,1.6050166376571235E-06,1.6346234099599762E-06,1.6643565252517111E-06,1.6942012122488E-06,1.7241426651487396E-06,1.7541660486263124E-06,1.7842565028040079E-06,1.8143991481913206E-06,1.8445790905876105E-06,1.8747814259432185E-06,1.9049912451735396E-06,1.935193638920813E-06,1.965373702258447E-06,1.9955165393328075E-06,2.0256072679375023E-06,2.0556310240153577E-06,2.0855729660834437E-06,2.115418279576702E-06,2.1451521811059573E-06,2.1747599226263288E-06,2.2042267955123244E-06,2.2335381345361942E-06,2.2626793217464103E-06,2.291635790243476E-06,2.320393027850601E-06,2.3489365806771277E-06,2.377252056572969E-06,2.405325128472677E-06,2.4331415376281646E-06,2.4606870967294654E-06,2.487947692913334E-06,2.514909290659855E-06,2.54155793457764E-06,2.567879752078562E-06,2.593860955943367E-06,2.619487846779866E-06,2.6447468153757785E-06,2.6696243449486354E-06,2.694107013295497E-06,2.7181814948455427E-06,2.7418345626189036E-06,2.765053090095372E-06,2.787824052996896E-06,2.8101345309879887E-06,2.8319717092984062E-06,2.853322880272636E-06,2.874175444850891E-06,2.8945169139864637E-06,2.9143349100043923E-06,2.9336171679064966E-06,2.952351536627887E-06,2.970525980250116E-06,2.9881285791761306E-06,3.0051475312721995E-06,3.0215711529819432E-06,3.0373878804175512E-06,3.0525862704331885E-06,3.0671550016855175E-06,3.0810828756861164E-06,3.094358817850487E-06,3.1069718785481556E-06,3.1189112341582387E-06,3.130166188134653E-06,3.140726172084966E-06,3.150580746866679E-06,3.159719603704529E-06,3.168132565332171E-06,3.1758095871613766E-06,3.182740758481662E-06,3.1889163036929996E-06,3.194326583574047E-06,3.1989620965880725E-06,3.2028134802285103E-06,3.205871512405834E-06,3.20812711287719E-06,3.209571344719994E-06,3.210195415850432E-06,3.2099906805875912E-06,3.2089486412636937E-06,3.207060949880674E-06,3.2043194098131207E-06,3.200715977557371E-06,3.1962427645263354E-06,3.1908920388894138E-06,3.1846562274566604E-06,3.177527917606157E-06,3.1694998592533564E-06,3.160564966860978E-06,3.1507163214878583E-06,3.1399471728749793E-06,3.1282509415667468E-06,3.1156212210654232E-06,3.102051780016468E-06,3.0875365644224066E-06,3.0720696998827075E-06,3.0556454938570065E-06,3.038258437948925E-06,3.019903210207579E-06,3.000574677443797E-06,2.980267897557951E-06,2.9589781218762087E-06,2.9367007974919326E-06,2.9134315696088773E-06,2.889166283882744E-06,2.8639009887576007E-06,2.8376319377936032E-06,2.8103555919824085E-06,2.7820686220466045E-06,2.7527679107194588E-06,2.7224505550012312E-06,2.6911138683882755E-06,2.658755383071129E-06,2.6253728520977583E-06,2.590964251498134E-06,2.5555277823662737E-06,2.5190618728959156E-06,2.4815651803659644E-06,2.4430365930718765E-06,2.4034752321991517E-06,2.362880453635133E-06,2.321251849715317E-06,2.2785892509004386E-06,2.234892727380596E-06,2.1901625906027536E-06,2.14439939471798E-06,2.0976039379448507E-06,2.049777263845488E-06,2.000920662510784E-06,1.9510356716514106E-06,1.900124077591299E-06,1.8481879161603534E-06,1.7952294734832351E-06,1.741251286661156E-06,1.6862561443437075E-06,1.6302470871878474E-06,1.573227408201279E-06,1.5152006529675623E-06,1.4561706197504068E-06,1.3961413594747254E-06,1.3351171755821385E-06,1.2731026237587596E-06,1.2101025115332157E-06,1.1461218977429968E-06,1.0811660918673717E-06,1.0152406532252496E-06,9.483513900365146E-07,8.805043583455208E-07,8.11705860805577E-07,7.419624453234266E-07,6.712809035628757E-07,5.99668269306897E-07,5.271318166776986E-07,4.5367905821442067E-07,3.793177428082929E-07,3.040558534952577E-07,2.2790160510624207E-07,1.508634417754351E-07,7.295003430710537E-08,-5.829722598330043E-09,-8.546671325809513E-08,-1.6595160405963638E-07,-2.472748466507517E-07,-3.294266812658463E-07,-4.123971401867192E-07,-4.961760513361117E-07,-5.807530420020744E-07,-6.661175426910413E-07,-7.52258791107332E-07,-8.391658362566364E-07,-9.268275426708761E-07,-1.0152325947516777E-06,-1.1043695012295383E-06,-1.1942265997356144E-06,-1.284792061482916E-06,-1.376053896053548E-06,-1.4679999562885083E-06,-1.5606179432764103E-06,-1.6538954114373809E-06,-1.747819773698264E-06,-1.8423783067551369E-06,-1.9375581564190498E-06,-2.0333463430407878E-06,-2.1297297670103683E-06,-2.226695214326888E-06,-2.3242293622342615E-06,-2.422318784918318E-06,-2.520949959260644E-06,-2.62010927064452E-06,-2.719783018808231E-06,-2.8199574237409886E-06,-2.9206186316166696E-06,-3.02175272076055E-06,-3.1233457076441725E-06,-3.2253835529034967E-06,-3.327852167375451E-06,-3.4307374181480262E-06,-3.53402513461904E-06,-3.6377011145587317E-06,-3.7417511301713614E-06,-3.84616093415102E-06,-3.9509162657268955E-06,-4.056002856693282E-06,-4.16140643741967E-06,-4.267112742836311E-06,-4.3731075183907245E-06,-4.479376525970668E-06,-4.585905549789179E-06,-4.692680402227387E-06,-4.7996869296308425E-06,-4.906911018055276E-06,-5.0143385989576995E-06,-5.121955654828968E-06,-5.2297482247639395E-06,-5.337702409965546E-06,-5.4458043791791554E-06,-5.554040374053764E-06,-5.662396714426655E-06,-5.770859803528282E-06,-5.879416133104297E-06,-5.988052288451727E-06,-6.096754953366475E-06,-6.205510914999435E-06,-6.31430706861865E-06,-6.423130422275094E-06,-6.5319681013697745E-06,-6.64080735312001E-06,-6.749635550922872E-06,-6.858440198613922E-06,-6.967208934619504E-06,-7.075929536001025E-06,-7.184589922389745E-06,-7.293178159810787E-06,-7.401682464395192E-06,-7.510091205978975E-06,-7.618392911588286E-06,-7.726576268809915E-06,-7.834630129046501E-06,-7.94254351065595E-06,-8.050305601974669E-06,-8.15790576422439E-06,-8.265333534302432E-06,-8.372578627455436E-06,-8.479630939836618E-06,-8.586480550946845E-06,-8.693117725959824E-06,-8.799532917931862E-06,-8.905716769896754E-06,-9.011660116846478E-06,-9.11735398759842E-06,-9.222789606549994E-06,-9.327958395321625E-06,-9.432851974289099E-06,-9.537462164006428E-06,-9.641780986520407E-06,-9.745800666578176E-06,-9.849513632729124E-06,-9.952912518322568E-06,-1.0055990162402707E-05,-1.0158739610502427E-05,-1.026115411533755E-05,-1.0363227137403242E-05,-1.0464952345474296E-05,-1.0566323617011076E-05,-1.0667335038472974E-05,-1.0767980905541238E-05,-1.0868255723253094E-05,-1.096815420604914E-05,-1.1067671277735967E-05,-1.1166802071366063E-05,-1.1265541929037017E-05,-1.1363886401612139E-05,-1.146183124836455E-05,-1.1559372436546893E-05,-1.1656506140888773E-05,-1.1753228743024087E-05,-1.1849536830850397E-05,-1.194542719782251E-05,-1.2040896842182426E-05,-1.2135942966127846E-05,-1.2230562974921402E-05,-1.2324754475942782E-05,-1.2418515277685909E-05,-1.2511843388703352E-05,-1.2604737016500116E-05,-1.2697194566378934E-05,-1.2789214640239214E-05,-1.2880796035331734E-05,-1.2971937742971199E-05,-1.3062638947208711E-05,-1.3152899023466241E-05,-1.3242717537135097E-05,-1.3332094242140435E-05,-1.3421029079473774E-05,-1.3509522175695457E-05,-1.3597573841409024E-05,-1.3685184569709358E-05,-1.3772355034606457E-05,-1.3859086089426716E-05,-1.3945378765193439E-05,-1.4031234268988403E-05,-1.4116653982296148E-05,-1.4201639459332702E-05,-1.4286192425360365E-05,-1.4370314774990161E-05,-1.445400857047352E-05,-1.4537276039984685E-05,-1.4620119575895344E-05,-1.4702541733042886E-05,-1.4784545226993688E-05,-1.4866132932302742E-05,-1.4947307880770921E-05,-1.5028073259701139E-05,-1.5108432410154571E-05,-1.5188388825208089E-05,-1.5267946148214004E-05,-1.5347108171063175E-05,-1.5425878832452455E-05,-1.5504262216157434E-05,-1.558226254931136E-05,-1.565988420069111E-05,-1.5737131679010972E-05,-1.5814009631224998E-05,-1.589052284083861E-05,-1.5966676226230125E-05,-1.6042474838982753E-05,-1.6117923862227644E-05,-1.6193028608998446E-05,-1.6267794520597858E-05,-1.6342227164976507E-05,-1.6416332235124567E-05,-1.649011554747637E-05,-1.6563583040328243E-05,-1.6636740772269854E-05,-1.6709594920629113E-05,-1.678215177993083E-05,-1.6854417760369143E-05,-1.692639938629378E-05,-1.6998103294710058E-05,-1.7069536233792682E-05,-1.71407050614131E-05,-1.7211616743680362E-05,-1.7282278353495274E-05,-1.7352697069117634E-05,-1.7422880172746248E-05,-1.74928350491115E-05,-1.7562569184080096E-05,-1.763209016327163E-05,-1.7701405670686603E-05,-1.777052348734542E-05,-1.783945148993794E-05,-1.7908197649483137E-05,-1.7976770029998212E-05,-1.8045176787176828E-05,-1.8113426167075707E-05,-1.8181526504809122E-05,-1.8249486223250635E-05,-1.831731383174144E-05,-1.838501792480467E-05,-1.8452607180864993E-05,-1.8520090360972813E-05,-1.8587476307532363E-05,-1.8654773943032977E-05,-1.8721992268782788E-05,-1.8789140363644115E-05,-1.8856227382769813E-05,-1.8923262556339732E-05,-1.899025518829658E-05,-1.9057214655080376E-05,-1.9124150404360694E-05,-1.9191071953765875E-05,-1.9257988889608443E-05,-1.9324910865605875E-05,-1.9391847601595916E-05,-1.945880888224564E-05,-1.9525804555753404E-05,-1.9592844532542882E-05,-1.9659938783948405E-05,-1.9727097340890688E-05,-1.979433029254224E-05,-1.9861647784981534E-05,-1.992906001983523E-05,-1.9996577252907553E-05,-2.0064209792796057E-05,-2.0131967999493006E-05,-2.019986228297154E-05,-2.0267903101755875E-05,-2.0336100961474725E-05,-2.040446641339722E-05,-2.047301005295055E-05,-2.0541742518218574E-05,-2.061067448842068E-05,-2.0679816682370154E-05,-2.0749179856911364E-05,-2.081877480533506E-05,-2.088861235577107E-05,-2.0958703369557793E-05,-2.1029058739587756E-05,-2.1099689388628644E-05,-2.117060626761917E-05,-2.1241820353939177E-05,-2.1313342649653372E-05,-2.1385184179728146E-05,-2.145735599022093E-05,-2.15298691464415E-05,-2.1602734731084835E-05,-2.167596384233491E-05,-2.1749567591939074E-05,-2.1823557103252484E-05,-2.1897943509252227E-05,-2.1972737950520734E-05,-2.20479515731981E-05,-2.2123595526902966E-05,-2.2199680962621688E-05,-2.2276219030565466E-05,-2.2353220877995206E-05,-2.2430697647013883E-05,-2.2508660472326186E-05,-2.258712047896533E-05,-2.26660887799869E-05,-2.274557647412956E-05,-2.2825594643442687E-05,-2.2906154350880822E-05,-2.298726663786496E-05,-2.3068942521810805E-05,-2.3151192993623984E-05,-2.323402901516241E-05,-2.331746151666598E-05,-2.3401501394153808E-05,-2.348615950678924E-05,-2.357144667421299E-05,-2.3657373673844736E-05,-2.374395123815359E-05,-2.3831190051897887E-05,-2.3919100749334757E-05,-2.4007693911400124E-05,-2.4096980062859625E-05,-2.41869696694312E-05,-2.4277673134879987E-05,-2.4369100798086346E-05,-2.4461262930087802E-05,-2.4554169731095805E-05,-2.464783132748821E-05,-2.4742257768778535E-05,-2.4837459024562968E-05,-2.493344498144634E-05,-2.5030225439948145E-05,-2.512781011138993E-05,-2.5226208614765296E-05,-2.5325430473593917E-05,-2.5425485112761005E-05,-2.5526381855343687E-05,-2.56281299194259E-05,-2.5730738414903397E-05,-2.5834216340280577E-05,-2.5938572579460883E-05,-2.604381589853262E-05,-2.614995494255204E-05,-2.6256998232325685E-05,-2.6364954161194005E-05,-2.6473830991818338E-05,-2.6583636852973368E-05,-2.6694379736347366E-05,-2.6806067493352355E-05,-2.6918707831946697E-05,-2.7032308313472383E-05,-2.7146876349509525E-05,-2.7262419198750606E-05,-2.7378943963897016E-05,-2.7496457588580544E-05,-2.7614966854312473E-05,-2.773447837746306E-05,-2.7854998606274157E-05,-2.7976533817907837E-05,-2.8099090115533853E-05,-2.8222673425458916E-05,-2.83472894943007E-05,-2.847294388620959E-05,-2.85996419801412E-05,-2.8727388967182693E-05,-2.8856189847936047E-05,-2.8986049429961263E-05,-2.9116972325282738E-05,-2.9248962947961876E-05,-2.938202551173906E-05,-2.9516164027748195E-05,-2.9651382302306868E-05,-2.9787683934785343E-05,-2.992507231555744E-05,-3.006355062403644E-05,-3.0203121826799075E-05,-3.0343788675800635E-05,-3.0485553706684246E-05,-3.0628419237187215E-05,-3.0772387365647394E-05,-3.091745996961248E-05,-3.1063638704554846E-05,-3.1210925002694965E-05,-3.1359320071935646E-05,-3.150882489491003E-05,-3.1659440228145546E-05,-3.1811166601346296E-05,-3.196400431679615E-05,-3.211795344888454E-05,-3.2273013843757135E-05,-3.242918511909312E-05,-3.258646666401085E-05,-3.274485763910349E-05,-3.290435697660594E-05,-3.306496338069438E-05,-3.322667532791938E-05,-3.3389491067773544E-05,-3.355340862339419E-05,-3.3718425792401654E-05,-3.388454014787331E-05,-3.40517490394534E-05,-3.4220049594598266E-05,-3.438943871995669E-05,-3.4559913102884304E-05,-3.473146921309127E-05,-3.4904103304421654E-05,-3.507781141676312E-05,-3.52525893780848E-05,-3.542843280660117E-05,-3.560533711305942E-05,-3.5783297503147246E-05,-3.596230898001796E-05,-3.614236634692931E-05,-3.6323464209991774E-05,-3.650559698102237E-05,-3.668875888049889E-05,-3.6872943940609585E-05,-3.7058146008392744E-05,-3.724435874896026E-05,-3.7431575648798595E-05,-3.761979001914072E-05,-3.78089949994014E-05,-3.799918356066845E-05,-3.819034850924177E-05,-3.8382482490211534E-05,-3.857557799106667E-05,-3.876962734532411E-05,-3.896462273616887E-05,-3.9160556200094876E-05,-3.93574196305355E-05,-3.955520478147276E-05,-3.975390327101359E-05,-3.9953506584921176E-05,-4.01540060800889E-05,-4.035539298794429E-05,-4.0557658417769645E-05,-4.07607933599262E-05,-4.096478868896792E-05,-4.116963516663107E-05,-4.137532344468545E-05,-4.158184406763295E-05,-4.178918747523896E-05,-4.1997344004882385E-05,-4.220630389370956E-05,-4.2416057280578015E-05,-4.262659420777568E-05,-4.28379046225018E-05,-4.304997837809593E-05,-4.326280523500185E-05,-4.347637486145404E-05,-4.36906768338746E-05,-4.390570063696972E-05,-4.4121435663515504E-05,-4.433787121382399E-05,-4.455499649488156E-05,-4.4772800619153166E-05,-4.4991272603047256E-05,-4.521040136503806E-05,-4.543017572344366E-05,-4.5650584393860064E-05,-4.587161598625385E-05,-4.609325900171805E-05,-4.631550182889837E-05,-4.653833274009941E-05,-4.676173988708313E-05,-4.6985711296574705E-05,-4.721023486549373E-05,-4.7435298355931475E-05,-4.766088938989834E-05,-4.788699544386825E-05,-4.8113603843150115E-05,-4.8340701756119104E-05,-4.8568276188344045E-05,-4.8796313976649406E-05,-4.9024801783153796E-05,-4.925372608932881E-05,-4.948307319012503E-05,-4.971282918821372E-05,-4.9942979988394786E-05,-5.01735112922231E-05,-5.040440859290629E-05,-5.063565717052826E-05,-5.086724208765257E-05,-5.109914818536007E-05,-5.133136007977445E-05,-5.156386215912839E-05,-5.179663858142115E-05,-5.2029673272716745E-05,-5.226294992612889E-05,-5.2496452001535925E-05,-5.273016272606531E-05,-5.296406509538314E-05,-5.319814187581979E-05,-5.343237560735751E-05,-5.366674860750113E-05,-5.390124297604675E-05,-5.413584060075825E-05,-5.437052316395475E-05,-5.4605272150006635E-05,-5.484006885373138E-05,-5.5074894389674235E-05,-5.5309729702253044E-05,-5.554455557674042E-05,-5.577935265105109E-05,-5.601410142829671E-05,-5.624878229006573E-05,-5.6483375510381044E-05,-5.6717861270284535E-05,-5.695221967299344E-05,-5.718643075957088E-05,-5.7420474525050156E-05,-5.7654330934950485E-05,-5.7887979942120406E-05,-5.812140150384441E-05,-5.835457559914786E-05,-5.858748224623576E-05,-5.882010152000155E-05

Planet 6 Coords:
1,1.0079957415544742,1.0159401882904655,1.023833348632892,1.031675236458177,1.0394658709536382,1.0472052764790805,1.0548934824306035,1.0625305231066264,1.0701164375761363,1.0776512695491614,1.0851350672494666,1.0925678832894699,1.0999497745473739,1.1072808020465061,1.1145610308368585,1.1217905298788187,1.1289693719290768,1.1360976334286996,1.1431753943933538,1.1502027383056652,1.1571797520096936,1.1641065256075116,1.1709831523578602,1.1778097285768678,1.1845863535408099,1.1913131293908867,1.1979901610399983,1.2046175560814933,1.2111954246998673,1.2177238795833891,1.2242030358386269,1.2306330109068542,1.2370139244823033,1.2433458984322467,1.2496290567188775,1.255863525322962,1.262049432169239,1.2681869070535368,1.2742760815715823,1.2803170890494748,1.2863100644757948,1.2922551444353212,1.2981524670443305,1.304002171887446,1.309804399956014,1.3155592935879745,1.3212669964092008,1.3269276532762813,1.332541410220712,1.3381084143944775,1.3436288140169894,1.3491027583233564,1.3545303975139615,1.3599118827053178,1.365247365882179,1.3705369998508783,1.3757809381938721,1.3809793352254636,1.3861323459486805,1.39124012601329,1.3963028316749178,1.4013206197552575,1.4062936476033445,1.4112220730578713,1.4161060544105242,1.4209457503703222,1.425741320028932,1.4304929228269427,1.43520071852108,1.439864867152336,1.4444855290149985,1.4490628646265602,1.4535970346984834,1.4580882001078102,1.4625365218695907,1.4669421611101163,1.4713052790409362,1.4756260369336434,1.4799045960954076,1.484141117845242,1.4883357634909848,1.4924886943069775,1.4966000715124264,1.5006700562504294,1.504698809567651,1.508686492394633,1.5126332655267236,1.5165392896056082,1.5204047251014314,1.524229732295493,1.5280144712635026,1.531759101859384,1.5354637836996081,1.5391286761480503,1.5427539383013513,1.5463397289747727,1.5498862066885346,1.5533935296546222,1.5568618557640501,1.5602913425745726,1.5636821472988274,1.5670344267929042,1.5703483375453255,1.573624035666428,1.576861676878136,1.580061416504118,1.5832234094603113,1.5863478102458115,1.5894347729341116,1.5924844511646858,1.5954969981349065,1.5984725665922874,1.601411308827041,1.604313376664945,1.6071789214605101,1.610008094090438,1.612801044947363,1.6155579239338704,1.6182788804567845,1.6209640634217162,1.6236136212278671,1.626227701763079,1.6288064523991264,1.6313500199872386,1.6338585508538557,1.6363321907965993,1.6387710850804633,1.6411753784342102,1.6435452150469727,1.6458807385650516,1.6481820920889065,1.6504494181703315,1.6526828588098135,1.654882555454065,1.65704864899373,1.6591812797612522,1.661280587528908,1.6633467115069944,1.6653797903421679,1.667379962115932,1.669347364343268,1.6712821339714035,1.6731844073787159,1.6750543203737682,1.6768920081944694,1.678697605507358,1.6804712464070064,1.6822130644155402,1.6839231924822677,1.6856017629834215,1.6872489077220012,1.6888647579277216,1.6904494442570583,1.6920030967933883,1.6935258450472241,1.695017817956537,1.6964791438871674,1.69790995063332,1.6993103654181374,1.700680514894357,1.7020205251450384,1.7033305216843695,1.7046106294585397,1.7058609728466838,1.7070816756618927,1.7082728611522853,1.7094346520021464,1.7105671703331211,1.7116705377054677,1.7127448751193672,1.7137903030162849,1.714806941280385,1.7157949092399942,1.7167543256691138,1.7176853087889776,1.7185879762696548,1.7194624452316947,1.7203088322478144,1.7211272533446245,1.7219178240043926,1.722680659166846,1.723415873231005,1.7241235800570547,1.7248038929682454,1.7254569247528266,1.7260827876660074,1.7266815934319493,1.727253453245782,1.7277984777756488,1.728316777164774,1.7288084610335548,1.729273638481676,1.729712418090247,1.7301249079239556,1.7305112155332456,1.7308714479565108,1.7312057117223054,1.7315141128515719,1.7317967568598858,1.7320537487597123,1.7322851930626801,1.7324911937818643,1.7326718544340858,1.7328272780422183,1.7329575671375095,1.7330628237619088,1.7331431494704075,1.733198645333385,1.7332294119389635,1.7332355493953726,1.7332171573333155,1.7331743349083453,1.7331071808032457,1.7330157932304155,1.7329002699342584,1.7327607081935756,1.7325972048239633,1.7324098561802108,1.7321987581587015,1.7319640061998174,1.7317056952903422,1.7314239199658665,1.7311187743131937,1.7307903519727454,1.7304387461409665,1.7300640495727286,1.7296663545837343,1.729245753052918,1.7288023364248453,1.7283361957121102,1.7278474214977304,1.7273361039375386,1.726802332762571,1.726246197281452,1.7256677863827765,1.7250671885374853,1.7244444918012398,1.723799783816788,1.7231331518163298,1.7224446826238737,1.7217344626575908,1.7210025779321603,1.7202491140611127,1.7194741562591649,1.7186777893445484,1.717860097741334,1.717021165481747,1.7161610762084771,1.7152799131769805,1.7143777592577774,1.7134546969387383,1.7125108083273668,1.7115461751530723,1.710560878769436,1.709555000156469,1.7085286199228633,1.7074818183082325,1.7064146751853473,1.7053272700623605,1.7042196820850248,1.7030919900389017,1.7019442723515616,1.7007766070947765,1.699589071986702,1.6983817443940523,1.6971547013342658,1.6959080194776606,1.6946417751495821,1.6933560443325433,1.6920509026683508,1.690726425460227,1.689382687674921,1.688019763944808,1.686637728569984,1.6852366555203466,1.6838166184376697,1.6823776906376657,1.6809199451120416,1.6794434545305421,1.6779482912429868,1.6764345272812942,1.6749022343614983,1.673351483885756,1.6717823469443425,1.670194894317639,1.668589196478111,1.666965323592275,1.665323345522658,1.6636633318297442,1.661985351773916,1.6602894743173817,1.6585757681260953,1.6568443015716663,1.65509514273326,1.6533283593994879,1.6515440190702886,1.6497421889587982,1.6479229359932135,1.6460863268186419,1.6442324277989455,1.6423613050185728,1.640473024284381,1.638567651127452,1.6366452508048948,1.6347058883016399,1.6327496283322245,1.6307765353425696,1.6287866735117436,1.6267801067537213,1.62475689871913,1.6227171127969884,1.6206608121164336,1.618588059548443,1.6164989177075422,1.6143934489535074,1.6122717153930561,1.6101337788815304,1.6079797010245698,1.6058095431797754,1.6036233664583666,1.6014212317268255,1.599203199608535,1.5969693304854073,1.5947196844995035,1.5924543215546432,1.5901733013180064,1.5878766832217275,1.5855645264644787,1.5832368900130456,1.5808938326038937,1.5785354127447275,1.5761616887160397,1.5737727185726516,1.571368560145247,1.5689492710418955,1.5665149086495687,1.5640655301356474,1.561601192449421,1.5591219523235789,1.5566278662756912,1.5541189906096855,1.551595381417312,1.5490570945796023,1.5465041857683195,1.5439367104474,1.5413547238743892,1.5387582811018665,1.5361474369788646,1.5335222461522804,1.5308827630682784,1.5282290419736855,1.525561136917379,1.522879101751666,1.5201829901336588,1.5174728555266361,1.5147487512014037,1.5120107302376433,1.5092588455252562,1.5064931497656981,1.5037136954733086,1.5009205349766308,1.4981137204197277,1.4952933037634857,1.492459336786918,1.489611871088455,1.4867509580872313,1.4838766490243644,1.480988994964227,1.478088046795712,1.4751738552334908,1.4722464708192662,1.4693059439230165,1.4663523247442347,1.4633856633131597,1.4604060094920026,1.4574134129761658,1.454407923295455,1.4513895898152858,1.448358461737883,1.4453145881034748,1.4422580177914803,1.4391887995216908,1.4361069818554435,1.4330126131967924,1.4299057417936707,1.4267864157390466,1.423654682972076,1.420510591279247,1.4173541882955185,1.4141855215054548,1.4110046382443528,1.4078115856993645,1.4046064109106122,1.4013891607723006,1.3981598820338215,1.3949186213008533,1.3916654250364557,1.3884003395621582,1.3851234110590427,1.3818346855688228,1.3785342089949162,1.3752220271035114,1.371898185524631,1.3685627297531888,1.3652157051500402,1.3618571569430318,1.3584871302280404,1.3551056699700126,1.3517128210039946,1.3483086280361605,1.3448931356448344,1.3414663882815072,1.3380284302718495,1.3345793058167197,1.331119058993167,1.3276477337554302,1.3241653739359311,1.3206720232462648,1.3171677252781833,1.313652523504577,1.3101264612804504,1.3065895818438935,1.3030419283170493,1.299483543707076,1.2959144709071062,1.292334752697202,1.2887444317453038,1.2851435506081779,1.2815321517323566,1.2779102774550781,1.2742779700052196,1.2706352715042266,1.26698222396704,1.263318869303017,1.2596452493168513,1.2559614057094841,1.252267380079019,1.2485632139216254,1.244848948632443,1.2411246255064818,1.2373902857395174,1.233645970428983,1.229891720574859,1.2261275770805575,1.2223535807538048,1.2185697723075195,1.2147761923606868,1.2109728814392315,1.207159879976885,1.2033372283160515,1.1995049667086688,1.1956631353170677,1.191811774214827,1.1879509233876262,1.1840806227340943,1.1802009120666566,1.1763118311123775,1.1724134195138007,1.1685057168297868,1.1645887625363478,1.160662596027478,1.1567272566159834,1.1527827835343079,1.1488292159353548,1.14486659289331,1.140894953404457,1.1369143363879943,1.1329247806868468,1.1289263250684753,1.1249190082256864,1.120902868777434,1.1168779452696247,1.1128442761759163,1.1088018998985163,1.1047508547689768,1.100691179048988,1.0966229109311678,1.0925460885398517,1.0884607499318786,1.0843669330973742,1.080264675960534,1.076154016380403,1.0720349921516525,1.0679076410053565,1.063772000609766,1.0596281085710797,1.0554760024342147,1.0513157196835738,1.0471472977438117,1.0429707739805998,1.0387861857013874,1.0345935701561635,1.0303929645382153,1.0261844059848855,1.0219679315783274,1.0177435783462594,1.0135113832627167,1.0092713832488034,1.0050236151734395,1.000768115854111,0.9965049220576144,0.9922340705008023,0.9879555978513267,0.9836695407283813,0.9793759357034416,0.975074819301005,0.9707662279993287,0.9664501982311664,0.9621267663845047,0.9577959688032965,0.9534578417881958,0.9491124215972891,0.9447597444468269,0.9403998465119537,0.9360327639274382,0.9316585327883998,0.9272771891510377,0.9228887690333564,0.9184933084158909,0.9140908432424323,0.9096814094207508,0.9052650428233194,0.9008417792880363,0.896411654618946,0.8919747045869605,0.8875309649305803,0.8830804713566128,0.8786232595408928,0.8741593651290002,0.8696888237369782,0.8652116709520514,0.8607279423333426,0.8562376734125892,0.85174089969486,0.8472376566592713,0.8427279797597022,0.83821190442551,0.8336894660622457,0.8291607000523686,0.8246256417559614,0.8200843265114441,0.8155367896362894,0.8109830664277358,0.8064231921635033,0.801857202102507,0.797285131485571,0.7927070155361438,0.7881228894610116,0.7835327884510138,0.7789367476817568,0.7743348023143296,0.7697269874960184,0.7651133383610221,0.7604938900311677,0.7558686776166265,0.75123773621663,0.7466011009201867,0.7419588068067992,0.737310888947181,0.7326573824039758,0.7279983222324746,0.7233337434813355,0.7186636811933028,0.7139881704059278,0.7093072461522888,0.7046209434617136,0.6999292973605008,0.6952323428726438,0.6905301150205537,0.6858226488257847,0.6811099793097584,0.6763921414944916,0.6716691704033226,0.6669411010616402,0.6622079684976118,0.6574698077429149,0.6527266538334678,0.6479785418101626,0.6432255067195976,0.6384675836148136,0.633704807556029,0.6289372136113771,0.6241648368576449,0.6193877123810125,0.614605875277795,0.6098193606551843,0.6050282036319936,0.6002324393394031,0.5954321029217063,0.5906272295370593,0.5858178543582302,0.5810040125733517,0.5761857393866736,0.5713630700193186,0.566536039710039,0.5617046837159747,0.5568690373134147,0.5520291357985584,0.54718501448828,0.5423367087208951,0.5374842538569282,0.5326276852798826,0.5277670383970132,0.5229023486401003,0.5180336514662256,0.513160982358551,0.5082843768270998,0.5034038704095385,0.498519498671963,0.4936312972096857,0.4887393016480254,0.4838435476431,0.47894407088262103,0.47404090708669083,0.4691340920086027,0.46422366143564314,0.45930965118989703,0.45439209712905504,0.4494710351472244,0.4445465011757421,0.43961853118399064,0.43468716118021683,0.42975242721235385,0.4248143653688457,0.4198730117794749,0.41492840261619307,0.4099805740939547,0.40502956247155425,0.40007540405246567,0.3951181351856862,0.3901577922665826,0.38519441173774055,0.3802280300898186,0.37525868386240424,0.3702864096448738,0.36531124407725635,0.3603332238511003,0.3553523857103443,0.3503687664521915,0.34538240292798766,0.3403933320441025,0.3354015907628156,0.33040721610320556,0.32541024514204336,0.3204107150146895,0.3154086629159954,0.31040412610120843,0.3053971418868816,0.30038774765178694,0.2953759808378331,0.2903618789509878,0.28534547956220396,0.2803268203083504,0.2753059388931471,0.27028287308810495,0.2652576607334699,0.26023033973917187,0.25520094808577803,0.2501695238254512,0.24513610508291303,0.2401007300564113,0.23506343701869317,0.23002426431798262,0.22498325037896322,0.21994043370376576,0.21489585287296153,0.20984954654655996,0.20480155346501244,0.19975191245022064,0.19470066240655093,0.18964784232185372,0.18459349126848856,0.17953764840435482,0.17448035297392792,0.16942164430930134,0.16436156183123443,0.15930014505020595,0.15423743356747366,0.14917346707613977,0.14410828536222253,0.13904192830573392,0.13397443588176344,0.12890584816156828,0.12383620531366972,0.11876554760495607,0.11369391540179186,0.10862134917113377,0.10354788948165308,0.09847357700486488,0.09339845251626396,0.08832255689646765,0.08324593113236546,0.07816861631827579,0.07309065365710973,0.06801208446154199,0.06293295015518893,0.05785329227379416,0.05277315246642133,0.04769257249665442,0.04261159424380565,0.037530259704130944,0.03244861099205318,0.027366690341393187,0.022284540106608648,0.01720220276404099,0.012119720913170297,0.00703713727787839,0.001954494707720126,-0.003128163820796978,-0.00821079520292471,-0.013293356204377644,-0.01837580346002802,-0.023458093472591934,-0.028540182611306787,-0.033622027110599834,-0.03870358306874778,-0.04378480644652735,-0.04886565306585666,-0.053946078608427386,-0.059026038614327536,-0.06410548848065482,-0.0691843834601205,-0.07426267865964346,-0.07934032903893475,-0.08441728940907206,-0.08949351443106442,-0.09456895861440666,-0.09964357631562397,-0.1047173217368059,-0.10979014892413017,-0.11486201176637598,-0.11993286399342669,-0.12500265917476178,-0.13007135071793807,-0.1351388918670599,-0.14020523570123847,-0.1452703351330397,-0.15033414290692118,-0.15539661159765766,-0.1604576936087546,-0.16551734117085082,-0.17057550634010885,-0.1756321409965936,-0.1806871968426392,-0.18574062540120334,-0.1907923780142098,-0.19584240584087836,-0.20089065985604238,-0.20593709084845355,-0.21098164941907419,-0.21602428597935627,-0.221064950749508,-0.2261035937567467,-0.23114016483353875,-0.23617461361582595,-0.2412068895412385,-0.2462369418472941,-0.25126471956958346,-0.2562901715399415,-0.2613132463846048,-0.2663338925223547,-0.2713520581626457,-0.27636769130371985,-0.28138073973070604,-0.28639115101370444,-0.2913988725058562,-0.2964038513413979,-0.3014060344337006,-0.30640536847329364,-0.31140179992587236,-0.316395275030291,-0.32138573979653834,-0.3263731400036986,-0.33135742119789496,-0.3363385286902176,-0.34131640755463444,-0.34629100262588536,-0.3512622584973598,-0.3562301195189569,-0.3611945297949282,-0.3661554331817038,-0.3711127732856998,-0.37606649346110865,-0.3810165368076713,-0.38596284616843124,-0.39090536412747023,-0.39584403300762555,-0.4007787948681881,-0.4057095915025828,-0.4106363644360281,-0.4155590549231781,-0.4204776039457438,-0.4253919522100955,-0.4303020401448452,-0.43520780789840824,-0.440109195336546,-0.4450061420398871,-0.44989858730142807,-0.45478647012401385,-0.4596697292177963,-0.464548302997672,-0.46942212958069873,-0.4742911467834893,-0.4791552921195848,-0.4840145027968045,-0.48886871571457424,-0.4937178674612317,-0.4985618943113093,-0.5034007322227938,-0.5082343168343626,-0.5130625834625969,-0.5178854670991707,-0.5227029024080164,-0.5275148237224657,-0.5323211650423665,-0.5371218600311746,-0.5419168420130211,-0.5467060439697548,-0.5514893985379581,-0.5562668380059386,-0.561038294310694,-0.5658036990348513,-0.5705629834035792,-0.5753160782814742,-0.5800629141694199,-0.5848034212014185,-0.5895375291413958,-0.5942651673799778,-0.5989862649312399,-0.6037007504294267,-0.6084085521256458,-0.6131095978845297,-0.617803815180871,-0.6224911310962273,-0.6271714723154971,-0.6318447651234647,-0.6365109354013164,-0.6411699086231255,-0.6458216098523062,-0.6504659637380372,-0.6551028945116543,-0.6597323259830098,-0.6643541815368018,-0.6689683841288704,-0.6735748562824613,-0.6781735200844574,-0.6827642971815764,-0.6873471087765357,-0.691921875624183,-0.6964885180275934,-0.7010469558341318,-0.7055971084314809,-0.7101388947436346,-0.7146722332268548,-0.7191970418655944,-0.7237132381683832,-0.7282207391636772,-0.7327194613956735,-0.7372093209200855,-0.741690233299883,-0.7461621136009938,-0.7506248763879674,-0.7550784357196012,-0.7595227051445276,-0.7639575976967621,-0.7683830258912128,-0.7727989017191497,-0.7772051366436347,-0.7816016415949113,-0.7859883269657529,-0.7903651026067718,-0.7947318778216852,-0.7990885613625409,-0.8034350614249007,-0.8077712856429814,-0.812097141084753,-0.8164125342469941,-0.8207173710503047,-0.8250115568340741,-0.8292949963514055,-0.8335675937639961,-0.8378292526369732,-0.8420798759336832,-0.8463193660104378,-0.8505476246112125,-0.8547645528623004,-0.8589700512669182,-0.8631640196997663,-0.8673463574015419,-0.8715169629734036,-0.8756757343713901,-0.8798225689007878,-0.8839573632104529,-0.888080013287083,-0.8921904144494398,-0.8962884613425224,-0.9003740479316907,-0.904447067496739,-0.9085074126259179,-0.9125549752099074,-0.9165896464357367,-0.920611316780654,-0.9246198760059441,-0.9286152131506936,-0.9325972165255042,-0.9365657737061527,-0.9405207715271988,-0.9444620960755392,-0.9483896326839076,-0.952303265924322,-0.956202879601477,-0.9600883567460817,-0.9639595796081438,-0.9678164296501975,-0.9716587875404775,-0.9754865331460367,-0.9792995455258088,-0.9830977029236146,-0.9868808827611131,-0.990648961630695,-0.9944018152883212,-0.9981393186463033,-1.0018613457660284,-1.0055677698506265,-1.00925846323758,-1.0129332973912788,-1.0165921428955125,-1.0202348694459122,-1.0238613458423287,-1.0274714399811569,-1.0310650188475994,-1.0346419485078764,-1.038202094101373,-1.0417453198327333,-1.0452714889638932,-1.048780463806057,-1.052272105711617,-1.0557462750660138,-1.059202831279541,-1.0626416327790897,-1.0660625369998395,-1.069465400376889,-1.0728500783368315,-1.0762164252892725,-1.0795642946182926,-1.082893538673852,-1.086204008763142,-1.089495555141877,-1.0927680270055355,-1.0960212724805443,-1.0992551386154072,-1.1024694713717826,-1.1056641156155058,-1.1088389151075586,-1.1119937124949884,-1.1151283493017725,-1.118242665919635,-1.121336501598811,-1.1244096944387634,-1.127462081378847,-1.130493498188931,-1.1335037794599692,-1.1364927585945264,-1.1394602677972598,-1.1424061380653567,-1.1453301991789286,-1.148232279691364,-1.1511122069196418,-1.1539698069346032,-1.156804904551189,-1.1596173233186382,-1.162406885510653,-1.16517341211553,-1.16791672282626,-1.1706366360305984,-1.173332968801107,-1.1760055368851698,-1.1786541546949851,-1.1812786352975346,-1.1838787904045331,-1.1864544303623614,-1.1890053641419813,-1.1915313993288408,-1.1940323421127672,-1.1965079972778525,-1.1989581681923347,-1.201382656798477,-1.2037812636024476,-1.2061537876642034,-1.2085000265873824,-1.2108197765092064,-1.2131128320903966,-1.2153789865051108,-1.217618031430899,-1.2198297570386871,-1.2220139519827882,-1.2241704033909526,-1.2262988968544515,-1.2283992164182076,-1.230471144570973
1,1.007995741396988,1.0159401876588623,1.023833347208092,1.0316752339187165,1.0394658669757477,1.0472052707367818,1.054893474595822,1.0625305128493232,1.0701164245644597,1.0776512534496192,1.0851350477271207,1.0925678600081539,1.0999497471699353,1.1072807702350749,1.1145609942531418,1.121790488184423,1.1289693247858605,1.1360975804991549,1.1431753353410183,1.1502026727955652,1.1571796797088207,1.1641064461853274,1.1709830654868363,1.1778096339330548,1.184586250804437,1.1913130182469895,1.1979900411790763,1.2046174272001882,1.211195286501668,1.217723731779352,1.2242028781481133,1.230632843058277,1.2370137462138795,1.2433457094927496,1.2496288568683838,1.2558633143335833,1.2620492098258362,1.2681866731544065,1.274275835929108,1.2803168314907367,1.2863097948431301,1.2922548625868282,1.2981521728543084,1.3040018652467664,1.3098040807724167,1.315558961786284,1.321266651931459,1.3269272960817955,1.3325410402860147,1.3381080317131997,1.343628418599647,1.3491023501970536,1.354529976722013,1.359911449306795,1.3652469199513868,1.3705365414767672,1.3757804674793934,1.3809788522868751,1.386131850914812,1.3912396190247727,1.396302312883391,1.401320089322557,1.4062931057006813,1.411221519865007,1.4161054901149537,1.420945175166463,1.4257407341173327,1.4304923264135125,1.4352001118163424,1.4398642503707124,1.4444849023741235,1.44906222834663,1.4535963890016426,1.4580875452175746,1.4625358580103065,1.4669414885064587,1.4713045979174453,1.475625347514297,1.4799038986032307,1.4841404125019513,1.4883350505166666,1.4924879739197991,1.4965993439283782,1.5006693216830957,1.5046980682280098,1.508685744490881,1.5126325112641243,1.516538529186366,1.520403958724584,1.5242289601568233,1.5280136935554716,1.5317583187710755,1.535462995416693,1.5391278828527613,1.542753140172472,1.5463389261876372,1.5498853994150383,1.5533927180632405,1.5568610400198664,1.5602905228393127,1.5636813237309022,1.5670335995474565,1.570347506774282,1.5736232015185565,1.5768608394991068,1.5800605760365667,1.5832225660439072,1.5863469640173253,1.5894339240274884,1.5924835997111169,1.595496144262904,1.5984717104277597,1.6014104504933677,1.6043125162830547,1.6071780591489566,1.6100072299654764,1.612800179123027,1.6155570565220487,1.6182780115672961,1.620963193162387,1.6236127497046033,1.6262268290799426,1.6288055786584068,1.6313491452895268,1.6338576752981142,1.6363313144802338,1.6387702080993911,1.6411745008829293,1.6435443370186287,1.6458798601515034,1.6481812133807918,1.65044853925713,1.6526819797799097,1.6548816763948102,1.6570477699915007,1.659180400901511,1.6612797088962603,1.6633458331852449,1.6653789124143756,1.6673790846644654,1.6693464874498571,1.6712812577171923,1.6731835318443122,1.6750534456392934,1.6768911343396062,1.6786967326113984,1.6804703745488976,1.6822121936739287,1.6839223229355438,1.6856008947097612,1.6872480407994086,1.6888638924340695,1.690448580270127,1.6920022343909047,1.6935249843068987,1.6950169589561004,1.6964782867044064,1.6979090953461107,1.6993095121044808,1.700679663632409,1.7020196760131439,1.703329674761091,1.7046097848226887,1.7058601305773489,1.7070808358384677,1.7082720238544966,1.7094338173100792,1.7105663383272443,1.7116697084666592,1.7127440487289374,1.7137894795559996,1.7148061208324876,1.7157940918872274,1.7167535114947396,1.7176844978767976,1.7185871687040284,1.7194616410975592,1.720308031630701,1.7211264563306752,1.721917030680378,1.722679869620178,1.7234150875497543,1.7241227983299632,1.7248031152847405,1.7254561512030326,1.726082018340759,1.726680828422802,1.7272526926450238,1.7277977216763092,1.7283160256606342,1.728807714219157,1.7292728964523307,1.729711680942041,1.7301241757537595,1.7305104884387204,1.730870726036113,1.7312049950752928,1.7315134015780087,1.7317960510606472,1.7320530485364873,1.732284498517975,1.7324905050190056,1.732671171557222,1.7328266011563227,1.7329568963483792,1.733062159176168,1.7331424911955051,1.733197993477596,1.733228766611388,1.7332349107059335,1.733216525392758,1.7331737098282347,1.733106562695964,1.7330151822091588,1.7328996661130334,1.732760111687196,1.732596615748045,1.7324092746511675,1.7321981842937397,1.7319634401169313,1.731705137108307,1.7314233698042327,1.7311182322922802,1.730789818213633,1.73043822076549,1.73006353270347,1.7296658463440138,1.729245253566786,1.728801845817074,1.7283357141081848,1.7278469490238395,1.7273356407205644,1.7268018789300796,1.7262457529616837,1.7256673517046346,1.7250667636305257,1.7244440767956601,1.7237993788434163,1.7231327570066128,1.7224442981098655,1.7217340885719403,1.7210022144080992,1.7202487612324435,1.7194738142602475,1.7186774583102875,1.7178597778071663,1.7170208567836271,1.716160778882865,1.7152796273608275,1.7143774850885123,1.7134544345542535,1.7125105578660038,1.7115459367536074,1.7105606525710664,1.7095547862987976,1.7085284185458838,1.7074816295523152,1.7064144991912238,1.7053271069711085,1.7042195320380524,1.7030918531779333,1.7019441488186218,1.7007764970321744,1.699588975537016,1.6983816617001142,1.6971546325391451,1.6959079647246489,1.694641734582178,1.693356018094435,1.6920508909034013,1.6907264283124586,1.6893827052884978,1.6880197964640218,1.6866377761392375,1.6852367182841375,1.683816696540574,1.682377784224324,1.6809200543271408,1.6794435795188019,1.677948432149142,1.67643468425008,1.6749024075376344,1.673351673413931,1.6717825529691985,1.6701951169837568,1.6685894359299933,1.6669655799743326,1.665323618979194,1.66366362250494,1.661985659811815,1.660289799861876,1.6585761113209099,1.6568446625603461,1.6550955216591545,1.6533287564057382,1.6515444342998127,1.6497426225542784,1.6479233880970816,1.6460867975730673,1.6442329173458214,1.642361813499504,1.6404735518406717,1.6385681979000932,1.6366458169345524,1.6347064739286428,1.6327502335965542,1.6307771603838486,1.628787318469225,1.6267807717662779,1.6247575839252446,1.6227178183347442,1.6206615381235057,1.618588806162088,1.6164996850645907,1.6143942371903552,1.6122725246456575,1.6101346092853897,1.6079805527147357,1.605810416290834,1.603624261124435,1.6014221480815471,1.5992041377850745,1.596970290616446,1.5947206667172344,1.5924553259907692,1.5901743281037362,1.587877732487774,1.5855655983410561,1.583237984629869,1.5808949500901783,1.5785365532291875,1.5761628523268894,1.5737739054376068,1.5713697703915255,1.5689505047962202,1.5665161660381697,1.5640668112842662,1.5616024974833136,1.5591232813675204,1.5566292194539821,1.5541203680461568,1.551596783235332,1.549058520902083,1.5465056367177255,1.5439381861457555,1.5413562244432881,1.5387598066624815,1.5361489876519574,1.5335238220582126,1.5308843643270227,1.5282306687048377,1.5255627892401704,1.5228807797849775,1.5201846939960324,1.5174745853362912,1.514750507076251,1.5120125122952994,1.5092606538830597,1.5064949845407263,1.5037155567823925,1.500922422936374,1.4981156351465215,1.4952952453735286,1.492461305396233,1.4896138668129077,1.4867529810425495,1.4838786993261548,1.4809910727279962,1.4780901521368848,1.4751759882674298,1.4722486316612908,1.4693081326884225,1.4663545415483137,1.4633879082712191,1.4604082827193845,1.457415714588266,1.454410253407743,1.4513919485433229,1.4483608491973416,1.4453170044101573,1.4422604630613365,1.4391912738708361,1.4361094854001768,1.4330151460536127,1.4299083040792937,1.426789007570422,1.4236573044664016,1.4205132425539846,1.4173568694684087,1.4141882326945305,1.4110073795679525,1.407814357276145,1.4046092128595609,1.4013919932127463,1.3981627450854446,1.3949215150836958,1.3916683496709303,1.3884032951690557,1.3851263977595405,1.3818377034844904,1.378537258247721,1.375225107815824,1.3719012978192289,1.3685658737532589,1.365218880979183,1.3618603647252605,1.3584903700877835,1.3551089420321127,1.3517161253937078,1.3483119648791544,1.3448965050671855,1.341469790409698,1.3380318652327643,1.3345827737376397,1.3311225600017649,1.3276512679797634,1.324168941504436,1.3206756242877484,1.3171713599218156,1.3136561918798817,1.3101301635172966,1.3065933180724851,1.3030456986679153,1.2994873483110594,1.2959183098953537,1.2923386262011511,1.2887483398966724,1.2851474935389504,1.2815361295747736,1.2779142903416216,1.274282018068601,1.270639354877373,1.2669863427830812,1.263323023695272,1.2596494394188138,1.2559656316548102,1.2522716420015119,1.2485675119552224,1.2448532829112022,1.2411289961645673,1.2373946929111856,1.2336504142485696,1.2298962011767653,1.226132094599237,1.2223581353237496,1.2185743640632474,1.2147808214367284,1.2109775479701177,1.2071645840971343,1.2033419701601575,1.1995097464110893,1.1956679530122114,1.1918166300370436,1.187955817471194,1.1840855552132108,1.1802058830754267,1.176316840784804,1.1724184679837748,1.168510804231078,1.1645938890025949,1.1606677616921808,1.1567324616124943,1.1527880279958231,1.1488344999949078,1.1448719166837635,1.1409003170584964,1.136919740038121,1.132930224465372,1.1289318091075151,1.1249245326571553,1.1209084337330406,1.1168835508808672,1.1128499225740778,1.1088075872146614,1.1047565831339476,1.100696948593401,1.0966287217854125,1.0925519408340862,1.0884666437960289,1.0843728686611322,1.0802706533533564,1.076160035731509,1.0720410535900247,1.06791374465974,1.0637781466086682,1.0596342970427708,1.0554822335067278,1.0513219934847065,1.0471536144011266,1.0429771336214264,1.0387925884528237,1.034600016145078,1.0303994538912489,1.0261909388284542,1.0219745080386256,1.0177501985492623,1.013518047334184,1.0092780913142818,1.0050303673582675,1.000774912283422,0.996511762856341,0.9922409557936807,0.987962527762901,0.983676515383008,0.9793829552252948,0.9750818838140808,0.9707733376274504,0.9664573530979901,0.9621339666135241,0.957803214517849,0.9534651331114679,0.9491197586523216,0.9447671273565215,0.9404072753990788,0.9360402389146344,0.9316660539981867,0.9272847567058196,0.9228963830554284,0.9185009690274458,0.9140985505655667,0.9096891635774713,0.9052728439355496,0.9008496274776226,0.8964195500076646,0.8919826472965238,0.8875389550826432,0.8830885090727802,0.878631344942725,0.87416749833802,0.8696970048746778,0.8652199001398984,0.8607362196927864,0.856245999065068,0.8517492737618074,0.8472460792621221,0.8427364510198991,0.8382204244645102,0.8336980350015266,0.8291693180134346,0.8246343088603496,0.8200930428807308,0.8155455553920956,0.810991881691734,0.8064320570574227,0.8018661167481391,0.7972940960047763,0.7927160300508562,0.7881319540932448,0.7835419033228661,0.7789459129154169,0.7743440180320815,0.7697362538202465,0.7651226554142162,0.7605032579359279,0.7558780964956677,0.7512472061927871,0.7466106221164183,0.7419683793461923,0.7373205129529558,0.7326670579994886,0.7280080495412227,0.7233435226269606,0.7186735122995949,0.7139980535968284,0.7093171815518949,0.7046309311942802,0.6999393375504447,0.6952424356445459,0.6905402604991624,0.6858328471360178,0.6811202305767067,0.6764024458434202,0.671679527959674,0.6669515119510353,0.662218432845853,0.6574803256759871,0.6527372254775402,0.64798916729159,0.6432361861649221,0.6384783171507654,0.6337155953095275,0.6289480557095318,0.6241757334277559,0.6193986635505716,0.6146168811744853,0.6098304214068813,0.6050393193667648,0.600243610185508,0.5954433290075966,0.5906385109913782,0.5858291913098125,0.5810154051512225,0.5761971877200484,0.5713745742376019,0.5665475999428234,0.5617163000930405,0.5568807099647277,0.5520408648542692,0.5471968000787226,0.5423485509765852,0.5374961529085612,0.5326396412583329,0.5277790514333311,0.5229144188655107,0.5180457790121261,0.5131731673565095,0.508296619408852,0.5034161707069861,0.498531856817171,0.49364371333487994,0.4887517758855902,0.4838560801255754,0.47895666174270013,0.47405355645721703,0.46914680002256703,0.4642364282261812,0.45932247689028627,0.4544049818727118,0.449483979067701,0.44455950440672354,0.43963159385929185,0.43470028343377964,0.42976560917824386,0.42482760718124907,0.4198863135726953,0.4149417645246486,0.40999399625217486,0.4050430450141766,0.4000889471142331,0.3951317389014434,0.3901714567712731,0.3852081371664041,0.3802418165775877,0.37527253154450113,0.37030031865660784,0.3653252145540207,0.3603472559283694,0.35536647952367073,0.35038292213720346,0.3453966206203859,0.34040761187965785,0.3354159328773664,0.330421620632655,0.32542471222235697,0.3204252447818929,0.3154232555061717,0.3104187816504962,0.30541186053147246,0.30040252952792357,0.2953908260818073,0.2903767876991384,0.28536045195091486,0.2803418564740491,0.27532103897230276,0.270298037217227,0.2652728890491064,0.2602456323779081,0.2552163051842352,0.25018494552028553,0.245151591510814,0.24011628135410126,0.2350790533229261,0.23003994576554337,0.22499899710666674,0.21995624584845655,0.21491173057151294,0.2098654899358739,0.20481756268201884,0.1997679876318774,0.19471680368984348,0.18966404984379515,0.1846097651661194,0.17955398881474324,0.17449676003416983,0.16943811815652055,0.16437810260258298,0.15931675288286454,0.15425410859865193,0.14919020944307693,0.14412509520218778,0.1390588057560271,0.13399138107971575,0.1289228612445429,0.1238532864190626,0.11878269687019664,0.11371113296434393,0.10863863516849633,0.10356524405136121,0.09849100028449062,0.09341594464341726,0.08834011800879722,0.08326356136755976,0.07818631581406399,0.07310842255126257,0.0680299228918727,0.06295085825955422,0.057871270190095074,0.05279120033260408,0.04771069045071129,0.042629782423775756,0.03754851824810106,0.032466940038158434,0.027385090027817773,0.02230301057158646,0.017220744145856205,0.012138333350157904,0.007055820908424647,0.001973249670262964,-0.0031093373877676285,-0.008191897160866676,-0.013274386414696332,-0.01835676178407632,-0.023438979771670226,-0.028520996746663016,-0.03360276894342969,-0.03868425246019496,-0.04376540325768392,-0.048846177157763536,-0.05392652984207487,-0.059006416850656024,-0.06408579358055555,-0.06916461528443643,-0.07424283706917027,-0.07932041389442195,-0.08439730057122415,-0.08947345176054224,-0.09454882197182889,-0.09962336556156855,-0.10469703673181176,-0.109769789528699,-0.1148415778409741,-0.11991235539848702,-0.12498207577068596,-0.13005069236509867,-0.13511815842580271,-0.140184427031885,-0.14524945109588963,-0.1503131833622551,-0.15537557640573962,-0.16043658262983518,-0.16549615426516992,-0.1705542433678987,-0.17561080181808203,-0.18066578131805267,-0.18571913339077034,-0.19077080937816424,-0.19582076043946298,-0.2008689375495123,-0.20591529149707993,-0.2109597728831478,-0.2160023321191914,-0.22104291942544615,-0.2260814848291604,-0.2311179781628356,-0.2361523490624525,-0.2411845469656843,-0.24621452111009573,-0.25124222053132855,-0.256267594061273,-0.2612905903262249,-0.26631115774502934,-0.27132924452720836,-0.2763447986710759,-0.2813577679618369,-0.28636809996967194,-0.29137574204780653,-0.29638064133056596,-0.301382744731414,-0.30638199894097706,-0.3113783504250515,-0.31637174542259666,-0.32136212994371066,-0.32634944976759084,-0.33133365044047774,-0.33631467727358255,-0.3412924753409982,-0.3462669894775934,-0.3512381642768901,-0.3562059440889235,-0.3611702730180851,-0.3661310949209482,-0.37108835340407553,-0.37604199182180964,-0.3809919532740447,-0.38593818060398066,-0.3908806163958585,-0.3958192029726779,-0.400753882393895,-0.40568459645310206,-0.4106112866756883,-0.4155338943164803,-0.42045236035736416,-0.4253666255048874,-0.43027663018784096,-0.43518231455482137,-0.4400836184717727,-0.4449804815195077,-0.44987284299120867,-0.4547606418899073,-0.45964381692594336,-0.46452230651440235,-0.4693960487725313,-0.4742649815171333,-0.4791290422619396,-0.4839881682149601,-0.488842296275811,-0.49369136303302036,-0.49853530476131036,-0.503374057418857,-0.5082075566445261,-0.5130357377550863,-0.5178585357423976,-0.5226758852705773,-0.5274877206731401,-0.532293975950115,-0.5370945847651369,-0.5418894804425141,-0.5466785959642693,-0.5514618639671568,-0.5562392167396526,-0.5610105862189201,-0.565775903987748,-0.5705351012714638,-0.5752881089348182,-0.5800348574788454,-0.5847752770376938,-0.5895092973754308,-0.5942368478828192,-0.5989578575740659,-0.6036722550835428,-0.6083799686624779,-0.6130809261756195,-0.6177750550978696,-0.6224622825108892,-0.6271425350996737,-0.6318157391490977,-0.6364818205404313,-0.6411407047478243,-0.64579231683476,-0.6504365814504792,-0.6550734228263715,-0.6597027647723354,-0.664324530673107,-0.6689386434845563,-0.6735450257299502,-0.678143599496184,-0.682734286429979,-0.687317007734047,-0.6918916841632208,-0.6964582360205511,-0.701016583153369,-0.7055666449493135,-0.7101083403323244,-0.7146415877585998,-0.7191663052125181,-0.7236824102025246,-0.72818981975698,-0.7326884504199755,-0.7371782182471076,-0.7416590388012183,-0.7461308271480965,-0.7505934978521419,-0.7550469649719906,-0.7594911420561026,-0.7639259421383094,-0.768351277733324,-0.7727670608322097,-0.7771732028978102,-0.7815696148601391,-0.7859562071117291,-0.7903328895029395,-0.7946995713372235,-0.7990561613663536,-0.8034025677856048,-0.8077386982288957,-0.8120644597638871,-0.8163797588870373,-0.8206845015186153,-0.8249785929976684,-0.8292619380769473,-0.8335344409177863,-0.8377960050849392,-0.8420465335413699,-0.8462859286429972,-0.8505140921333946,-0.8547309251384436,-0.8589363281609415,-0.8631302010751599,-0.8673124431213599,-0.8714829529002566,-0.8756416283674369,-0.8797883668277301,-0.8839230649295284,-0.8880456186590604,-0.892155923334613,-0.8962538736007067,-0.9003393634222189,-0.9044122860784579,-0.9084725341571869,-0.9125199995485958,-0.9165545734392235,-0.920576146305828,-0.924584607909204,-0.928579847287951,-0.932561752752185,-0.936530211877202,-0.9404851114970849,-0.9444263376982598,-0.9483537758129966,-0.9522673104128576,-0.9561668253020909,-0.9600522035109699,-0.9639233272890781,-0.9677800780985392,-0.9716223366071913,-0.9754499826817071,-0.9792628953806573,-0.9830609529475188,-0.9868440328036268,-0.9906120115410704,-0.9943647649155322,-0.998102167839071,-1.001824094372848,-1.0055304177197955,-1.0092210102172292,-1.0128957433294026,-1.0165544876400052,-1.020197112844601,-1.023823487743013,-1.0274334802316454,-1.0310269572957529,-1.034603785001649,-1.0381638284888568,-1.0417069519622042,-1.0452330186838592,-1.0487418909653075,-1.052233430159273,-1.055707496651582,-1.0591639498529661,-1.0626026481908115,-1.0660234491008491,-1.0694262090187865,-1.072810783371886,-1.0761770265704826,-1.0795247919994468,-1.082853932009592,-1.086164297909024,-1.0894557399544362,-1.0927281073423492,-1.0959812482002955,-1.0992150095779485,-1.1024292374381994,-1.10562377664818,-1.1087984709702303,-1.1119531630528174,-1.1150876944213997,-1.1182019054692405,-1.1212956354481718,-1.1243687224593089,-1.1274210034437138,-1.1304523141730123,-1.1334624892399647,-1.1364513620489878,-1.1394187648066336,-1.1423645285120239,-1.1452884829472398,-1.1481904566676722,-1.15107027699233,-1.153927769994109,-1.1567627604900232,-1.1595750720314004,-1.1623645268940412,-1.165130946068346,-1.1678741492494105,-1.1705939548270894,-1.1732901798760342,-1.1759626401457037,-1.1786111500503502,-1.1812355226589841,-1.183835569685319,-1.1864111014776972,-1.1889619270090026,-1.191487853866559,-1.1939886882420183,-1.1964642349212427,-1.1989142972741798,-1.2013386772447394,-1.203737175340667,-1.2061095906234263,-1.208455720698086,-1.2107753617032198,-1.2130683083008198,-1.2153343536662302,-1.2175732894781002,-1.2197849059083663,-1.2219689916122627,-1.2241253337183677,-1.2262537178186887,-1.22835392795879,-1.230425746627972
1,0.9919530972473191,0.9838557146542354,0.9757086639626833,0.9675127494193301,0.9592687677652306,0.9509775082291524,0.9426397525244299,0.9342562748492126,0.9258278418899702,0.9173552128281259,0.9088391393496887,0.9002803656577599,0.891679628487792,0.883037657125482,0.8743551734271809,0.8656328918427111,0.8568715194404769,0.8480717559347668,0.8392342937151386,0.8303598178777915,0.8214490062588238,0.8125025294692837,0.8035210509319187,0.7945052269195366,0.7854557065948896,0.7763731320519989,0.7672581383588365,0.7581113536012885,0.7489333989283198,0.7397248885982695,0.7304864300262037,0.721218623832258,0.711922063890901,0.7025973373810567,0.6932450248370213,0.6838657002001168,0.6744599308710197,0.6650282777627128,0.6555712953540042,0.6460895317435617,0.636583528704413,0.6270538217388653,0.6175009401337936,0.6079254070162614,0.5983277394094237,0.5887084482886763,0.5790680386380125,0.5694070095065481,0.5597258540651828,0.5500250596633607,0.5403051078859005,0.5305664746098647,0.5208096300614377,0.5110350388727855,0.501243160138872,0.49143444747420517,0.4816093490694898,0.47176830774816564,0.46191176102280695,0.45204014115136515,0.4421538751932334,0.4322533850651156,0.422339087596682,0.41241139458599324,0.4024707128546794,0.39251744430285584,0.38255198596376366,0.3725747300581196,0.36258606404816357,0.3525863706913906,0.3425760280939554,0.3325554097637398,0.32252488466307183,0.3124848172610863,0.30243556758571916,0.2923774912753265,0.28231093962991977,0.27223625966201087,0.2621537941470598,0.2520638816735187,0.24196685669246662,0.2318630495668301,0.22175278662018397,0.21163639018512906,0.20151417865124222,0.19138646651259564,0.1812535644148423,0.17111577920186483,0.16097341396198542,0.1508267680737351,0.1406761372511808,0.13052181358880838,0.1203640856059613,0.11020323829083394,0.10003955314401895,0.0898733082216089,0.079704778177852,0.06953423430736243,0.05936194458688541,0.049188173716618426,0.03901318316108896,0.028837231189590144,0.018660572916175705,0.008483460339215543,-0.0016938576194862958,-0.011871135076009506,-0.022048129146069288,-0.03222459990719991,-0.04240031036136791,-0.052575026398012537,-0.06274851675751104,-0.07292055299506627,-0.08309090944501392,-0.0932593631855467,-0.10342569400385261,-0.11358968436166447,-0.12375111936121759,-0.13390978671161274,-0.14406547669558123,-0.1542179821366487,-0.1643670983666951,-0.1745126231939065,-0.1846543568711166,-0.19479210206453368,-0.20492566382285013,-0.21505484954673076,-0.22517946895867694,-0.23529933407326245,-0.24541425916773807,-0.25552406075300105,-0.2656285575449262,-0.2757275704360547,-0.2858209224676375,-0.2959084388020292,-0.30598994669542934,-0.316065275470967,-0.32613425649212596,-0.3361967231365053,-0.34625251076991403,-0.35630145672079394,-0.3663434002549685,-0.3763781825507138,-0.3864056466741482,-0.3964256375549363,-0.4064380019623053,-0.4164425884813679,-0.42643924748975104,-0.43642783113452444,-0.44640819330942677,-0.4563801896323859,-0.46634367742332955,-0.47629851568228265,-0.4862445650677488,-0.49618168787537176,-0.5061097480168735,-0.5160286109992661,-0.5259381439043342,-0.5358382153683835,-0.5457286955622536,-0.5556094561715904,-0.5654803703773778,-0.5753413128367196,-0.585192159663877,-0.5950327884115492,-0.6048630780524017,-0.6146829089608351,-0.6244921628949919,-0.634290722978999,-0.6440784736854437,-0.6538553008180771,-0.6636210914947456,-0.6733757341305456,-0.6831191184211985,-0.6928511353266447,-0.7025716770548504,-0.7122806370458296,-0.7219779099558735,-0.7316633916419873,-0.7413369791465313,-0.7509985706820622,-0.7606480656163754,-0.7702853644577414,-0.7799103688403364,-0.7895229815098637,-0.7991231063093646,-0.8087106481652133,-0.8182855130732977,-0.8278476080853785,-0.8373968412956295,-0.8469331218273526,-0.8564563598198675,-0.8659664664155717,-0.875463353747172,-0.8849469349250805,-0.894417124024977,-0.903873836075534,-0.9133169870463004,-0.9227464938357457,-0.9321622742594584,-0.9415642470384993,-0.9509523317879063,-0.9603264490053496,-0.9696865200599335,-0.9790324671811456,-0.9883642134479483,-0.9976816827780133,-1.0069847999170953,-1.0162734904285444,-1.0255476806829535,-1.0348072978479423,-1.0440522698780703,-1.0532825255048843,-1.0624979942270922,-1.0716986063008649,-1.0808842927302629,-1.0900549852577883,-1.099210616355057,-1.1083511192135922,-1.1174764277357356,-1.1265864765256783,-1.1356812008806036,-1.1447605367819467,-1.1538244208867643,-1.162872790519218,-1.171905583662164,-1.1809227389488526,-1.1899241956547337,-1.1989098936893658,-1.2078797735884315,-1.2168337765058508,-1.225771844206,-1.2346939190560249,-1.2435999440182568,-1.2524898626427203,-1.261363619059741,-1.2702211579726432,-1.2790624246505429,-1.2878873649212308,-1.2966959251641474,-1.305488052303444,-1.3142636938011345,-1.323022797650332,-1.3317653123685707,-1.340491186991213,-1.3492003710649398,-1.357892814641321,-1.366568468270468,-1.3752272829947667,-1.383869210342688,-1.3924942023226754,-1.40110221141711,-1.4096931905763528,-1.4182670932128558,-1.4268238731953538,-1.4353634848431225,-1.4438858829203123,-1.4523910226303494,-1.4608788596104092,-1.4693493499259564,-1.4778024500653535,-1.4862381169345353,-1.4946563078517512,-1.5030569805423704,-1.511440093133751,-1.5198056041501746,-1.528153472507842,-1.5364836575099285,-1.5447961188417036,-1.5530908165657078,-1.561367711116989,-1.569626763298399,-1.5778679342759434,-1.586091185574194,-1.5942964790717509,-1.6024837769967657,-1.6106530419225134,-1.6188042367630238,-1.6269373247687613,-1.635052269522359,-1.6431490349344051,-1.6512275852392782,-1.6592878849910346,-1.6673298990593448,-1.6753535926254772,-1.6833589311783337,-1.6913458805105284,-1.6993144067145172,-1.707264476178771,-1.715196055583997,-1.7231091118994024,-1.7310036123790051,-1.7388795245579876,-1.746736816249092,-1.7545754555390625,-1.762395410785126,-1.770196650611515,-1.777979143906034,-1.7857428598166638,-1.7934877677482066,-1.8012138373589721,-1.8089210385574996,-1.8166093414993219,-1.824278716583764,-1.8319291344507826,-1.8395605659778391,-1.847172982276812,-1.854766354690943,-1.8623406547918209,-1.869895854376398,-1.877431925464044,-1.884948840293631,-1.8924465713206549,-1.8999250912143886,-1.9073843728550686,-1.9148243893311123,-1.9222451139363717,-1.9296465201674127,-1.9370285817208304,-1.9443912724905925,-1.9517345665654153,-1.9590584382261664,-1.9663628619432998,-1.9736478123743195,-1.9809132643612715,-1.9881591929282638,-1.9953855732790164,-2.0025923807944364,-2.009779591030222,-2.016947179714495,-2.024095122745455,-2.0312233961890667,-2.038331976276767,-2.045420839403201,-2.0524899621239845,-2.0595393211534865,-2.0665688933626427,-2.0735786557767875,-2.080568585573515,-2.08753866008056,-2.0944888567737046,-2.101419153274708,-2.1083295273492557,-2.1152199569049372,-2.122090419989241,-2.128940894787574,-2.1357713596213,-2.142581792945804,-2.1493721733485747,-2.1561424795473068,-2.162892690388027,-2.169622784843238,-2.176332742010083,-2.1830225411085324,-2.1896921614795866,-2.1963415825834995,-2.2029707839980217,-2.2095797454166624,-2.2161684466469693,-2.222736867608828,-2.2292849883327777,-2.235812788958346,-2.2423202497324026,-2.2488073510075277,-2.255274073240401,-2.2617203969902024,-2.268146302917037,-2.2745517717803705,-2.2809367844374835,-2.2873013218419413,-2.293645365042082,-2.299968895179516,-2.3062718934876445,-2.3125543412901925,-2.318816219999757,-2.325057511116371,-2.33127819622608,-2.337478256999534,-2.3436576751905966,-2.3498164326349653,-2.3559545112488074,-2.362071893027407,-2.368168560043832,-2.3742444944476064,-2.3802996784634045,-2.38633409438975,-2.3923477245977343,-2.398340551529746,-2.4043125576982125,-2.4102637256843535,-2.4161940381369496,-2.422103477771119,-2.42799202736711,-2.433859669769106,-2.439706387884037,-2.445532164680409,-2.4513369831871397,-2.457120826492411,-2.462883677742528,-2.4686255201407907,-2.4743463369463767,-2.4800461114732375,-2.4857248270889984,-2.4913824672138767,-2.497019015319606,-2.502634454928372,-2.508228769611758,-2.5138019429897014,-2.5193539587294578,-2.5248848005445788,-2.5303944521938964,-2.535882897480516,-2.5413501202508253,-2.546796104393502,-2.5522208338385415,-2.557624292556286,-2.563006464556467,-2.568367333887255,-2.5737068846343165,-2.5790251009198837,-2.5843219669018294,-2.58959746677275,-2.594851584759062,-2.600084305120097,-2.605295612147218,-2.6104854901629317,-2.615653923520015,-2.6208008966006493,-2.6259263938155586,-2.6310303996031625,-2.6361128984287285,-2.641173874783538,-2.646213313184055,-2.6512311981711085,-2.6562275143090748,-2.661202246185072,-2.6661553784081597,-2.671086895608546,-2.6759967824368003,-2.6808850235630763,-2.6857516036763385,-2.6905965074835945,-2.6954197197091374,-2.700221225093794,-2.7050010083941762,-2.7097590543819425,-2.714495347843064,-2.7192098735770958,-2.7239026163964573,-2.7285735611257156,-2.733222692600876,-2.7378499956686797,-2.742455455185905,-2.747039056018677,-2.751600783041778,-2.7561406211379715,-2.760658555197324,-2.765154570116536,-2.7696286507982797,-2.7740807821505378,-2.7785109490859523,-2.782919136521174,-2.7873053293762227,-2.7916695125738453,-2.796011671038887,-2.800331789697661,-2.804629853477326,-2.808905847305269,-2.8131597561084902,-2.8173915648129975,-2.8216012583431995,-2.8257888216213085,-2.8299542395667445,-2.8340974970955477,-2.838218579119789,-2.842317470546992,-2.8463941562795565,-2.8504486212141833,-2.8544808502413077,-2.8584908282445354,-2.8624785401000836,-2.8664439706762237,-2.87038710483273,-2.874307927420333,-2.878206423280174,-2.8820825772432683,-2.885936374129966,-2.889767798749423,-2.8935768358990686,-2.8973634703640854,-2.9011276869168867,-2.9048694703165983,-2.908588805308546,-2.912285676623746,-2.915960068978397,-2.919611967073378,-2.9232413555937478,-2.9268482192082512,-2.9304325425688225,-2.933994310310099,-2.9375335070489337,-2.9410501173839108,-2.9445441258948675,-2.9480155171424176,-2.951464275667477,-2.954890385990792,-2.958293832612475,-2.9616746000115364,-2.9650326726454264,-2.968368034949574,-2.971680671336933,-2.974970566197528,-2.9782377038980052,-2.9814820687811854,-2.9847036451656184,-2.9879024173451434,-2.991078369588448,-2.9942314861386348,-2.9973617512127833,-3.000469149001523,-3.0035536636686033,-3.006615279350469,-3.0096539801558344,-3.012669750165264,-3.015662573430756,-3.018632433975322,-3.0215793157925783,-3.02450320284633,-3.027404079070168,-3.0302819283670552,-3.0331367346089304,-3.0359684816362997,-3.038777153257841,-3.041562733250005,-3.0443252053566203,-3.0470645532884997,-3.0497807607230505,-3.0524738113038863,-3.055143688640438,-3.0577903763075716,-3.0604138578452043,-3.0630141167579246,-3.0655911365146147,-3.0681449005480714,-3.0706753922546355,-3.0731825949938156,-3.0756664920879215,-3.0781270668216902,-3.0805643024419247,-3.0829781821571256,-3.085368689137129,-3.087735806512746,-3.0900795173754014,-3.0923998047767793,-3.094696651728464,-3.0969700412015877,-3.0992199561264773,-3.1014463793923057,-3.10364929384674,-3.1058286822955976,-3.1079845275024973,-3.1101168121885183,-3.112225519031856,-3.114310630667484,-3.1163721296868117,-3.118409998637349,-3.1204242200223713,-3.1224147763005834,-3.124381649885788,-3.1263248231465552,-3.1282442784058913,-3.130139997940912,-3.132011963982515,-3.133860158715057,-3.1356845642760276,-3.13748516275573,-3.1392619361969563,-3.141014866594673,-3.1427439358957012,-3.1444491259983987,-3.146130418752349,-3.1477877959580445,-3.149421239366576,-3.151030730679322,-3.152616251547639,-3.1541777835725546,-3.1557153083044587,-3.1572288072428027,-3.1587182618357903,-3.16018365348008,-3.1616249635204796,-3.163042173249651,-3.164435263907808,-3.1658042166824214,-3.1671490127079216,-3.168469633065405,-3.169766058782342,-3.1710382708322817,-3.1722862501345657,-3.173509977554035,-3.174709433900745,-3.175884599929676,-3.1770354563404495,-3.1781619837770445,-3.1792641628275122,-3.1803419740236976,-3.181395397840956,-3.1824244146978766,-3.1834290049560026,-3.184409148919556,-3.1853648268351615,-3.186296018891573,-3.1872027052194016,-3.1880848658908416,-3.188942480919403,-3.1897755302596407,-3.1905839938068885,-3.1913678513969916,-3.1921270828060404,-3.1928616677501096,-3.1935715858849933,-3.1942568168059435,-3.194917340047412,-3.19555313508279,-3.1961641813241517,-3.196750458121997,-3.1973119447649982,-3.197848620479745,-3.198360464430493,-3.198847455718913,-3.1993095733838413,-3.1997467964010315,-3.2001591036829065,-3.2005464740783145,-3.200908886372285,-3.201246319285784,-3.201558751475474,-3.2018461615334743,-3.20210852798712,-3.202345829298729,-3.202558043865361,-3.2027451500185866,-3.202907126024254,-3.2030439500822547,-3.2031556003262973,-3.2032420548236753,-3.203303291575042,-3.2033392885141847,-3.2033500235078,-3.2033354743552707,-3.2032956187884465,-3.203230434471421,-3.2031398990003193,-3.203023989903074,-3.2028826846392193,-3.202715960599669,-3.2025237951065115,-3.2023061654127973,-3.20206304870233,-3.201794422089462,-3.2015002626188878,-3.2011805472654418,-3.2008352529338966,-3.200464356458764,-3.2000678346040967,-3.1996456640632926,-3.199197821458901,-3.1987242833424303,-3.1982250261941556,-3.197700026422935,-3.1971492603660185,-3.1965727042888656,-3.195970334384963,-3.195342126775643,-3.1946880575099055,-3.1940081025642435,-3.193302237842466,-3.192570439175526,-3.1918126823213537,-3.191028942964686,-3.190219196716902,-3.1893834191158583,-3.1885215856257316,-3.1876336716368554,-3.186719652465568,-3.185779503354056,-3.184813199470204,-3.1838207159074448,-3.182802027684615,-3.1817571097458095,-3.1806859369602396,-3.1795884841220965,-3.1784647259504135,-3.177314637088935,-3.1761381921059835,-3.174935365494334,-3.173706131671087,-3.1724504649775493,-3.1711683396791135,-3.1698597299651423,-3.1685246099488564,-3.1671629536672232,-3.1657747350808503,-3.1643599280738846,-3.1629185064539085,-3.161450443951845,-3.1599557142218644,-3.158434290841293,-3.156886147310527,-3.1553112570529502,-3.1537095934148525,-3.152081129665356,-3.1504258389963407,-3.1487436945223783,-3.147034669280666,-3.145298736230967,-3.143535868255552,-3.1417460381591478,-3.13992921866889,-3.138085382434275,-3.1362145020271233,-3.1343165499415413,-3.132391498593892,-3.1304393203227647,-3.128459987388957,-3.1264534719754526,-3.124419746187411,-3.122358782052158,-3.120270551519182,-3.1181550264601365,-3.1160121786688455,-3.113841979861316,-3.111644401675754,-3.109419415672587,-3.107166993334491,-3.104887106066425,-3.102579725195668,-3.100244821971864,-3.0978823675670717,-3.0954923330758204,-3.093074689515172,-3.0906294078247907,-3.088156458867013,-3.085655813426932,-3.083127442212484,-3.08057131585454,-3.077987404907005,-3.07537567984693,-3.072736111074619,-3.070068668913756,-3.0673733236115264,-3.064650045338758,-3.0618988041900588,-3.05911957018397,-3.056312313263123,-3.0534770032944016,-3.0506136100691204,-3.047722103303201,-3.0448024526373647,-3.04185462763733,-3.038878597794016,-3.0358743325237607,-3.0328418011685434,-3.0297809729962153,-3.0266918172007453,-3.023574302902465,-3.0204283991483347,-3.0172540749122096,-3.0140512990951205,-3.010820040525563,-3.007560267959798,-3.00427195008216,-3.0009550555053788,-2.9976095527709083,-2.9942354103492703,-2.990832596640406,-2.9874010799740414,-2.9839408286100584,-2.9804518107388884,-2.9769339944819055,-2.973387347891838,-2.9698118389531922,-2.96620743558269,-2.9625741056297126,-2.9589118168767636,-2.9552205370399425,-2.951500233769432,-2.94775087465,-2.9439724272015124,-2.940164858879463,-2.936328137075516,-2.9324622291180638,-2.9285671022727997,-2.9246427237433053,-2.9206890606716516,-2.9167060801390203,-2.912693749166336,-2.9086520347149185,-2.9045809036871466,-2.900480322927144,-2.896350259221481,-2.8921906792998904,-2.8880015498360034,-2.883782837448104,-2.8795345086999005,-2.8752565301013164,-2.8709488681093,-2.8666114891286507,-2.862244359512872,-2.8578474455650342,-2.853420713538667,-2.848964129638667,-2.844477660022228,-2.839961270799792,-2.8354149280360246,-2.8308385977508084,-2.8262322459202625,-2.8215958384777817,-2.8169293413151033,-2.8122327202833937,-2.8075059411943606,-2.8027489698213905,-2.7979617719007113,-2.7931443131325784,-2.78829655918249,-2.783418475682424,-2.778510028232108,-2.773571182400312,-2.7686019037261715,-2.763602157720534,-2.758571909867343,-2.753511125625044,-2.7484197704280238,-2.7432978096880767,-2.738145208795908,-2.732961933122663,-2.7277479480214906,-2.7225032188291394,-2.717227710867586,-2.7119213894457,-2.7065842198609382,-2.701216167401079,-2.6958171973459892,-2.6903872749694306,-2.6849263655408966,-2.6794344343274945,-2.673911446595862,-2.668357367614121,-2.6627721626538747,-2.6571557969922432,-2.6515082359139397,-2.6458294447133883,-2.6401193886968866,-2.634378033184809,-2.628605343513856,-2.6228012850393445,-2.616965823137551,-2.6110989232080937,-2.605200550676364,-2.5992706709960114,-2.593309249651469,-2.587316252160535,-2.5812916440770013,-2.5752353909933374,-2.5691474585434233,-2.563027812405337,-2.5568764183041996,-2.5506932420150688,-2.544478249365897,-2.5382314062405413,-2.531952678581834,-2.5256420323947113,-2.5192994337494063,-2.5129248487846985,-2.5065182437112288,-2.500079584814881,-2.4936088384602217,-2.487105971094012,-2.4805709492487873,-2.474003739546499,-2.467404308702234,-2.4607726235280003,-2.454108650936586,-2.447412357945495,-2.4406837116809514,-2.433922679381988,-2.427129228404606,-2.4203033262260183,-2.413444940448971,-2.4065540388061457,-2.3996305891646514,-2.3926745595305934,-2.3856859180537344,-2.3786646330322405,-2.3716106729175213,-2.3645240063191535,-2.357404602009907,-2.350252428930858,-2.3430674561966023,-2.3358496531005657,-2.3285989891204144,-2.3213154339235667,-2.313998957372809,-2.3066495295320157,-2.2992671206719786,-2.291851701276342,-2.284403242047656,-2.2769217139135307,-2.2694070880329207,-2.261859335802515,-2.2542784288632514,-2.246664339106953,-2.2390170386830865,-2.2313365000056478,-2.2236226957601737,-2.21587559891089,-2.208095182707984,-2.2002814206950205,-2.1924342867164914,-2.184553754925506,-2.176639799791624,-2.1686923961088365,-2.1607115190036916,-2.1526971439435743,-2.144649246745136,-2.136567803582884,-2.1284527909979283,-2.1203041859068885,-2.1121219656109718,-2.103906107805211,-2.0956565905878777,-2.0873733924700724,-2.0790564923854844,-2.0707058697003378,-2.0623215042235197,-2.053903376216894,-2.045451466405808,-2.036965755989789,-2.028446226653442,-2.0198928605775466,-2.011305640450356,-2.0026845494791092,-1.99402957140175,-1.9853406904988629,-1.9766178916058312,-1.9678611601252147,-1.9590704820393572,-1.9502458439232249,-1.941387232957479,-1.9324946369417908,-1.923568044308399,-1.9146074441359155,-1.905612826163385,-1.896584180804601,-1.887521499162685,-1.878424773044931,-1.8692939949779233,-1.8601291582229265,-1.8509302567915626,-1.8416972854617693,-1.83243023979405,-1.8231291161480236,-1.8137939116992714,-1.8044246244564939,-1.7950212532789775,-1.7855837978943816,-1.7761122589168465,-1.766606637865432,-1.75706693718289,-1.7474931602547776,-1.737885311428917,-1.7282433960352082,-1.7185674204058004,-1.7088573918956276,-1.699113318903318,-1.689335210892477,-1.679523078413359,-1.6696769331249275,-1.659796787817313,-1.6498826564346776,-1.6399345540984887,-1.629952497131212,-1.619936503080432,-1.6098865907434028,-1.5998027801920416,-1.589685092798369,-1.5795335512604056,-1.5693481796285311,-1.5591290033323146,-1.5488760492078253,-1.538589345525428,-1.5282689220180758,-1.5179148099101054,-1.5075270419465439,-1.4971056524229371,-1.486650677215706,-1.4761621538130394,-1.4656401213463375,-1.4550846206222048,-1.4444956941550129,-1.4338733862000321

